[
  {
    "flag": 0,
    "hostname": "*.example.com",
    "priority": 0,
    "ttl": 300,
    "type": "A",
    "value": "3.3.3.3",
    "weight": 0
  },
  {
    "flag": 0,
    "hostname": "example.com",
    "priority": 0,
    "ttl": 1000,
    "type": "A",
    "value": "8.8.8.8",
    "weight": 0
  },
  {
    "flag": 0,
    "hostname": "example.com",
    "priority": 0,
    "ttl": 300,
    "type": "A",
    "value": "1.2.3.2",
    "weight": 0
  },
  {
    "flag": 0,
    "hostname": "example.com",
    "priority": 0,
    "ttl": 300,
    "type": "A",
    "value": "1.2.3.4",
    "weight": 0
  },
  {
    "flag": 0,
    "hostname": "example.com",
    "priority": 0,
    "ttl": 300,
    "type": "A",
    "value": "2.2.2.2",
    "weight": 0
  },
  {
    "flag": 0,
    "hostname": "example.com",
    "priority": 0,
    "ttl": 300,
    "type": "A",
    "value": "2.3.4.5",
    "weight": 0
  },
  {
    "flag": 0,
    "hostname": "example.com",
    "priority": 0,
    "ttl": 300,
    "type": "A",
    "value": "4.4.4.4",
    "weight": 0
  },
  {
    "flag": 0,
    "hostname": "example.com",
    "priority": 0,
    "ttl": 300,
    "type": "ALIAS",
    "value": "foo.com.",
    "weight": 0
  },
  {
    "flag": 0,
    "hostname": "example.com",
    "priority": 0,
    "ttl": 300,
    "type": "ALIAS",
    "value": "foo.netlifytest.yesthattom.com.",
    "weight": 0
  },
  {
    "flag": 0,
    "hostname": "example.com",
    "priority": 0,
    "ttl": 300,
    "type": "ALIAS",
    "value": "foo2.com.",
    "weight": 0
  },
  {
    "flag": 0,
    "hostname": "example.com",
    "priority": 0,
    "tag": "issue",
    "ttl": 300,
    "type": "CAA",
    "value": "letsencrypt.org",
    "weight": 0
  },
  {
    "flag": 0,
    "hostname": "example.com",
    "priority": 0,
    "tag": "issue",
    "ttl": 300,
    "type": "CAA",
    "value": "letsencrypt.org; validationmethods=dns-01; accounturi=https://acme-v02.api.letsencrypt.org/acme/acct/1234",
    "weight": 0
  },
  {
    "flag": 0,
    "hostname": "example.com",
    "priority": 0,
    "tag": "issuewild",
    "ttl": 300,
    "type": "CAA",
    "value": ";",
    "weight": 0
  },
  {
    "flag": 0,
    "hostname": "example.com",
    "priority": 0,
    "tag": "issuewild",
    "ttl": 300,
    "type": "CAA",
    "value": "example.com",
    "weight": 0
  },
  {
    "flag": 0,
    "hostname": "example.com",
    "priority": 0,
    "tag": "issuewild",
    "ttl": 300,
    "type": "CAA",
    "value": "letsencrypt.org",
    "weight": 0
  },
  {
    "flag": 128,
    "hostname": "example.com",
    "priority": 0,
    "tag": "issue",
    "ttl": 300,
    "type": "CAA",
    "value": "letsencrypt.org",
    "weight": 0
  },
  {
    "flag": 0,
    "hostname": "example.com",
    "priority": 2,
    "ttl": 300,
    "type": "MX",
    "value": "netlifytest.yesthattom.com.",
    "weight": 0
  },
  {
    "flag": 0,
    "hostname": "example.com",
    "priority": 5,
    "ttl": 300,
    "type": "MX",
    "value": "bar.com.",
    "weight": 0
  },
  {
    "flag": 0,
    "hostname": "example.com",
    "priority": 5,
    "ttl": 300,
    "type": "MX",
    "value": "foo.com.",
    "weight": 0
  },
  {
    "flag": 0,
    "hostname": "example.com",
    "priority": 8,
    "ttl": 300,
    "type": "MX",
    "value": "www.netlifytest.yesthattom.com.",
    "weight": 0
  },
  {
    "flag": 0,
    "hostname": "example.com",
    "priority": 0,
    "ttl": 300,
    "type": "NS",
    "value": "dns1.p09.nsone.net.",
    "weight": 0
  },
  {
    "flag": 0,
    "hostname": "example.com",
    "priority": 0,
    "ttl": 300,
    "type": "NS",
    "value": "dns2.p09.nsone.net.",
    "weight": 0
  },
  {
    "flag": 0,
    "hostname": "example.com",
    "priority": 0,
    "ttl": 300,
    "type": "NS",
    "value": "dns3.p09.nsone.net.",
    "weight": 0
  },
  {
    "flag": 0,
    "hostname": "example.com",
    "priority": 0,
    "ttl": 300,
    "type": "NS",
    "value": "dns4.p09.nsone.net.",
    "weight": 0
  },
  {
    "flag": 0,
    "hostname": "example.com",
    "priority": 0,
    "ttl": 300,
    "type": "NS",
    "value": "ns1.foo.com.",
    "weight": 0
  },
  {
    "flag": 0,
    "hostname": "example.com",
    "priority": 0,
    "ttl": 300,
    "type": "NS",
    "value": "ns2.foo.com.",
    "weight": 0
  },
  {
    "flag": 0,
    "hostname": "example.com",
    "priority": 0,
    "ttl": 300,
    "type": "TXT",
    "value": "asimple",
    "weight": 0
  },
  {
    "flag": 0,
    "hostname": "example.com",
    "priority": 0,
    "ttl": 300,
    "type": "TXT",
    "value": "simple",
    "weight": 0
  },
  {
    "flag": 0,
    "hostname": "example.com",
    "priority": 0,
    "ttl": 500,
    "type": "A",
    "value": "8.8.8.8",
    "weight": 0
  },
  {
    "flag": 0,
    "hostname": "example.com",
    "priority": 0,
    "ttl": 666,
    "type": "A",
    "value": "8.8.8.8",
    "weight": 0
  },
  {
    "flag": 0,
    "hostname": "_sip._tcp.example.com",
    "port": 75,
    "priority": 15,
    "ttl": 300,
    "type": "SRV",
    "value": ".",
    "weight": 65
  },
  {
    "flag": 0,
    "hostname": "_sip._tcp.example.com",
    "port": 75,
    "priority": 15,
    "ttl": 300,
    "type": "SRV",
    "value": "foo3.com.",
    "weight": 65
  },
  {
    "flag": 0,
    "hostname": "_sip._tcp.example.com",
    "port": 75,
    "priority": 15,
    "ttl": 300,
    "type": "SRV",
    "value": "foo4.com.",
    "weight": 65
  },
  {
    "flag": 0,
    "hostname": "_sip._tcp.example.com",
    "port": 7,
    "priority": 5,
    "ttl": 300,
    "type": "SRV",
    "value": "foo.com.",
    "weight": 6
  },
  {
    "flag": 0,
    "hostname": "_sip._tcp.example.com",
    "port": 70,
    "priority": 5,
    "ttl": 300,
    "type": "SRV",
    "value": "foo2.com.",
    "weight": 60
  },
  {
    "flag": 0,
    "hostname": "_sip._tcp.example.com",
    "port": 7,
    "priority": 52,
    "ttl": 300,
    "type": "SRV",
    "value": "foo.com.",
    "weight": 6
  },
  {
    "flag": 0,
    "hostname": "_sip._tcp.example.com",
    "port": 7,
    "priority": 52,
    "ttl": 300,
    "type": "SRV",
    "value": "foo.com.",
    "weight": 62
  },
  {
    "flag": 0,
    "hostname": "_sip._tcp.example.com",
    "port": 72,
    "priority": 52,
    "ttl": 300,
    "type": "SRV",
    "value": "foo.com.",
    "weight": 62
  },
  {
    "flag": 0,
    "hostname": "_sip._tcp.example.com",
    "port": 7,
    "priority": 5,
    "ttl": 333,
    "type": "SRV",
    "value": "foo.com.",
    "weight": 6
  },
  {
    "flag": 0,
    "hostname": "_sip._tcp.example.com",
    "port": 7,
    "priority": 5,
    "ttl": 4400,
    "type": "SRV",
    "value": "foo.com.",
    "weight": 6
  },
  {
    "flag": 0,
    "hostname": "a.example.com",
    "priority": 0,
    "ttl": 300,
    "type": "CNAME",
    "value": "xn--ndaaa.com.",
    "weight": 0
  },
  {
    "flag": 0,
    "hostname": "bar.example.com",
    "priority": 0,
    "ttl": 300,
    "type": "A",
    "value": "1.2.3.4",
    "weight": 0
  },
  {
    "flag": 0,
    "hostname": "bar.example.com",
    "priority": 0,
    "ttl": 300,
    "type": "A",
    "value": "5.5.5.5",
    "weight": 0
  },
  {
    "flag": 0,
    "hostname": "bar.example.com",
    "priority": 0,
    "ttl": 300,
    "type": "CNAME",
    "value": "redact2.acm-validations.aws.",
    "weight": 0
  },
  {
    "flag": 0,
    "hostname": "bar.example.com",
    "priority": 5,
    "ttl": 300,
    "type": "MX",
    "value": "bar.com.",
    "weight": 0
  },
  {
    "flag": 0,
    "hostname": "bar.bat.example.com",
    "priority": 0,
    "ttl": 300,
    "type": "A",
    "value": "5.5.5.5",
    "weight": 0
  },
  {
    "flag": 0,
    "hostname": "decoy.example.com",
    "priority": 0,
    "ttl": 300,
    "type": "A",
    "value": "1.1.1.1",
    "weight": 0
  },
  {
    "flag": 0,
    "hostname": "decoy.example.com",
    "priority": 0,
    "ttl": 300,
    "type": "A",
    "value": "2.2.2.2",
    "weight": 0
  },
  {
    "flag": 0,
    "hostname": "decoy.example.com",
    "priority": 0,
    "ttl": 300,
    "type": "A",
    "value": "3.3.3.3",
    "weight": 0
  },
  {
    "flag": 0,
    "hostname": "dyndns-city1.example.com",
    "priority": 0,
    "ttl": 300,
    "type": "A",
    "value": "91.42.1.1",
    "weight": 0
  },
  {
    "flag": 0,
    "hostname": "dyndns-city1.example.com",
    "priority": 0,
    "ttl": 300,
    "type": "AAAA",
    "value": "2003:dd:d7ff::fe71:ce77",
    "weight": 0
  },
  {
    "flag": 0,
    "hostname": "dyndns-city2.example.com",
    "priority": 0,
    "ttl": 300,
    "type": "A",
    "value": "91.42.1.2",
    "weight": 0
  },
  {
    "flag": 0,
    "hostname": "dyndns-city2.example.com",
    "priority": 0,
    "ttl": 300,
    "type": "AAAA",
    "value": "2003:dd:d7ff::fe71:ce78",
    "weight": 0
  },
  {
    "flag": 0,
    "hostname": "final.example.com",
    "priority": 0,
    "ttl": 300,
    "type": "TXT",
    "value": "TestDNSProviders was successful!",
    "weight": 0
  },
  {
    "flag": 0,
    "hostname": "foo.example.com",
    "priority": 0,
    "ttl": 300,
    "type": "A",
    "value": "1.1.1.1",
    "weight": 0
  },
  {
    "flag": 0,
    "hostname": "foo.example.com",
    "priority": 0,
    "ttl": 300,
    "type": "A",
    "value": "1.2.3.4",
    "weight": 0
  },
  {
    "flag": 0,
    "hostname": "foo.example.com",
    "priority": 0,
    "ttl": 300,
    "type": "A",
    "value": "10.10.10.10",
    "weight": 0
  },
  {
    "flag": 0,
    "hostname": "foo.example.com",
    "priority": 0,
    "ttl": 300,
    "type": "A",
    "value": "11.11.11.11",
    "weight": 0
  },
  {
    "flag": 0,
    "hostname": "foo.example.com",
    "priority": 0,
    "ttl": 300,
    "type": "A",
    "value": "12.12.12.12",
    "weight": 0
  },
  {
    "flag": 0,
    "hostname": "foo.example.com",
    "priority": 0,
    "ttl": 300,
    "type": "A",
    "value": "13.13.13.13",
    "weight": 0
  },
  {
    "flag": 0,
    "hostname": "foo.example.com",
    "priority": 0,
    "ttl": 300,
    "type": "A",
    "value": "14.14.14.14",
    "weight": 0
  },
  {
    "flag": 0,
    "hostname": "foo.example.com",
    "priority": 0,
    "ttl": 300,
    "type": "A",
    "value": "2.3.4.5",
    "weight": 0
  },
  {
    "flag": 0,
    "hostname": "foo.example.com",
    "priority": 0,
    "ttl": 300,
    "type": "A",
    "value": "3.4.5.6",
    "weight": 0
  },
  {
    "flag": 0,
    "hostname": "foo.example.com",
    "priority": 0,
    "ttl": 300,
    "type": "A",
    "value": "4.5.6.7",
    "weight": 0
  },
  {
    "flag": 0,
    "hostname": "foo.example.com",
    "priority": 0,
    "ttl": 300,
    "type": "A",
    "value": "8.8.8.8",
    "weight": 0
  },
  {
    "flag": 0,
    "hostname": "foo.example.com",
    "priority": 0,
    "ttl": 300,
    "type": "AAAA",
    "value": "2003:dd:d7ff::fe71:aaaa",
    "weight": 0
  },
  {
    "flag": 0,
    "hostname": "foo.example.com",
    "priority": 0,
    "ttl": 300,
    "type": "CNAME",
    "value": "google.com.",
    "weight": 0
  },
  {
    "flag": 0,
    "hostname": "foo.example.com",
    "priority": 0,
    "ttl": 300,
    "type": "CNAME",
    "value": "google2.com.",
    "weight": 0
  },
  {
    "flag": 0,
    "hostname": "foo.example.com",
    "priority": 0,
    "ttl": 300,
    "type": "CNAME",
    "value": "netlifytest.yesthattom.com.",
    "weight": 0
  },
  {
    "flag": 0,
    "hostname": "foo.example.com",
    "priority": 0,
    "ttl": 300,
    "type": "CNAME",
    "value": "redact1.acm-validations.aws.",
    "weight": 0
  },
  {
    "flag": 0,
    "hostname": "foo.example.com",
    "priority": 10,
    "ttl": 300,
    "type": "MX",
    "value": "aspmx.l.google.com.",
    "weight": 0
  },
  {
    "flag": 0,
    "hostname": "foo.example.com",
    "priority": 10,
    "ttl": 300,
    "type": "MX",
    "value": "foo.netlifytest.yesthattom.com.",
    "weight": 0
  },
  {
    "flag": 0,
    "hostname": "foo.example.com",
    "priority": 20,
    "ttl": 300,
    "type": "MX",
    "value": "alt1.aspmx.l.google.com.",
    "weight": 0
  },
  {
    "flag": 0,
    "hostname": "foo.example.com",
    "priority": 20,
    "ttl": 300,
    "type": "MX",
    "value": "bar.netlifytest.yesthattom.com.",
    "weight": 0
  },
  {
    "flag": 0,
    "hostname": "foo.example.com",
    "priority": 5,
    "ttl": 300,
    "type": "MX",
    "value": "mx.google.com.",
    "weight": 0
  },
  {
    "flag": 0,
    "hostname": "foo.example.com",
    "priority": 8,
    "ttl": 300,
    "type": "MX",
    "value": "netlifytest.yesthattom.com.",
    "weight": 0
  },
  {
    "flag": 0,
    "hostname": "foo.example.com",
    "priority": 0,
    "ttl": 300,
    "type": "NS",
    "value": "netlifytest.yesthattom.com.",
    "weight": 0
  },
  {
    "flag": 0,
    "hostname": "foo.example.com",
    "priority": 0,
    "ttl": 300,
    "type": "TXT",
    "value": "simple",
    "weight": 0
  },
  {
    "flag": 0,
    "hostname": "foo.example.com",
    "priority": 0,
    "ttl": 300,
    "type": "TXT",
    "value": "v=spf1 ip4:99.99.99.99 -all",
    "weight": 0
  },
  {
    "flag": 0,
    "hostname": "foo.bat.example.com",
    "priority": 0,
    "ttl": 300,
    "type": "A",
    "value": "1.2.3.4",
    "weight": 0
  },
  {
    "flag": 0,
    "hostname": "foo.bat.example.com",
    "priority": 0,
    "ttl": 300,
    "type": "A",
    "value": "2.3.4.5",
    "weight": 0
  },
  {
    "flag": 0,
    "hostname": "foo.bat.example.com",
    "priority": 0,
    "ttl": 300,
    "type": "TXT",
    "value": "simple",
    "weight": 0
  },
  {
    "flag": 0,
    "hostname": "foo254.example.com",
    "priority": 0,
    "ttl": 300,
    "type": "TXT",
    "value": "AAAAAAAAAAAAAAAAAAAAAAAAAAAAAAAAAAAAAAAAAAAAAAAAAAAAAAAAAAAAAAAAAAAAAAAAAAAAAAAAAAAAAAAAAAAAAAAAAAAAAAAAAAAAAAAAAAAAAAAAAAAAAAAAAAAAAAAAAAAAAAAAAAAAAAAAAAAAAAAAAAAAAAAAAAAAAAAAAAAAAAAAAAAAAAAAAAAAAAAAAAAAAAAAAAAAAAAAAAAAAAAAAAAAAAAAAAAAAAAAAAAAAAAAAAAAAA",
    "weight": 0
  },
  {
    "flag": 0,
    "hostname": "foo255.example.com",
    "priority": 0,
    "ttl": 300,
    "type": "TXT",
    "value": "BBBBBBBBBBBBBBBBBBBBBBBBBBBBBBBBBBBBBBBBBBBBBBBBBBBBBBBBBBBBBBBBBBBBBBBBBBBBBBBBBBBBBBBBBBBBBBBBBBBBBBBBBBBBBBBBBBBBBBBBBBBBBBBBBBBBBBBBBBBBBBBBBBBBBBBBBBBBBBBBBBBBBBBBBBBBBBBBBBBBBBBBBBBBBBBBBBBBBBBBBBBBBBBBBBBBBBBBBBBBBBBBBBBBBBBBBBBBBBBBBBBBBBBBBBBBBBB",
    "weight": 0
  },
  {
    "flag": 0,
    "hostname": "foo256.example.com",
    "priority": 0,
    "ttl": 300,
    "type": "TXT",
    "value": "CCCCCCCCCCCCCCCCCCCCCCCCCCCCCCCCCCCCCCCCCCCCCCCCCCCCCCCCCCCCCCCCCCCCCCCCCCCCCCCCCCCCCCCCCCCCCCCCCCCCCCCCCCCCCCCCCCCCCCCCCCCCCCCCCCCCCCCCCCCCCCCCCCCCCCCCCCCCCCCCCCCCCCCCCCCCCCCCCCCCCCCCCCCCCCCCCCCCCCCCCCCCCCCCCCCCCCCCCCCCCCCCCCCCCCCCCCCCCCCCCCCCCCCCCCCCCCCC",
    "weight": 0
  },
  {
    "flag": 0,
    "hostname": "foo509.example.com",
    "priority": 0,
    "ttl": 300,
    "type": "TXT",
    "value": "DDDDDDDDDDDDDDDDDDDDDDDDDDDDDDDDDDDDDDDDDDDDDDDDDDDDDDDDDDDDDDDDDDDDDDDDDDDDDDDDDDDDDDDDDDDDDDDDDDDDDDDDDDDDDDDDDDDDDDDDDDDDDDDDDDDDDDDDDDDDDDDDDDDDDDDDDDDDDDDDDDDDDDDDDDDDDDDDDDDDDDDDDDDDDDDDDDDDDDDDDDDDDDDDDDDDDDDDDDDDDDDDDDDDDDDDDDDDDDDDDDDDDDDDDDDDDDDDDDDDDDDDDDDDDDDDDDDDDDDDDDDDDDDDDDDDDDDDDDDDDDDDDDDDDDDDDDDDDDDDDDDDDDDDDDDDDDDDDDDDDDDDDDDDDDDDDDDDDDDDDDDDDDDDDDDDDDDDDDDDDDDDDDDDDDDDDDDDDDDDDDDDDDDDDDDDDDDDDDDDDDDDDDDDDDDDDDDDDDDDDDDDDDDDDDDDDDDDDDDDDDDDDDDDDDDDDDDDDDDDDDDDDDDDDDDDDDDDDDDDDDDDDDDDD",
    "weight": 0
  },
  {
    "flag": 0,
    "hostname": "foo510.example.com",
    "priority": 0,
    "ttl": 300,
    "type": "TXT",
    "value": "EEEEEEEEEEEEEEEEEEEEEEEEEEEEEEEEEEEEEEEEEEEEEEEEEEEEEEEEEEEEEEEEEEEEEEEEEEEEEEEEEEEEEEEEEEEEEEEEEEEEEEEEEEEEEEEEEEEEEEEEEEEEEEEEEEEEEEEEEEEEEEEEEEEEEEEEEEEEEEEEEEEEEEEEEEEEEEEEEEEEEEEEEEEEEEEEEEEEEEEEEEEEEEEEEEEEEEEEEEEEEEEEEEEEEEEEEEEEEEEEEEEEEEEEEEEEEEEEEEEEEEEEEEEEEEEEEEEEEEEEEEEEEEEEEEEEEEEEEEEEEEEEEEEEEEEEEEEEEEEEEEEEEEEEEEEEEEEEEEEEEEEEEEEEEEEEEEEEEEEEEEEEEEEEEEEEEEEEEEEEEEEEEEEEEEEEEEEEEEEEEEEEEEEEEEEEEEEEEEEEEEEEEEEEEEEEEEEEEEEEEEEEEEEEEEEEEEEEEEEEEEEEEEEEEEEEEEEEEEEEEEEEEEEEEEEEEEEEEEEEEEEEEEEEEE",
    "weight": 0
  },
  {
    "flag": 0,
    "hostname": "foo511.example.com",
    "priority": 0,
    "ttl": 300,
    "type": "TXT",
    "value": "FFFFFFFFFFFFFFFFFFFFFFFFFFFFFFFFFFFFFFFFFFFFFFFFFFFFFFFFFFFFFFFFFFFFFFFFFFFFFFFFFFFFFFFFFFFFFFFFFFFFFFFFFFFFFFFFFFFFFFFFFFFFFFFFFFFFFFFFFFFFFFFFFFFFFFFFFFFFFFFFFFFFFFFFFFFFFFFFFFFFFFFFFFFFFFFFFFFFFFFFFFFFFFFFFFFFFFFFFFFFFFFFFFFFFFFFFFFFFFFFFFFFFFFFFFFFFFFFFFFFFFFFFFFFFFFFFFFFFFFFFFFFFFFFFFFFFFFFFFFFFFFFFFFFFFFFFFFFFFFFFFFFFFFFFFFFFFFFFFFFFFFFFFFFFFFFFFFFFFFFFFFFFFFFFFFFFFFFFFFFFFFFFFFFFFFFFFFFFFFFFFFFFFFFFFFFFFFFFFFFFFFFFFFFFFFFFFFFFFFFFFFFFFFFFFFFFFFFFFFFFFFFFFFFFFFFFFFFFFFFFFFFFFFFFFFFFFFFFFFFFFFFFFFFFFF",
    "weight": 0
  },
  {
    "flag": 0,
    "hostname": "foo764.example.com",
    "priority": 0,
    "ttl": 300,
    "type": "TXT",
    "value": "GGGGGGGGGGGGGGGGGGGGGGGGGGGGGGGGGGGGGGGGGGGGGGGGGGGGGGGGGGGGGGGGGGGGGGGGGGGGGGGGGGGGGGGGGGGGGGGGGGGGGGGGGGGGGGGGGGGGGGGGGGGGGGGGGGGGGGGGGGGGGGGGGGGGGGGGGGGGGGGGGGGGGGGGGGGGGGGGGGGGGGGGGGGGGGGGGGGGGGGGGGGGGGGGGGGGGGGGGGGGGGGGGGGGGGGGGGGGGGGGGGGGGGGGGGGGGGGGGGGGGGGGGGGGGGGGGGGGGGGGGGGGGGGGGGGGGGGGGGGGGGGGGGGGGGGGGGGGGGGGGGGGGGGGGGGGGGGGGGGGGGGGGGGGGGGGGGGGGGGGGGGGGGGGGGGGGGGGGGGGGGGGGGGGGGGGGGGGGGGGGGGGGGGGGGGGGGGGGGGGGGGGGGGGGGGGGGGGGGGGGGGGGGGGGGGGGGGGGGGGGGGGGGGGGGGGGGGGGGGGGGGGGGGGGGGGGGGGGGGGGGGGGGGGGGGGGGGGGGGGGGGGGGGGGGGGGGGGGGGGGGGGGGGGGGGGGGGGGGGGGGGGGGGGGGGGGGGGGGGGGGGGGGGGGGGGGGGGGGGGGGGGGGGGGGGGGGGGGGGGGGGGGGGGGGGGGGGGGGGGGGGGGGGGGGGGGGGGGGGGGGGGGGGGGGGGGGGGGGGGGGGGGGGGGGGGGGGGGGGGGGGGGGGGGGGGGGGGGGGGGGGGGGGGGGGGGGGGGGGGGGGGGGGGGGGGGGGGGGGGGGGG",
    "weight": 0
  },
  {
    "flag": 0,
    "hostname": "foo765.example.com",
    "priority": 0,
    "ttl": 300,
    "type": "TXT",
    "value": "HHHHHHHHHHHHHHHHHHHHHHHHHHHHHHHHHHHHHHHHHHHHHHHHHHHHHHHHHHHHHHHHHHHHHHHHHHHHHHHHHHHHHHHHHHHHHHHHHHHHHHHHHHHHHHHHHHHHHHHHHHHHHHHHHHHHHHHHHHHHHHHHHHHHHHHHHHHHHHHHHHHHHHHHHHHHHHHHHHHHHHHHHHHHHHHHHHHHHHHHHHHHHHHHHHHHHHHHHHHHHHHHHHHHHHHHHHHHHHHHHHHHHHHHHHHHHHHHHHHHHHHHHHHHHHHHHHHHHHHHHHHHHHHHHHHHHHHHHHHHHHHHHHHHHHHHHHHHHHHHHHHHHHHHHHHHHHHHHHHHHHHHHHHHHHHHHHHHHHHHHHHHHHHHHHHHHHHHHHHHHHHHHHHHHHHHHHHHHHHHHHHHHHHHHHHHHHHHHHHHHHHHHHHHHHHHHHHHHHHHHHHHHHHHHHHHHHHHHHHHHHHHHHHHHHHHHHHHHHHHHHHHHHHHHHHHHHHHHHHHHHHHHHHHHHHHHHHHHHHHHHHHHHHHHHHHHHHHHHHHHHHHHHHHHHHHHHHHHHHHHHHHHHHHHHHHHHHHHHHHHHHHHHHHHHHHHHHHHHHHHHHHHHHHHHHHHHHHHHHHHHHHHHHHHHHHHHHHHHHHHHHHHHHHHHHHHHHHHHHHHHHHHHHHHHHHHHHHHHHHHHHHHHHHHHHHHHHHHHHHHHHHHHHHHHHHHHHHHHHHHHHHHHHHHHHHHHHHHHHHHHHHHHHHHHHHHHHHHHHHHHHHH",
    "weight": 0
  },
  {
    "flag": 0,
    "hostname": "foo766.example.com",
    "priority": 0,
    "ttl": 300,
    "type": "TXT",
    "value": "JJJJJJJJJJJJJJJJJJJJJJJJJJJJJJJJJJJJJJJJJJJJJJJJJJJJJJJJJJJJJJJJJJJJJJJJJJJJJJJJJJJJJJJJJJJJJJJJJJJJJJJJJJJJJJJJJJJJJJJJJJJJJJJJJJJJJJJJJJJJJJJJJJJJJJJJJJJJJJJJJJJJJJJJJJJJJJJJJJJJJJJJJJJJJJJJJJJJJJJJJJJJJJJJJJJJJJJJJJJJJJJJJJJJJJJJJJJJJJJJJJJJJJJJJJJJJJJJJJJJJJJJJJJJJJJJJJJJJJJJJJJJJJJJJJJJJJJJJJJJJJJJJJJJJJJJJJJJJJJJJJJJJJJJJJJJJJJJJJJJJJJJJJJJJJJJJJJJJJJJJJJJJJJJJJJJJJJJJJJJJJJJJJJJJJJJJJJJJJJJJJJJJJJJJJJJJJJJJJJJJJJJJJJJJJJJJJJJJJJJJJJJJJJJJJJJJJJJJJJJJJJJJJJJJJJJJJJJJJJJJJJJJJJJJJJJJJJJJJJJJJJJJJJJJJJJJJJJJJJJJJJJJJJJJJJJJJJJJJJJJJJJJJJJJJJJJJJJJJJJJJJJJJJJJJJJJJJJJJJJJJJJJJJJJJJJJJJJJJJJJJJJJJJJJJJJJJJJJJJJJJJJJJJJJJJJJJJJJJJJJJJJJJJJJJJJJJJJJJJJJJJJJJJJJJJJJJJJJJJJJJJJJJJJJJJJJJJJJJJJJJJJJJJJJJJJJJJJJJJJJJJJJJJJJJJJJJJJJJJJJJJJJJJJJJJJJJJJJJJJJJJJJJ",
    "weight": 0
  },
  {
    "flag": 0,
    "hostname": "foobt.example.com",
    "priority": 0,
    "ttl": 300,
    "type": "TXT",
    "value": "blah`blah",
    "weight": 0
  },
  {
    "flag": 0,
    "hostname": "foodq.example.com",
    "priority": 0,
    "ttl": 300,
    "type": "TXT",
    "value": "in\"side",
    "weight": 0
  },
  {
    "flag": 0,
    "hostname": "foodqs.example.com",
    "priority": 0,
    "ttl": 300,
    "type": "TXT",
    "value": "\"left",
    "weight": 0
  },
  {
    "flag": 0,
    "hostname": "foodqs.example.com",
    "priority": 0,
    "ttl": 300,
    "type": "TXT",
    "value": "in\"ter\"ior",
    "weight": 0
  },
  {
    "flag": 0,
    "hostname": "foodqs.example.com",
    "priority": 0,
    "ttl": 300,
    "type": "TXT",
    "value": "right\"",
    "weight": 0
  },
  {
    "flag": 0,
    "hostname": "fooosbs1.example.com",
    "priority": 0,
    "ttl": 300,
    "type": "TXT",
    "value": "1back\\slash",
    "weight": 0
  },
  {
    "flag": 0,
    "hostname": "fooosbs2.example.com",
    "priority": 0,
    "ttl": 300,
    "type": "TXT",
    "value": "2back\\\\slash",
    "weight": 0
  },
  {
    "flag": 0,
    "hostname": "fooosbs3.example.com",
    "priority": 0,
    "ttl": 300,
    "type": "TXT",
    "value": "3back\\\\\\slash",
    "weight": 0
  },
  {
    "flag": 0,
    "hostname": "fooosbs4.example.com",
    "priority": 0,
    "ttl": 300,
    "type": "TXT",
    "value": "4back\\\\\\\\slash",
    "weight": 0
  },
  {
    "flag": 0,
    "hostname": "foosc1.example.com",
    "priority": 0,
    "ttl": 300,
    "type": "TXT",
    "value": "semi;colon",
    "weight": 0
  },
  {
    "flag": 0,
    "hostname": "foosc2.example.com",
    "priority": 0,
    "ttl": 300,
    "type": "TXT",
    "value": "wssemi ; colon",
    "weight": 0
  },
  {
    "flag": 0,
    "hostname": "foosp.example.com",
    "priority": 0,
    "ttl": 300,
    "type": "TXT",
    "value": "with spaces",
    "weight": 0
  },
  {
    "flag": 0,
    "hostname": "foosq.example.com",
    "priority": 0,
    "ttl": 300,
    "type": "TXT",
    "value": "quo'te",
    "weight": 0
  },
  {
    "flag": 0,
    "hostname": "foows1.example.com",
    "priority": 0,
    "ttl": 300,
    "type": "TXT",
    "value": "trailingws ",
    "weight": 0
  },
  {
    "flag": 0,
    "hostname": "mail.example.com",
    "priority": 0,
    "ttl": 300,
    "type": "CNAME",
    "value": "ghs.googlehosted.com.",
    "weight": 0
  },
  {
    "flag": 0,
    "hostname": "mail.bat.example.com",
    "priority": 0,
    "ttl": 300,
    "type": "CNAME",
    "value": "ghs.googlehosted.com.",
    "weight": 0
  },
  {
    "flag": 0,
    "hostname": "nmx.example.com",
    "priority": 0,
    "ttl": 300,
    "type": "A",
    "value": "1.2.3.3",
    "weight": 0
  },
  {
    "flag": 0,
    "hostname": "nmx.example.com",
    "priority": 3,
    "ttl": 300,
    "type": "MX",
    "value": "nmx.netlifytest.yesthattom.com.",
    "weight": 0
  },
  {
    "flag": 0,
    "hostname": "nmx.example.com",
    "priority": 9,
    "ttl": 300,
    "type": "MX",
    "value": "www.netlifytest.yesthattom.com.",
    "weight": 0
  },
  {
    "flag": 0,
    "hostname": "pager101-rec0000.example.com",
    "priority": 0,
    "ttl": 300,
    "type": "A",
    "value": "1.2.3.4",
    "weight": 0
  },
  {
    "flag": 0,
    "hostname": "pager101-rec0001.example.com",
    "priority": 0,
    "ttl": 300,
    "type": "A",
    "value": "1.2.3.4",
    "weight": 0
  },
  {
    "flag": 0,
    "hostname": "pager101-rec0002.example.com",
    "priority": 0,
    "ttl": 300,
    "type": "A",
    "value": "1.2.3.4",
    "weight": 0
  },
  {
    "flag": 0,
    "hostname": "pager101-rec0003.example.com",
    "priority": 0,
    "ttl": 300,
    "type": "A",
    "value": "1.2.3.4",
    "weight": 0
  },
  {
    "flag": 0,
    "hostname": "pager101-rec0004.example.com",
    "priority": 0,
    "ttl": 300,
    "type": "A",
    "value": "1.2.3.4",
    "weight": 0
  },
  {
    "flag": 0,
    "hostname": "pager101-rec0005.example.com",
    "priority": 0,
    "ttl": 300,
    "type": "A",
    "value": "1.2.3.4",
    "weight": 0
  },
  {
    "flag": 0,
    "hostname": "pager101-rec0006.example.com",
    "priority": 0,
    "ttl": 300,
    "type": "A",
    "value": "1.2.3.4",
    "weight": 0
  },
  {
    "flag": 0,
    "hostname": "pager101-rec0007.example.com",
    "priority": 0,
    "ttl": 300,
    "type": "A",
    "value": "1.2.3.4",
    "weight": 0
  },
  {
    "flag": 0,
    "hostname": "pager101-rec0008.example.com",
    "priority": 0,
    "ttl": 300,
    "type": "A",
    "value": "1.2.3.4",
    "weight": 0
  },
  {
    "flag": 0,
    "hostname": "pager101-rec0009.example.com",
    "priority": 0,
    "ttl": 300,
    "type": "A",
    "value": "1.2.3.4",
    "weight": 0
  },
  {
    "flag": 0,
    "hostname": "pager101-rec0010.example.com",
    "priority": 0,
    "ttl": 300,
    "type": "A",
    "value": "1.2.3.4",
    "weight": 0
  },
  {
    "flag": 0,
    "hostname": "pager101-rec0011.example.com",
    "priority": 0,
    "ttl": 300,
    "type": "A",
    "value": "1.2.3.4",
    "weight": 0
  },
  {
    "flag": 0,
    "hostname": "pager101-rec0012.example.com",
    "priority": 0,
    "ttl": 300,
    "type": "A",
    "value": "1.2.3.4",
    "weight": 0
  },
  {
    "flag": 0,
    "hostname": "pager101-rec0013.example.com",
    "priority": 0,
    "ttl": 300,
    "type": "A",
    "value": "1.2.3.4",
    "weight": 0
  },
  {
    "flag": 0,
    "hostname": "pager101-rec0014.example.com",
    "priority": 0,
    "ttl": 300,
    "type": "A",
    "value": "1.2.3.4",
    "weight": 0
  },
  {
    "flag": 0,
    "hostname": "pager101-rec0015.example.com",
    "priority": 0,
    "ttl": 300,
    "type": "A",
    "value": "1.2.3.4",
    "weight": 0
  },
  {
    "flag": 0,
    "hostname": "pager101-rec0016.example.com",
    "priority": 0,
    "ttl": 300,
    "type": "A",
    "value": "1.2.3.4",
    "weight": 0
  },
  {
    "flag": 0,
    "hostname": "pager101-rec0017.example.com",
    "priority": 0,
    "ttl": 300,
    "type": "A",
    "value": "1.2.3.4",
    "weight": 0
  },
  {
    "flag": 0,
    "hostname": "pager101-rec0018.example.com",
    "priority": 0,
    "ttl": 300,
    "type": "A",
    "value": "1.2.3.4",
    "weight": 0
  },
  {
    "flag": 0,
    "hostname": "pager101-rec0019.example.com",
    "priority": 0,
    "ttl": 300,
    "type": "A",
    "value": "1.2.3.4",
    "weight": 0
  },
  {
    "flag": 0,
    "hostname": "pager101-rec0020.example.com",
    "priority": 0,
    "ttl": 300,
    "type": "A",
    "value": "1.2.3.4",
    "weight": 0
  },
  {
    "flag": 0,
    "hostname": "pager101-rec0021.example.com",
    "priority": 0,
    "ttl": 300,
    "type": "A",
    "value": "1.2.3.4",
    "weight": 0
  },
  {
    "flag": 0,
    "hostname": "pager101-rec0022.example.com",
    "priority": 0,
    "ttl": 300,
    "type": "A",
    "value": "1.2.3.4",
    "weight": 0
  },
  {
    "flag": 0,
    "hostname": "pager101-rec0023.example.com",
    "priority": 0,
    "ttl": 300,
    "type": "A",
    "value": "1.2.3.4",
    "weight": 0
  },
  {
    "flag": 0,
    "hostname": "pager101-rec0024.example.com",
    "priority": 0,
    "ttl": 300,
    "type": "A",
    "value": "1.2.3.4",
    "weight": 0
  },
  {
    "flag": 0,
    "hostname": "pager101-rec0025.example.com",
    "priority": 0,
    "ttl": 300,
    "type": "A",
    "value": "1.2.3.4",
    "weight": 0
  },
  {
    "flag": 0,
    "hostname": "pager101-rec0026.example.com",
    "priority": 0,
    "ttl": 300,
    "type": "A",
    "value": "1.2.3.4",
    "weight": 0
  },
  {
    "flag": 0,
    "hostname": "pager101-rec0027.example.com",
    "priority": 0,
    "ttl": 300,
    "type": "A",
    "value": "1.2.3.4",
    "weight": 0
  },
  {
    "flag": 0,
    "hostname": "pager101-rec0028.example.com",
    "priority": 0,
    "ttl": 300,
    "type": "A",
    "value": "1.2.3.4",
    "weight": 0
  },
  {
    "flag": 0,
    "hostname": "pager101-rec0029.example.com",
    "priority": 0,
    "ttl": 300,
    "type": "A",
    "value": "1.2.3.4",
    "weight": 0
  },
  {
    "flag": 0,
    "hostname": "pager101-rec0030.example.com",
    "priority": 0,
    "ttl": 300,
    "type": "A",
    "value": "1.2.3.4",
    "weight": 0
  },
  {
    "flag": 0,
    "hostname": "pager101-rec0031.example.com",
    "priority": 0,
    "ttl": 300,
    "type": "A",
    "value": "1.2.3.4",
    "weight": 0
  },
  {
    "flag": 0,
    "hostname": "pager101-rec0032.example.com",
    "priority": 0,
    "ttl": 300,
    "type": "A",
    "value": "1.2.3.4",
    "weight": 0
  },
  {
    "flag": 0,
    "hostname": "pager101-rec0033.example.com",
    "priority": 0,
    "ttl": 300,
    "type": "A",
    "value": "1.2.3.4",
    "weight": 0
  },
  {
    "flag": 0,
    "hostname": "pager101-rec0034.example.com",
    "priority": 0,
    "ttl": 300,
    "type": "A",
    "value": "1.2.3.4",
    "weight": 0
  },
  {
    "flag": 0,
    "hostname": "pager101-rec0035.example.com",
    "priority": 0,
    "ttl": 300,
    "type": "A",
    "value": "1.2.3.4",
    "weight": 0
  },
  {
    "flag": 0,
    "hostname": "pager101-rec0036.example.com",
    "priority": 0,
    "ttl": 300,
    "type": "A",
    "value": "1.2.3.4",
    "weight": 0
  },
  {
    "flag": 0,
    "hostname": "pager101-rec0037.example.com",
    "priority": 0,
    "ttl": 300,
    "type": "A",
    "value": "1.2.3.4",
    "weight": 0
  },
  {
    "flag": 0,
    "hostname": "pager101-rec0038.example.com",
    "priority": 0,
    "ttl": 300,
    "type": "A",
    "value": "1.2.3.4",
    "weight": 0
  },
  {
    "flag": 0,
    "hostname": "pager101-rec0039.example.com",
    "priority": 0,
    "ttl": 300,
    "type": "A",
    "value": "1.2.3.4",
    "weight": 0
  },
  {
    "flag": 0,
    "hostname": "pager101-rec0040.example.com",
    "priority": 0,
    "ttl": 300,
    "type": "A",
    "value": "1.2.3.4",
    "weight": 0
  },
  {
    "flag": 0,
    "hostname": "pager101-rec0041.example.com",
    "priority": 0,
    "ttl": 300,
    "type": "A",
    "value": "1.2.3.4",
    "weight": 0
  },
  {
    "flag": 0,
    "hostname": "pager101-rec0042.example.com",
    "priority": 0,
    "ttl": 300,
    "type": "A",
    "value": "1.2.3.4",
    "weight": 0
  },
  {
    "flag": 0,
    "hostname": "pager101-rec0043.example.com",
    "priority": 0,
    "ttl": 300,
    "type": "A",
    "value": "1.2.3.4",
    "weight": 0
  },
  {
    "flag": 0,
    "hostname": "pager101-rec0044.example.com",
    "priority": 0,
    "ttl": 300,
    "type": "A",
    "value": "1.2.3.4",
    "weight": 0
  },
  {
    "flag": 0,
    "hostname": "pager101-rec0045.example.com",
    "priority": 0,
    "ttl": 300,
    "type": "A",
    "value": "1.2.3.4",
    "weight": 0
  },
  {
    "flag": 0,
    "hostname": "pager101-rec0046.example.com",
    "priority": 0,
    "ttl": 300,
    "type": "A",
    "value": "1.2.3.4",
    "weight": 0
  },
  {
    "flag": 0,
    "hostname": "pager101-rec0047.example.com",
    "priority": 0,
    "ttl": 300,
    "type": "A",
    "value": "1.2.3.4",
    "weight": 0
  },
  {
    "flag": 0,
    "hostname": "pager101-rec0048.example.com",
    "priority": 0,
    "ttl": 300,
    "type": "A",
    "value": "1.2.3.4",
    "weight": 0
  },
  {
    "flag": 0,
    "hostname": "pager101-rec0049.example.com",
    "priority": 0,
    "ttl": 300,
    "type": "A",
    "value": "1.2.3.4",
    "weight": 0
  },
  {
    "flag": 0,
    "hostname": "pager101-rec0050.example.com",
    "priority": 0,
    "ttl": 300,
    "type": "A",
    "value": "1.2.3.4",
    "weight": 0
  },
  {
    "flag": 0,
    "hostname": "pager101-rec0051.example.com",
    "priority": 0,
    "ttl": 300,
    "type": "A",
    "value": "1.2.3.4",
    "weight": 0
  },
  {
    "flag": 0,
    "hostname": "pager101-rec0052.example.com",
    "priority": 0,
    "ttl": 300,
    "type": "A",
    "value": "1.2.3.4",
    "weight": 0
  },
  {
    "flag": 0,
    "hostname": "pager101-rec0053.example.com",
    "priority": 0,
    "ttl": 300,
    "type": "A",
    "value": "1.2.3.4",
    "weight": 0
  },
  {
    "flag": 0,
    "hostname": "pager101-rec0054.example.com",
    "priority": 0,
    "ttl": 300,
    "type": "A",
    "value": "1.2.3.4",
    "weight": 0
  },
  {
    "flag": 0,
    "hostname": "pager101-rec0055.example.com",
    "priority": 0,
    "ttl": 300,
    "type": "A",
    "value": "1.2.3.4",
    "weight": 0
  },
  {
    "flag": 0,
    "hostname": "pager101-rec0056.example.com",
    "priority": 0,
    "ttl": 300,
    "type": "A",
    "value": "1.2.3.4",
    "weight": 0
  },
  {
    "flag": 0,
    "hostname": "pager101-rec0057.example.com",
    "priority": 0,
    "ttl": 300,
    "type": "A",
    "value": "1.2.3.4",
    "weight": 0
  },
  {
    "flag": 0,
    "hostname": "pager101-rec0058.example.com",
    "priority": 0,
    "ttl": 300,
    "type": "A",
    "value": "1.2.3.4",
    "weight": 0
  },
  {
    "flag": 0,
    "hostname": "pager101-rec0059.example.com",
    "priority": 0,
    "ttl": 300,
    "type": "A",
    "value": "1.2.3.4",
    "weight": 0
  },
  {
    "flag": 0,
    "hostname": "pager101-rec0060.example.com",
    "priority": 0,
    "ttl": 300,
    "type": "A",
    "value": "1.2.3.4",
    "weight": 0
  },
  {
    "flag": 0,
    "hostname": "pager101-rec0061.example.com",
    "priority": 0,
    "ttl": 300,
    "type": "A",
    "value": "1.2.3.4",
    "weight": 0
  },
  {
    "flag": 0,
    "hostname": "pager101-rec0062.example.com",
    "priority": 0,
    "ttl": 300,
    "type": "A",
    "value": "1.2.3.4",
    "weight": 0
  },
  {
    "flag": 0,
    "hostname": "pager101-rec0063.example.com",
    "priority": 0,
    "ttl": 300,
    "type": "A",
    "value": "1.2.3.4",
    "weight": 0
  },
  {
    "flag": 0,
    "hostname": "pager101-rec0064.example.com",
    "priority": 0,
    "ttl": 300,
    "type": "A",
    "value": "1.2.3.4",
    "weight": 0
  },
  {
    "flag": 0,
    "hostname": "pager101-rec0065.example.com",
    "priority": 0,
    "ttl": 300,
    "type": "A",
    "value": "1.2.3.4",
    "weight": 0
  },
  {
    "flag": 0,
    "hostname": "pager101-rec0066.example.com",
    "priority": 0,
    "ttl": 300,
    "type": "A",
    "value": "1.2.3.4",
    "weight": 0
  },
  {
    "flag": 0,
    "hostname": "pager101-rec0067.example.com",
    "priority": 0,
    "ttl": 300,
    "type": "A",
    "value": "1.2.3.4",
    "weight": 0
  },
  {
    "flag": 0,
    "hostname": "pager101-rec0068.example.com",
    "priority": 0,
    "ttl": 300,
    "type": "A",
    "value": "1.2.3.4",
    "weight": 0
  },
  {
    "flag": 0,
    "hostname": "pager101-rec0069.example.com",
    "priority": 0,
    "ttl": 300,
    "type": "A",
    "value": "1.2.3.4",
    "weight": 0
  },
  {
    "flag": 0,
    "hostname": "pager101-rec0070.example.com",
    "priority": 0,
    "ttl": 300,
    "type": "A",
    "value": "1.2.3.4",
    "weight": 0
  },
  {
    "flag": 0,
    "hostname": "pager101-rec0071.example.com",
    "priority": 0,
    "ttl": 300,
    "type": "A",
    "value": "1.2.3.4",
    "weight": 0
  },
  {
    "flag": 0,
    "hostname": "pager101-rec0072.example.com",
    "priority": 0,
    "ttl": 300,
    "type": "A",
    "value": "1.2.3.4",
    "weight": 0
  },
  {
    "flag": 0,
    "hostname": "pager101-rec0073.example.com",
    "priority": 0,
    "ttl": 300,
    "type": "A",
    "value": "1.2.3.4",
    "weight": 0
  },
  {
    "flag": 0,
    "hostname": "pager101-rec0074.example.com",
    "priority": 0,
    "ttl": 300,
    "type": "A",
    "value": "1.2.3.4",
    "weight": 0
  },
  {
    "flag": 0,
    "hostname": "pager101-rec0075.example.com",
    "priority": 0,
    "ttl": 300,
    "type": "A",
    "value": "1.2.3.4",
    "weight": 0
  },
  {
    "flag": 0,
    "hostname": "pager101-rec0076.example.com",
    "priority": 0,
    "ttl": 300,
    "type": "A",
    "value": "1.2.3.4",
    "weight": 0
  },
  {
    "flag": 0,
    "hostname": "pager101-rec0077.example.com",
    "priority": 0,
    "ttl": 300,
    "type": "A",
    "value": "1.2.3.4",
    "weight": 0
  },
  {
    "flag": 0,
    "hostname": "pager101-rec0078.example.com",
    "priority": 0,
    "ttl": 300,
    "type": "A",
    "value": "1.2.3.4",
    "weight": 0
  },
  {
    "flag": 0,
    "hostname": "pager101-rec0079.example.com",
    "priority": 0,
    "ttl": 300,
    "type": "A",
    "value": "1.2.3.4",
    "weight": 0
  },
  {
    "flag": 0,
    "hostname": "pager101-rec0080.example.com",
    "priority": 0,
    "ttl": 300,
    "type": "A",
    "value": "1.2.3.4",
    "weight": 0
  },
  {
    "flag": 0,
    "hostname": "pager101-rec0081.example.com",
    "priority": 0,
    "ttl": 300,
    "type": "A",
    "value": "1.2.3.4",
    "weight": 0
  },
  {
    "flag": 0,
    "hostname": "pager101-rec0082.example.com",
    "priority": 0,
    "ttl": 300,
    "type": "A",
    "value": "1.2.3.4",
    "weight": 0
  },
  {
    "flag": 0,
    "hostname": "pager101-rec0083.example.com",
    "priority": 0,
    "ttl": 300,
    "type": "A",
    "value": "1.2.3.4",
    "weight": 0
  },
  {
    "flag": 0,
    "hostname": "pager101-rec0084.example.com",
    "priority": 0,
    "ttl": 300,
    "type": "A",
    "value": "1.2.3.4",
    "weight": 0
  },
  {
    "flag": 0,
    "hostname": "pager101-rec0085.example.com",
    "priority": 0,
    "ttl": 300,
    "type": "A",
    "value": "1.2.3.4",
    "weight": 0
  },
  {
    "flag": 0,
    "hostname": "pager101-rec0086.example.com",
    "priority": 0,
    "ttl": 300,
    "type": "A",
    "value": "1.2.3.4",
    "weight": 0
  },
  {
    "flag": 0,
    "hostname": "pager101-rec0087.example.com",
    "priority": 0,
    "ttl": 300,
    "type": "A",
    "value": "1.2.3.4",
    "weight": 0
  },
  {
    "flag": 0,
    "hostname": "pager101-rec0088.example.com",
    "priority": 0,
    "ttl": 300,
    "type": "A",
    "value": "1.2.3.4",
    "weight": 0
  },
  {
    "flag": 0,
    "hostname": "pager101-rec0089.example.com",
    "priority": 0,
    "ttl": 300,
    "type": "A",
    "value": "1.2.3.4",
    "weight": 0
  },
  {
    "flag": 0,
    "hostname": "pager101-rec0090.example.com",
    "priority": 0,
    "ttl": 300,
    "type": "A",
    "value": "1.2.3.4",
    "weight": 0
  },
  {
    "flag": 0,
    "hostname": "pager101-rec0091.example.com",
    "priority": 0,
    "ttl": 300,
    "type": "A",
    "value": "1.2.3.4",
    "weight": 0
  },
  {
    "flag": 0,
    "hostname": "pager101-rec0092.example.com",
    "priority": 0,
    "ttl": 300,
    "type": "A",
    "value": "1.2.3.4",
    "weight": 0
  },
  {
    "flag": 0,
    "hostname": "pager101-rec0093.example.com",
    "priority": 0,
    "ttl": 300,
    "type": "A",
    "value": "1.2.3.4",
    "weight": 0
  },
  {
    "flag": 0,
    "hostname": "pager101-rec0094.example.com",
    "priority": 0,
    "ttl": 300,
    "type": "A",
    "value": "1.2.3.4",
    "weight": 0
  },
  {
    "flag": 0,
    "hostname": "pager101-rec0095.example.com",
    "priority": 0,
    "ttl": 300,
    "type": "A",
    "value": "1.2.3.4",
    "weight": 0
  },
  {
    "flag": 0,
    "hostname": "pager101-rec0096.example.com",
    "priority": 0,
    "ttl": 300,
    "type": "A",
    "value": "1.2.3.4",
    "weight": 0
  },
  {
    "flag": 0,
    "hostname": "pager101-rec0097.example.com",
    "priority": 0,
    "ttl": 300,
    "type": "A",
    "value": "1.2.3.4",
    "weight": 0
  },
  {
    "flag": 0,
    "hostname": "pager101-rec0098.example.com",
    "priority": 0,
    "ttl": 300,
    "type": "A",
    "value": "1.2.3.4",
    "weight": 0
  },
  {
    "flag": 0,
    "hostname": "pager101-rec0099.example.com",
    "priority": 0,
    "ttl": 300,
    "type": "A",
    "value": "1.2.3.4",
    "weight": 0
  },
  {
    "flag": 0,
    "hostname": "pager101-rec0100.example.com",
    "priority": 0,
    "ttl": 300,
    "type": "A",
    "value": "1.2.3.4",
    "weight": 0
  },
  {
    "flag": 0,
    "hostname": "test.example.com",
    "priority": 0,
    "ttl": 300,
    "type": "ALIAS",
    "value": "foo.com.",
    "weight": 0
  },
  {
    "flag": 0,
    "hostname": "test.example.com",
    "priority": 0,
    "ttl": 300,
    "type": "ALIAS",
    "value": "foo2.com.",
    "weight": 0
  },
  {
    "flag": 0,
    "hostname": "testa.example.com",
    "priority": 0,
    "ttl": 300,
    "type": "A",
    "value": "1.1.1.1",
    "weight": 0
  },
  {
    "flag": 0,
    "hostname": "testa.example.com",
    "priority": 0,
    "ttl": 300,
    "type": "A",
    "value": "3.3.3.3",
    "weight": 0
  },
  {
    "flag": 0,
    "hostname": "testa.example.com",
    "priority": 0,
    "ttl": 333,
    "type": "A",
    "value": "1.1.1.1",
    "weight": 0
  },
  {
    "flag": 0,
    "hostname": "testa.example.com",
    "priority": 0,
    "ttl": 999,
    "type": "A",
    "value": "1.1.1.1",
    "weight": 0
  },
  {
    "flag": 0,
    "hostname": "testaaaa.example.com",
    "priority": 0,
    "ttl": 300,
    "type": "AAAA",
    "value": "2607:f8b0:4006:820::2006",
    "weight": 0
  },
  {
    "flag": 0,
    "hostname": "testaaaa.example.com",
    "priority": 0,
    "ttl": 300,
    "type": "AAAA",
    "value": "2607:f8b0:4006:820::2013",
    "weight": 0
  },
  {
    "flag": 0,
    "hostname": "testcname.example.com",
    "priority": 0,
    "ttl": 300,
    "type": "CNAME",
    "value": "foo.netlifytest.yesthattom.com.",
    "weight": 0
  },
  {
    "flag": 0,
    "hostname": "testcname.example.com",
    "priority": 0,
    "ttl": 300,
    "type": "CNAME",
    "value": "www.google.com.",
    "weight": 0
  },
  {
    "flag": 0,
    "hostname": "testcname.example.com",
    "priority": 0,
    "ttl": 300,
    "type": "CNAME",
    "value": "www.yahoo.com.",
    "weight": 0
  },
  {
    "flag": 0,
    "hostname": "testdefined.example.com",
    "priority": 0,
    "ttl": 300,
    "type": "A",
    "value": "2.2.2.2",
    "weight": 0
  },
  {
    "flag": 0,
    "hostname": "testdefined.example.com",
    "priority": 0,
    "ttl": 300,
    "type": "A",
    "value": "9.9.9.9",
    "weight": 0
  },
  {
    "flag": 0,
    "hostname": "testignore.example.com",
    "priority": 0,
    "ttl": 300,
    "type": "A",
    "value": "8.8.8.8",
    "weight": 0
  },
  {
    "flag": 0,
    "hostname": "testmx.example.com",
    "priority": 100,
    "ttl": 300,
    "type": "MX",
    "value": "bar.com.",
    "weight": 0
  },
  {
    "flag": 0,
    "hostname": "testmx.example.com",
    "priority": 100,
    "ttl": 300,
    "type": "MX",
    "value": "foo.com.",
    "weight": 0
  },
  {
    "flag": 0,
    "hostname": "testmx.example.com",
    "priority": 5,
    "ttl": 300,
    "type": "MX",
    "value": "bar.com.",
    "weight": 0
  },
  {
    "flag": 0,
    "hostname": "testmx.example.com",
    "priority": 5,
    "ttl": 300,
    "type": "MX",
    "value": "foo.com.",
    "weight": 0
  },
  {
    "flag": 0,
    "hostname": "testtxt.example.com",
    "priority": 0,
    "ttl": 300,
    "type": "TXT",
    "value": "changed",
    "weight": 0
  },
  {
    "flag": 0,
    "hostname": "testtxt.example.com",
    "priority": 0,
    "ttl": 300,
    "type": "TXT",
    "value": "simple",
    "weight": 0
  },
  {
    "flag": 0,
    "hostname": "www.example.com",
    "priority": 0,
    "ttl": 300,
    "type": "A",
    "value": "1.1.1.1",
    "weight": 0
  },
  {
    "flag": 0,
    "hostname": "www.example.com",
    "priority": 0,
    "ttl": 300,
    "type": "A",
    "value": "1.2.3.4",
    "weight": 0
  },
  {
    "flag": 0,
    "hostname": "www.example.com",
    "priority": 0,
    "ttl": 300,
    "type": "A",
    "value": "1.2.3.8",
    "weight": 0
  },
  {
    "flag": 0,
    "hostname": "www.example.com",
    "priority": 0,
    "ttl": 300,
    "type": "A",
    "value": "1.2.3.9",
    "weight": 0
  },
  {
    "flag": 0,
    "hostname": "www.example.com",
    "priority": 0,
    "ttl": 300,
    "type": "A",
    "value": "2.2.2.2",
    "weight": 0
  },
  {
    "flag": 0,
    "hostname": "www.example.com",
    "priority": 0,
    "ttl": 300,
    "type": "A",
    "value": "3.3.3.3",
    "weight": 0
  },
  {
    "flag": 0,
    "hostname": "www.example.com",
    "priority": 0,
    "ttl": 300,
    "type": "A",
    "value": "5.5.5.5",
    "weight": 0
  },
  {
    "flag": 0,
    "hostname": "www.example.com",
    "priority": 0,
    "ttl": 300,
    "type": "A",
    "value": "5.6.7.8",
    "weight": 0
  },
  {
    "flag": 0,
    "hostname": "www.example.com",
    "priority": 0,
    "ttl": 400,
    "type": "A",
    "value": "2.2.2.2",
    "weight": 0
  },
  {
    "flag": 0,
    "hostname": "www.example.com",
    "priority": 0,
    "ttl": 400,
    "type": "A",
    "value": "5.6.7.8",
    "weight": 0
  },
  {
    "flag": 0,
    "hostname": "www.example.com",
    "priority": 0,
    "ttl": 700,
    "type": "A",
    "value": "1.2.3.4",
    "weight": 0
  },
  {
    "flag": 0,
    "hostname": "www.example.com",
    "priority": 0,
    "ttl": 700,
    "type": "A",
    "value": "5.6.7.8",
    "weight": 0
  },
  {
    "flag": 0,
    "hostname": "xn--fiq228c.example.com",
    "priority": 0,
    "ttl": 300,
    "type": "A",
    "value": "1.2.3.4",
    "weight": 0
  },
  {
    "flag": 0,
    "hostname": "xn--ndaaa.example.com",
    "priority": 0,
    "ttl": 300,
    "type": "A",
    "value": "1.2.3.4",
    "weight": 0
  },
  {
    "flag": 0,
    "hostname": "xn--ndaaa.example.com",
    "priority": 0,
    "ttl": 300,
    "type": "A",
    "value": "2.2.2.2",
    "weight": 0
  },
  {
    "flag": 0,
    "hostname": "xn--o-0gab.example.com",
    "priority": 0,
    "ttl": 300,
    "type": "CNAME",
    "value": "xn--ndaaa.xn--vhquv.",
    "weight": 0
  },
  {
    "flag": 0,
    "hostname": "xyz.example.com",
    "priority": 0,
    "ttl": 300,
    "type": "NS",
    "value": "ns1.foo.com.",
    "weight": 0
  },
  {
    "flag": 0,
    "hostname": "xyz.example.com",
    "priority": 0,
    "ttl": 300,
    "type": "NS",
    "value": "ns2.foo.com.",
    "weight": 0
  },
  {
    "flag": 0,
    "hostname": "zzz.example.com",
    "priority": 0,
    "ttl": 300,
    "type": "A",
    "value": "3.3.3.3",
    "weight": 0
  },
  {
    "flag": 0,
    "hostname": "zzz.example.com",
    "priority": 0,
    "ttl": 300,
    "type": "A",
    "value": "4.4.4.4",
    "weight": 0
  },
  {
    "flag": 0,
    "hostname": "zzz.example.com",
    "priority": 0,
    "ttl": 300,
    "type": "AAAA",
    "value": "2003:dd:d7ff::fe71:cccc",
    "weight": 0
  }
]
