*.netlifytest.yesthattom.com 300 IN A 3.3.3.3
_sip._tcp.netlifytest.yesthattom.com 300 IN SRV 15 65 75 foo3.com.
_sip._tcp.netlifytest.yesthattom.com 300 IN SRV 15 65 75 foo4.com.
_sip._tcp.netlifytest.yesthattom.com 300 IN SRV 15 65 75 .
_sip._tcp.netlifytest.yesthattom.com 300 IN SRV 5 6 7 foo.com.
_sip._tcp.netlifytest.yesthattom.com 300 IN SRV 5 60 70 foo2.com.
_sip._tcp.netlifytest.yesthattom.com 300 IN SRV 52 6 7 foo.com.
_sip._tcp.netlifytest.yesthattom.com 300 IN SRV 52 62 7 foo.com.
_sip._tcp.netlifytest.yesthattom.com 300 IN SRV 52 62 72 foo.com.
_sip._tcp.netlifytest.yesthattom.com 333 IN SRV 5 6 7 foo.com.
_sip._tcp.netlifytest.yesthattom.com 4400 IN SRV 5 6 7 foo.com.
a.netlifytest.yesthattom.com 300 IN CNAME xn--ndaaa.com.
bar.bat.netlifytest.yesthattom.com 300 IN A 5.5.5.5
bar.netlifytest.yesthattom.com 300 IN A 1.2.3.4
bar.netlifytest.yesthattom.com 300 IN A 5.5.5.5
bar.netlifytest.yesthattom.com 300 IN A 5.5.5.5
bar.netlifytest.yesthattom.com 300 IN CNAME redact2.acm-validations.aws.
bar.netlifytest.yesthattom.com 300 IN MX 5 bar.com.
decoy.netlifytest.yesthattom.com 300 IN A 1.1.1.1
decoy.netlifytest.yesthattom.com 300 IN A 2.2.2.2
decoy.netlifytest.yesthattom.com 300 IN A 3.3.3.3
dyndns-city1.netlifytest.yesthattom.com 300 IN A 91.42.1.1
dyndns-city1.netlifytest.yesthattom.com 300 IN AAAA 2003:dd:d7ff::fe71:ce77
dyndns-city2.netlifytest.yesthattom.com 300 IN A 91.42.1.2
dyndns-city2.netlifytest.yesthattom.com 300 IN AAAA 2003:dd:d7ff::fe71:ce78
final.netlifytest.yesthattom.com 300 IN TXT "TestDNSProviders was successful!"
final.netlifytest.yesthattom.com 300 IN TXT "TestDNSProviders was successful!"
final.netlifytest.yesthattom.com 300 IN TXT "TestDNSProviders was successful!"
foo.bat.netlifytest.yesthattom.com 300 IN A 2.3.4.5
foo.bat.netlifytest.yesthattom.com 300 IN A 1.2.3.4
foo.bat.netlifytest.yesthattom.com 300 IN TXT "simple"
foo.netlifytest.yesthattom.com 300 IN A 1.2.3.4
foo.netlifytest.yesthattom.com 300 IN A 1.2.3.4
foo.netlifytest.yesthattom.com 300 IN A 4.5.6.7
foo.netlifytest.yesthattom.com 300 IN A 1.2.3.4
foo.netlifytest.yesthattom.com 300 IN A 1.2.3.4
foo.netlifytest.yesthattom.com 300 IN A 2.3.4.5
foo.netlifytest.yesthattom.com 300 IN A 3.4.5.6
foo.netlifytest.yesthattom.com 300 IN A 3.4.5.6
foo.netlifytest.yesthattom.com 300 IN A 3.4.5.6
foo.netlifytest.yesthattom.com 300 IN A 2.3.4.5
foo.netlifytest.yesthattom.com 300 IN A 8.8.8.8
foo.netlifytest.yesthattom.com 300 IN A 8.8.8.8
foo.netlifytest.yesthattom.com 300 IN A 1.2.3.4
foo.netlifytest.yesthattom.com 300 IN A 1.2.3.4
foo.netlifytest.yesthattom.com 300 IN A 2.3.4.5
foo.netlifytest.yesthattom.com 300 IN A 1.2.3.4
foo.netlifytest.yesthattom.com 300 IN A 1.1.1.1
foo.netlifytest.yesthattom.com 300 IN A 10.10.10.10
foo.netlifytest.yesthattom.com 300 IN A 11.11.11.11
foo.netlifytest.yesthattom.com 300 IN A 12.12.12.12
foo.netlifytest.yesthattom.com 300 IN A 13.13.13.13
foo.netlifytest.yesthattom.com 300 IN A 14.14.14.14
foo.netlifytest.yesthattom.com 300 IN AAAA 2003:dd:d7ff::fe71:aaaa
foo.netlifytest.yesthattom.com 300 IN CNAME google.com.
foo.netlifytest.yesthattom.com 300 IN CNAME google2.com.
foo.netlifytest.yesthattom.com 300 IN CNAME netlifytest.yesthattom.com.
foo.netlifytest.yesthattom.com 300 IN CNAME redact1.acm-validations.aws.
foo.netlifytest.yesthattom.com 300 IN MX 10 foo.netlifytest.yesthattom.com.
foo.netlifytest.yesthattom.com 300 IN MX 10 aspmx.l.google.com.
foo.netlifytest.yesthattom.com 300 IN MX 20 bar.netlifytest.yesthattom.com.
foo.netlifytest.yesthattom.com 300 IN MX 20 alt1.aspmx.l.google.com.
foo.netlifytest.yesthattom.com 300 IN MX 5 mx.google.com.
foo.netlifytest.yesthattom.com 300 IN MX 8 netlifytest.yesthattom.com.
foo.netlifytest.yesthattom.com 300 IN NS netlifytest.yesthattom.com.
foo.netlifytest.yesthattom.com 300 IN TXT "v=spf1 ip4:99.99.99.99 -all"
foo.netlifytest.yesthattom.com 300 IN TXT "simple"
foo.netlifytest.yesthattom.com 300 IN TXT "simple"
foo254.netlifytest.yesthattom.com 300 IN TXT "AAAAAAAAAAAAAAAAAAAAAAAAAAAAAAAAAAAAAAAAAAAAAAAAAAAAAAAAAAAAAAAAAAAAAAAAAAAAAAAAAAAAAAAAAAAAAAAAAAAAAAAAAAAAAAAAAAAAAAAAAAAAAAAAAAAAAAAAAAAAAAAAAAAAAAAAAAAAAAAAAAAAAAAAAAAAAAAAAAAAAAAAAAAAAAAAAAAAAAAAAAAAAAAAAAAAAAAAAAAAAAAAAAAAAAAAAAAAAAAAAAAAAAAAAAAAAA"
foo255.netlifytest.yesthattom.com 300 IN TXT "BBBBBBBBBBBBBBBBBBBBBBBBBBBBBBBBBBBBBBBBBBBBBBBBBBBBBBBBBBBBBBBBBBBBBBBBBBBBBBBBBBBBBBBBBBBBBBBBBBBBBBBBBBBBBBBBBBBBBBBBBBBBBBBBBBBBBBBBBBBBBBBBBBBBBBBBBBBBBBBBBBBBBBBBBBBBBBBBBBBBBBBBBBBBBBBBBBBBBBBBBBBBBBBBBBBBBBBBBBBBBBBBBBBBBBBBBBBBBBBBBBBBBBBBBBBBBBB"
foo256.netlifytest.yesthattom.com 300 IN TXT "CCCCCCCCCCCCCCCCCCCCCCCCCCCCCCCCCCCCCCCCCCCCCCCCCCCCCCCCCCCCCCCCCCCCCCCCCCCCCCCCCCCCCCCCCCCCCCCCCCCCCCCCCCCCCCCCCCCCCCCCCCCCCCCCCCCCCCCCCCCCCCCCCCCCCCCCCCCCCCCCCCCCCCCCCCCCCCCCCCCCCCCCCCCCCCCCCCCCCCCCCCCCCCCCCCCCCCCCCCCCCCCCCCCCCCCCCCCCCCCCCCCCCCCCCCCCCCC" "C"
foo509.netlifytest.yesthattom.com 300 IN TXT "DDDDDDDDDDDDDDDDDDDDDDDDDDDDDDDDDDDDDDDDDDDDDDDDDDDDDDDDDDDDDDDDDDDDDDDDDDDDDDDDDDDDDDDDDDDDDDDDDDDDDDDDDDDDDDDDDDDDDDDDDDDDDDDDDDDDDDDDDDDDDDDDDDDDDDDDDDDDDDDDDDDDDDDDDDDDDDDDDDDDDDDDDDDDDDDDDDDDDDDDDDDDDDDDDDDDDDDDDDDDDDDDDDDDDDDDDDDDDDDDDDDDDDDDDDDDDDD" "DDDDDDDDDDDDDDDDDDDDDDDDDDDDDDDDDDDDDDDDDDDDDDDDDDDDDDDDDDDDDDDDDDDDDDDDDDDDDDDDDDDDDDDDDDDDDDDDDDDDDDDDDDDDDDDDDDDDDDDDDDDDDDDDDDDDDDDDDDDDDDDDDDDDDDDDDDDDDDDDDDDDDDDDDDDDDDDDDDDDDDDDDDDDDDDDDDDDDDDDDDDDDDDDDDDDDDDDDDDDDDDDDDDDDDDDDDDDDDDDDDDDDDDDDDDDDD"
foo510.netlifytest.yesthattom.com 300 IN TXT "EEEEEEEEEEEEEEEEEEEEEEEEEEEEEEEEEEEEEEEEEEEEEEEEEEEEEEEEEEEEEEEEEEEEEEEEEEEEEEEEEEEEEEEEEEEEEEEEEEEEEEEEEEEEEEEEEEEEEEEEEEEEEEEEEEEEEEEEEEEEEEEEEEEEEEEEEEEEEEEEEEEEEEEEEEEEEEEEEEEEEEEEEEEEEEEEEEEEEEEEEEEEEEEEEEEEEEEEEEEEEEEEEEEEEEEEEEEEEEEEEEEEEEEEEEEEEEE" "EEEEEEEEEEEEEEEEEEEEEEEEEEEEEEEEEEEEEEEEEEEEEEEEEEEEEEEEEEEEEEEEEEEEEEEEEEEEEEEEEEEEEEEEEEEEEEEEEEEEEEEEEEEEEEEEEEEEEEEEEEEEEEEEEEEEEEEEEEEEEEEEEEEEEEEEEEEEEEEEEEEEEEEEEEEEEEEEEEEEEEEEEEEEEEEEEEEEEEEEEEEEEEEEEEEEEEEEEEEEEEEEEEEEEEEEEEEEEEEEEEEEEEEEEEEEEEE"
foo511.netlifytest.yesthattom.com 300 IN TXT "FFFFFFFFFFFFFFFFFFFFFFFFFFFFFFFFFFFFFFFFFFFFFFFFFFFFFFFFFFFFFFFFFFFFFFFFFFFFFFFFFFFFFFFFFFFFFFFFFFFFFFFFFFFFFFFFFFFFFFFFFFFFFFFFFFFFFFFFFFFFFFFFFFFFFFFFFFFFFFFFFFFFFFFFFFFFFFFFFFFFFFFFFFFFFFFFFFFFFFFFFFFFFFFFFFFFFFFFFFFFFFFFFFFFFFFFFFFFFFFFFFFFFFFFFFFFFFF" "FFFFFFFFFFFFFFFFFFFFFFFFFFFFFFFFFFFFFFFFFFFFFFFFFFFFFFFFFFFFFFFFFFFFFFFFFFFFFFFFFFFFFFFFFFFFFFFFFFFFFFFFFFFFFFFFFFFFFFFFFFFFFFFFFFFFFFFFFFFFFFFFFFFFFFFFFFFFFFFFFFFFFFFFFFFFFFFFFFFFFFFFFFFFFFFFFFFFFFFFFFFFFFFFFFFFFFFFFFFFFFFFFFFFFFFFFFFFFFFFFFFFFFFFFFFFFFF" "F"
foo764.netlifytest.yesthattom.com 300 IN TXT "GGGGGGGGGGGGGGGGGGGGGGGGGGGGGGGGGGGGGGGGGGGGGGGGGGGGGGGGGGGGGGGGGGGGGGGGGGGGGGGGGGGGGGGGGGGGGGGGGGGGGGGGGGGGGGGGGGGGGGGGGGGGGGGGGGGGGGGGGGGGGGGGGGGGGGGGGGGGGGGGGGGGGGGGGGGGGGGGGGGGGGGGGGGGGGGGGGGGGGGGGGGGGGGGGGGGGGGGGGGGGGGGGGGGGGGGGGGGGGGGGGGGGGGGGGGGGGG" "GGGGGGGGGGGGGGGGGGGGGGGGGGGGGGGGGGGGGGGGGGGGGGGGGGGGGGGGGGGGGGGGGGGGGGGGGGGGGGGGGGGGGGGGGGGGGGGGGGGGGGGGGGGGGGGGGGGGGGGGGGGGGGGGGGGGGGGGGGGGGGGGGGGGGGGGGGGGGGGGGGGGGGGGGGGGGGGGGGGGGGGGGGGGGGGGGGGGGGGGGGGGGGGGGGGGGGGGGGGGGGGGGGGGGGGGGGGGGGGGGGGGGGGGGGGGGGG" "GGGGGGGGGGGGGGGGGGGGGGGGGGGGGGGGGGGGGGGGGGGGGGGGGGGGGGGGGGGGGGGGGGGGGGGGGGGGGGGGGGGGGGGGGGGGGGGGGGGGGGGGGGGGGGGGGGGGGGGGGGGGGGGGGGGGGGGGGGGGGGGGGGGGGGGGGGGGGGGGGGGGGGGGGGGGGGGGGGGGGGGGGGGGGGGGGGGGGGGGGGGGGGGGGGGGGGGGGGGGGGGGGGGGGGGGGGGGGGGGGGGGGGGGGGGGGG"
foo765.netlifytest.yesthattom.com 300 IN TXT "HHHHHHHHHHHHHHHHHHHHHHHHHHHHHHHHHHHHHHHHHHHHHHHHHHHHHHHHHHHHHHHHHHHHHHHHHHHHHHHHHHHHHHHHHHHHHHHHHHHHHHHHHHHHHHHHHHHHHHHHHHHHHHHHHHHHHHHHHHHHHHHHHHHHHHHHHHHHHHHHHHHHHHHHHHHHHHHHHHHHHHHHHHHHHHHHHHHHHHHHHHHHHHHHHHHHHHHHHHHHHHHHHHHHHHHHHHHHHHHHHHHHHHHHHHHHHHH" "HHHHHHHHHHHHHHHHHHHHHHHHHHHHHHHHHHHHHHHHHHHHHHHHHHHHHHHHHHHHHHHHHHHHHHHHHHHHHHHHHHHHHHHHHHHHHHHHHHHHHHHHHHHHHHHHHHHHHHHHHHHHHHHHHHHHHHHHHHHHHHHHHHHHHHHHHHHHHHHHHHHHHHHHHHHHHHHHHHHHHHHHHHHHHHHHHHHHHHHHHHHHHHHHHHHHHHHHHHHHHHHHHHHHHHHHHHHHHHHHHHHHHHHHHHHHHHH" "HHHHHHHHHHHHHHHHHHHHHHHHHHHHHHHHHHHHHHHHHHHHHHHHHHHHHHHHHHHHHHHHHHHHHHHHHHHHHHHHHHHHHHHHHHHHHHHHHHHHHHHHHHHHHHHHHHHHHHHHHHHHHHHHHHHHHHHHHHHHHHHHHHHHHHHHHHHHHHHHHHHHHHHHHHHHHHHHHHHHHHHHHHHHHHHHHHHHHHHHHHHHHHHHHHHHHHHHHHHHHHHHHHHHHHHHHHHHHHHHHHHHHHHHHHHHHHH"
foo766.netlifytest.yesthattom.com 300 IN TXT "JJJJJJJJJJJJJJJJJJJJJJJJJJJJJJJJJJJJJJJJJJJJJJJJJJJJJJJJJJJJJJJJJJJJJJJJJJJJJJJJJJJJJJJJJJJJJJJJJJJJJJJJJJJJJJJJJJJJJJJJJJJJJJJJJJJJJJJJJJJJJJJJJJJJJJJJJJJJJJJJJJJJJJJJJJJJJJJJJJJJJJJJJJJJJJJJJJJJJJJJJJJJJJJJJJJJJJJJJJJJJJJJJJJJJJJJJJJJJJJJJJJJJJJJJJJJJJJ" "JJJJJJJJJJJJJJJJJJJJJJJJJJJJJJJJJJJJJJJJJJJJJJJJJJJJJJJJJJJJJJJJJJJJJJJJJJJJJJJJJJJJJJJJJJJJJJJJJJJJJJJJJJJJJJJJJJJJJJJJJJJJJJJJJJJJJJJJJJJJJJJJJJJJJJJJJJJJJJJJJJJJJJJJJJJJJJJJJJJJJJJJJJJJJJJJJJJJJJJJJJJJJJJJJJJJJJJJJJJJJJJJJJJJJJJJJJJJJJJJJJJJJJJJJJJJJJJ" "JJJJJJJJJJJJJJJJJJJJJJJJJJJJJJJJJJJJJJJJJJJJJJJJJJJJJJJJJJJJJJJJJJJJJJJJJJJJJJJJJJJJJJJJJJJJJJJJJJJJJJJJJJJJJJJJJJJJJJJJJJJJJJJJJJJJJJJJJJJJJJJJJJJJJJJJJJJJJJJJJJJJJJJJJJJJJJJJJJJJJJJJJJJJJJJJJJJJJJJJJJJJJJJJJJJJJJJJJJJJJJJJJJJJJJJJJJJJJJJJJJJJJJJJJJJJJJJ" "J"
foobt.netlifytest.yesthattom.com 300 IN TXT "blah`blah"
foodq.netlifytest.yesthattom.com 300 IN TXT "in\"side"
foodqs.netlifytest.yesthattom.com 300 IN TXT "in\"ter\"ior"
foodqs.netlifytest.yesthattom.com 300 IN TXT "\"left"
foodqs.netlifytest.yesthattom.com 300 IN TXT "right\""
fooosbs1.netlifytest.yesthattom.com 300 IN TXT "1back\\slash"
fooosbs2.netlifytest.yesthattom.com 300 IN TXT "2back\\\\slash"
fooosbs3.netlifytest.yesthattom.com 300 IN TXT "3back\\\\\\slash"
fooosbs4.netlifytest.yesthattom.com 300 IN TXT "4back\\\\\\\\slash"
foosc1.netlifytest.yesthattom.com 300 IN TXT "semi;colon"
foosc2.netlifytest.yesthattom.com 300 IN TXT "wssemi ; colon"
foosp.netlifytest.yesthattom.com 300 IN TXT "with spaces"
foosq.netlifytest.yesthattom.com 300 IN TXT "quo'te"
foows1.netlifytest.yesthattom.com 300 IN TXT "trailingws "
mail.bat.netlifytest.yesthattom.com 300 IN CNAME ghs.googlehosted.com.
mail.netlifytest.yesthattom.com 300 IN CNAME ghs.googlehosted.com.
mail.netlifytest.yesthattom.com 300 IN CNAME ghs.googlehosted.com.
netlifytest.yesthattom.com 1000 IN A 8.8.8.8
netlifytest.yesthattom.com 300 IN A 2.2.2.2
netlifytest.yesthattom.com 300 IN A 4.4.4.4
netlifytest.yesthattom.com 300 IN A 1.2.3.4
netlifytest.yesthattom.com 300 IN A 1.2.3.4
netlifytest.yesthattom.com 300 IN A 1.2.3.2
netlifytest.yesthattom.com 300 IN A 1.2.3.4
netlifytest.yesthattom.com 300 IN A 1.2.3.4
netlifytest.yesthattom.com 300 IN A 2.3.4.5
netlifytest.yesthattom.com 300 IN A 2.2.2.2
netlifytest.yesthattom.com 500 IN A 8.8.8.8
netlifytest.yesthattom.com 666 IN A 8.8.8.8
netlifytest.yesthattom.com 300 IN ALIAS foo.com.
netlifytest.yesthattom.com 300 IN ALIAS foo2.com.
netlifytest.yesthattom.com 300 IN ALIAS foo.netlifytest.yesthattom.com.
netlifytest.yesthattom.com 300 IN CAA 128 issue "letsencrypt.org"
netlifytest.yesthattom.com 300 IN CAA 0 issue "letsencrypt.org"
netlifytest.yesthattom.com 300 IN CAA 0 issue "letsencrypt.org; validationmethods=dns-01; accounturi=https://acme-v02.api.letsencrypt.org/acme/acct/1234"
netlifytest.yesthattom.com 300 IN CAA 0 issue "letsencrypt.org"
netlifytest.yesthattom.com 300 IN CAA 0 issuewild "letsencrypt.org"
netlifytest.yesthattom.com 300 IN CAA 0 issuewild "example.com"
netlifytest.yesthattom.com 300 IN CAA 0 issuewild ";"
netlifytest.yesthattom.com 300 IN MX 2 netlifytest.yesthattom.com.
netlifytest.yesthattom.com 300 IN MX 5 foo.com.
netlifytest.yesthattom.com 300 IN MX 5 bar.com.
netlifytest.yesthattom.com 300 IN MX 8 www.netlifytest.yesthattom.com.
netlifytest.yesthattom.com 300 IN NS dns1.p09.nsone.net.
netlifytest.yesthattom.com 300 IN NS dns2.p09.nsone.net.
netlifytest.yesthattom.com 300 IN NS dns3.p09.nsone.net.
netlifytest.yesthattom.com 300 IN NS dns4.p09.nsone.net.
netlifytest.yesthattom.com 300 IN NS ns1.foo.com.
netlifytest.yesthattom.com 300 IN NS ns2.foo.com.
netlifytest.yesthattom.com 300 IN TXT "simple"
netlifytest.yesthattom.com 300 IN TXT "asimple"
nmx.netlifytest.yesthattom.com 300 IN A 1.2.3.3
nmx.netlifytest.yesthattom.com 300 IN MX 3 nmx.netlifytest.yesthattom.com.
nmx.netlifytest.yesthattom.com 300 IN MX 9 www.netlifytest.yesthattom.com.
pager101-rec0000.netlifytest.yesthattom.com 300 IN A 1.2.3.4
pager101-rec0001.netlifytest.yesthattom.com 300 IN A 1.2.3.4
pager101-rec0002.netlifytest.yesthattom.com 300 IN A 1.2.3.4
pager101-rec0003.netlifytest.yesthattom.com 300 IN A 1.2.3.4
pager101-rec0004.netlifytest.yesthattom.com 300 IN A 1.2.3.4
pager101-rec0005.netlifytest.yesthattom.com 300 IN A 1.2.3.4
pager101-rec0006.netlifytest.yesthattom.com 300 IN A 1.2.3.4
pager101-rec0007.netlifytest.yesthattom.com 300 IN A 1.2.3.4
pager101-rec0008.netlifytest.yesthattom.com 300 IN A 1.2.3.4
pager101-rec0009.netlifytest.yesthattom.com 300 IN A 1.2.3.4
pager101-rec0010.netlifytest.yesthattom.com 300 IN A 1.2.3.4
pager101-rec0011.netlifytest.yesthattom.com 300 IN A 1.2.3.4
pager101-rec0012.netlifytest.yesthattom.com 300 IN A 1.2.3.4
pager101-rec0013.netlifytest.yesthattom.com 300 IN A 1.2.3.4
pager101-rec0014.netlifytest.yesthattom.com 300 IN A 1.2.3.4
pager101-rec0015.netlifytest.yesthattom.com 300 IN A 1.2.3.4
pager101-rec0016.netlifytest.yesthattom.com 300 IN A 1.2.3.4
pager101-rec0017.netlifytest.yesthattom.com 300 IN A 1.2.3.4
pager101-rec0018.netlifytest.yesthattom.com 300 IN A 1.2.3.4
pager101-rec0019.netlifytest.yesthattom.com 300 IN A 1.2.3.4
pager101-rec0020.netlifytest.yesthattom.com 300 IN A 1.2.3.4
pager101-rec0021.netlifytest.yesthattom.com 300 IN A 1.2.3.4
pager101-rec0022.netlifytest.yesthattom.com 300 IN A 1.2.3.4
pager101-rec0023.netlifytest.yesthattom.com 300 IN A 1.2.3.4
pager101-rec0024.netlifytest.yesthattom.com 300 IN A 1.2.3.4
pager101-rec0025.netlifytest.yesthattom.com 300 IN A 1.2.3.4
pager101-rec0026.netlifytest.yesthattom.com 300 IN A 1.2.3.4
pager101-rec0027.netlifytest.yesthattom.com 300 IN A 1.2.3.4
pager101-rec0028.netlifytest.yesthattom.com 300 IN A 1.2.3.4
pager101-rec0029.netlifytest.yesthattom.com 300 IN A 1.2.3.4
pager101-rec0030.netlifytest.yesthattom.com 300 IN A 1.2.3.4
pager101-rec0031.netlifytest.yesthattom.com 300 IN A 1.2.3.4
pager101-rec0032.netlifytest.yesthattom.com 300 IN A 1.2.3.4
pager101-rec0033.netlifytest.yesthattom.com 300 IN A 1.2.3.4
pager101-rec0034.netlifytest.yesthattom.com 300 IN A 1.2.3.4
pager101-rec0035.netlifytest.yesthattom.com 300 IN A 1.2.3.4
pager101-rec0036.netlifytest.yesthattom.com 300 IN A 1.2.3.4
pager101-rec0037.netlifytest.yesthattom.com 300 IN A 1.2.3.4
pager101-rec0038.netlifytest.yesthattom.com 300 IN A 1.2.3.4
pager101-rec0039.netlifytest.yesthattom.com 300 IN A 1.2.3.4
pager101-rec0040.netlifytest.yesthattom.com 300 IN A 1.2.3.4
pager101-rec0041.netlifytest.yesthattom.com 300 IN A 1.2.3.4
pager101-rec0042.netlifytest.yesthattom.com 300 IN A 1.2.3.4
pager101-rec0043.netlifytest.yesthattom.com 300 IN A 1.2.3.4
pager101-rec0044.netlifytest.yesthattom.com 300 IN A 1.2.3.4
pager101-rec0045.netlifytest.yesthattom.com 300 IN A 1.2.3.4
pager101-rec0046.netlifytest.yesthattom.com 300 IN A 1.2.3.4
pager101-rec0047.netlifytest.yesthattom.com 300 IN A 1.2.3.4
pager101-rec0048.netlifytest.yesthattom.com 300 IN A 1.2.3.4
pager101-rec0049.netlifytest.yesthattom.com 300 IN A 1.2.3.4
pager101-rec0050.netlifytest.yesthattom.com 300 IN A 1.2.3.4
pager101-rec0051.netlifytest.yesthattom.com 300 IN A 1.2.3.4
pager101-rec0052.netlifytest.yesthattom.com 300 IN A 1.2.3.4
pager101-rec0053.netlifytest.yesthattom.com 300 IN A 1.2.3.4
pager101-rec0054.netlifytest.yesthattom.com 300 IN A 1.2.3.4
pager101-rec0055.netlifytest.yesthattom.com 300 IN A 1.2.3.4
pager101-rec0056.netlifytest.yesthattom.com 300 IN A 1.2.3.4
pager101-rec0057.netlifytest.yesthattom.com 300 IN A 1.2.3.4
pager101-rec0058.netlifytest.yesthattom.com 300 IN A 1.2.3.4
pager101-rec0059.netlifytest.yesthattom.com 300 IN A 1.2.3.4
pager101-rec0060.netlifytest.yesthattom.com 300 IN A 1.2.3.4
pager101-rec0061.netlifytest.yesthattom.com 300 IN A 1.2.3.4
pager101-rec0062.netlifytest.yesthattom.com 300 IN A 1.2.3.4
pager101-rec0063.netlifytest.yesthattom.com 300 IN A 1.2.3.4
pager101-rec0064.netlifytest.yesthattom.com 300 IN A 1.2.3.4
pager101-rec0065.netlifytest.yesthattom.com 300 IN A 1.2.3.4
pager101-rec0066.netlifytest.yesthattom.com 300 IN A 1.2.3.4
pager101-rec0067.netlifytest.yesthattom.com 300 IN A 1.2.3.4
pager101-rec0068.netlifytest.yesthattom.com 300 IN A 1.2.3.4
pager101-rec0069.netlifytest.yesthattom.com 300 IN A 1.2.3.4
pager101-rec0070.netlifytest.yesthattom.com 300 IN A 1.2.3.4
pager101-rec0071.netlifytest.yesthattom.com 300 IN A 1.2.3.4
pager101-rec0072.netlifytest.yesthattom.com 300 IN A 1.2.3.4
pager101-rec0073.netlifytest.yesthattom.com 300 IN A 1.2.3.4
pager101-rec0074.netlifytest.yesthattom.com 300 IN A 1.2.3.4
pager101-rec0075.netlifytest.yesthattom.com 300 IN A 1.2.3.4
pager101-rec0076.netlifytest.yesthattom.com 300 IN A 1.2.3.4
pager101-rec0077.netlifytest.yesthattom.com 300 IN A 1.2.3.4
pager101-rec0078.netlifytest.yesthattom.com 300 IN A 1.2.3.4
pager101-rec0079.netlifytest.yesthattom.com 300 IN A 1.2.3.4
pager101-rec0080.netlifytest.yesthattom.com 300 IN A 1.2.3.4
pager101-rec0081.netlifytest.yesthattom.com 300 IN A 1.2.3.4
pager101-rec0082.netlifytest.yesthattom.com 300 IN A 1.2.3.4
pager101-rec0083.netlifytest.yesthattom.com 300 IN A 1.2.3.4
pager101-rec0084.netlifytest.yesthattom.com 300 IN A 1.2.3.4
pager101-rec0085.netlifytest.yesthattom.com 300 IN A 1.2.3.4
pager101-rec0086.netlifytest.yesthattom.com 300 IN A 1.2.3.4
pager101-rec0087.netlifytest.yesthattom.com 300 IN A 1.2.3.4
pager101-rec0088.netlifytest.yesthattom.com 300 IN A 1.2.3.4
pager101-rec0089.netlifytest.yesthattom.com 300 IN A 1.2.3.4
pager101-rec0090.netlifytest.yesthattom.com 300 IN A 1.2.3.4
pager101-rec0091.netlifytest.yesthattom.com 300 IN A 1.2.3.4
pager101-rec0092.netlifytest.yesthattom.com 300 IN A 1.2.3.4
pager101-rec0093.netlifytest.yesthattom.com 300 IN A 1.2.3.4
pager101-rec0094.netlifytest.yesthattom.com 300 IN A 1.2.3.4
pager101-rec0095.netlifytest.yesthattom.com 300 IN A 1.2.3.4
pager101-rec0096.netlifytest.yesthattom.com 300 IN A 1.2.3.4
pager101-rec0097.netlifytest.yesthattom.com 300 IN A 1.2.3.4
pager101-rec0098.netlifytest.yesthattom.com 300 IN A 1.2.3.4
pager101-rec0099.netlifytest.yesthattom.com 300 IN A 1.2.3.4
pager101-rec0100.netlifytest.yesthattom.com 300 IN A 1.2.3.4
test.netlifytest.yesthattom.com 300 IN ALIAS foo.com.
test.netlifytest.yesthattom.com 300 IN ALIAS foo2.com.
testa.netlifytest.yesthattom.com 300 IN A 1.1.1.1
testa.netlifytest.yesthattom.com 300 IN A 3.3.3.3
testa.netlifytest.yesthattom.com 333 IN A 1.1.1.1
testa.netlifytest.yesthattom.com 999 IN A 1.1.1.1
testaaaa.netlifytest.yesthattom.com 300 IN AAAA 2607:f8b0:4006:820::2006
testaaaa.netlifytest.yesthattom.com 300 IN AAAA 2607:f8b0:4006:820::2013
testcname.netlifytest.yesthattom.com 300 IN CNAME www.google.com.
testcname.netlifytest.yesthattom.com 300 IN CNAME www.yahoo.com.
testcname.netlifytest.yesthattom.com 300 IN CNAME foo.netlifytest.yesthattom.com.
testdefined.netlifytest.yesthattom.com 300 IN A 9.9.9.9
testdefined.netlifytest.yesthattom.com 300 IN A 2.2.2.2
testignore.netlifytest.yesthattom.com 300 IN A 8.8.8.8
testmx.netlifytest.yesthattom.com 300 IN MX 100 foo.com.
testmx.netlifytest.yesthattom.com 300 IN MX 100 bar.com.
testmx.netlifytest.yesthattom.com 300 IN MX 100 bar.com.
testmx.netlifytest.yesthattom.com 300 IN MX 5 foo.com.
testmx.netlifytest.yesthattom.com 300 IN MX 5 bar.com.
testmx.netlifytest.yesthattom.com 300 IN MX 5 foo.com.
testmx.netlifytest.yesthattom.com 300 IN MX 5 foo.com.
testmx.netlifytest.yesthattom.com 300 IN MX 5 foo.com.
testtxt.netlifytest.yesthattom.com 300 IN TXT "simple"
testtxt.netlifytest.yesthattom.com 300 IN TXT "changed"
www.netlifytest.yesthattom.com 300 IN A 5.5.5.5
www.netlifytest.yesthattom.com 300 IN A 1.1.1.1
www.netlifytest.yesthattom.com 300 IN A 3.3.3.3
www.netlifytest.yesthattom.com 300 IN A 2.2.2.2
www.netlifytest.yesthattom.com 300 IN A 1.1.1.1
www.netlifytest.yesthattom.com 300 IN A 2.2.2.2
www.netlifytest.yesthattom.com 300 IN A 3.3.3.3
www.netlifytest.yesthattom.com 300 IN A 1.1.1.1
www.netlifytest.yesthattom.com 300 IN A 1.1.1.1
www.netlifytest.yesthattom.com 300 IN A 1.2.3.4
www.netlifytest.yesthattom.com 300 IN A 5.6.7.8
www.netlifytest.yesthattom.com 300 IN A 2.2.2.2
www.netlifytest.yesthattom.com 300 IN A 1.2.3.9
www.netlifytest.yesthattom.com 300 IN A 1.2.3.8
www.netlifytest.yesthattom.com 400 IN A 2.2.2.2
www.netlifytest.yesthattom.com 400 IN A 5.6.7.8
www.netlifytest.yesthattom.com 400 IN A 5.6.7.8
www.netlifytest.yesthattom.com 700 IN A 5.6.7.8
www.netlifytest.yesthattom.com 700 IN A 1.2.3.4
xn--fiq228c.netlifytest.yesthattom.com 300 IN A 1.2.3.4
xn--ndaaa.netlifytest.yesthattom.com 300 IN A 1.2.3.4
xn--ndaaa.netlifytest.yesthattom.com 300 IN A 2.2.2.2
xn--o-0gab.netlifytest.yesthattom.com 300 IN CNAME xn--ndaaa.xn--vhquv.
xyz.netlifytest.yesthattom.com 300 IN NS ns2.foo.com.
xyz.netlifytest.yesthattom.com 300 IN NS ns1.foo.com.
zzz.netlifytest.yesthattom.com 300 IN A 3.3.3.3
zzz.netlifytest.yesthattom.com 300 IN A 4.4.4.4
zzz.netlifytest.yesthattom.com 300 IN AAAA 2003:dd:d7ff::fe71:cccc
