@ 300 IN NS ns1.digitalocean.com.
@ 300 IN NS ns2.digitalocean.com.
@ 300 IN NS ns3.digitalocean.com.
testa 300 IN A 1.1.1.1
testa 300 IN A 3.3.3.3
@ 300 IN A 2.2.2.2
@ 300 IN A 4.4.4.4
* 300 IN A 3.3.3.3
www 300 IN A 5.5.5.5
testaaaa 300 IN AAAA 2607:f8b0:4006:820::2006
testaaaa 300 IN AAAA 2607:f8b0:4006:820::2013
testcname 300 IN CNAME www.google.com.
testcname 300 IN CNAME www.yahoo.com.
foo 300 IN A 1.2.3.4
testcname 300 IN CNAME foo.dnscontroltest-digitalocean.com.
@ 300 IN MX 5 bar.com.
@ 300 IN MX 5 foo.com.
testmx 300 IN MX 5 bar.com.
testmx 300 IN MX 5 foo.com.
testmx 300 IN MX 100 foo.com.
testmx 300 IN MX 5 foo.com.
testtxt 300 IN TXT "changed"
testtxt 300 IN TXT "simple"
www 300 IN A 1.1.1.1
www 300 IN A 2.2.2.2
www 300 IN A 3.3.3.3
www 300 IN A 1.1.1.1
www 300 IN A 2.2.2.2
www 300 IN A 3.3.3.3
testmx 300 IN MX 100 bar.com.
testmx 300 IN MX 5 foo.com.
www 300 IN A 1.1.1.1
www 300 IN A 1.1.1.1
testmx 300 IN MX 5 foo.com.
testmx 300 IN MX 100 bar.com.
testa 333 IN A 1.1.1.1
testa 999 IN A 1.1.1.1
@ 1000 IN A 8.8.8.8
@ 500 IN A 8.8.8.8
@ 666 IN A 8.8.8.8
www 300 IN A 1.2.3.4
www 300 IN A 2.2.2.2
www 400 IN A 2.2.2.2
www 300 IN A 5.6.7.8
www 400 IN A 5.6.7.8
www 400 IN A 5.6.7.8
www 700 IN A 5.6.7.8
www 700 IN A 1.2.3.4
foo 300 IN A 1.2.3.4
foo 300 IN MX 5 mx.google.com.
foo 300 IN A 4.5.6.7
foo 300 IN CNAME google.com.
foo 300 IN A 1.2.3.4
foo 300 IN CNAME google2.com.
@ 300 IN A 1.2.3.4
foo 300 IN CNAME dnscontroltest-digitalocean.com.
@ 300 IN A 1.2.3.4
foo 300 IN MX 8 dnscontroltest-digitalocean.com.
nmx 300 IN A 1.2.3.3
www 300 IN A 1.2.3.9
nmx 300 IN MX 9 www.dnscontroltest-digitalocean.com.
nmx 300 IN MX 3 nmx.dnscontroltest-digitalocean.com.
@ 300 IN A 1.2.3.2
www 300 IN A 1.2.3.8
@ 300 IN MX 8 www.dnscontroltest-digitalocean.com.
@ 300 IN MX 2 dnscontroltest-digitalocean.com.
xyz 300 IN NS ns2.foo.com.
xyz 300 IN NS ns1.foo.com.
@ 300 IN A 1.2.3.4
foo 300 IN NS dnscontroltest-digitalocean.com.
@ 300 IN NS ns1.foo.com.
@ 300 IN NS ns2.foo.com.
foo254 300 IN TXT "AAAAAAAAAAAAAAAAAAAAAAAAAAAAAAAAAAAAAAAAAAAAAAAAAAAAAAAAAAAAAAAAAAAAAAAAAAAAAAAAAAAAAAAAAAAAAAAAAAAAAAAAAAAAAAAAAAAAAAAAAAAAAAAAAAAAAAAAAAAAAAAAAAAAAAAAAAAAAAAAAAAAAAAAAAAAAAAAAAAAAAAAAAAAAAAAAAAAAAAAAAAAAAAAAAAAAAAAAAAAAAAAAAAAAAAAAAAAAAAAAAAAAAAAAAAAAA"
foo255 300 IN TXT "BBBBBBBBBBBBBBBBBBBBBBBBBBBBBBBBBBBBBBBBBBBBBBBBBBBBBBBBBBBBBBBBBBBBBBBBBBBBBBBBBBBBBBBBBBBBBBBBBBBBBBBBBBBBBBBBBBBBBBBBBBBBBBBBBBBBBBBBBBBBBBBBBBBBBBBBBBBBBBBBBBBBBBBBBBBBBBBBBBBBBBBBBBBBBBBBBBBBBBBBBBBBBBBBBBBBBBBBBBBBBBBBBBBBBBBBBBBBBBBBBBBBBBBBBBBBBBB"
foo256 300 IN TXT "CCCCCCCCCCCCCCCCCCCCCCCCCCCCCCCCCCCCCCCCCCCCCCCCCCCCCCCCCCCCCCCCCCCCCCCCCCCCCCCCCCCCCCCCCCCCCCCCCCCCCCCCCCCCCCCCCCCCCCCCCCCCCCCCCCCCCCCCCCCCCCCCCCCCCCCCCCCCCCCCCCCCCCCCCCCCCCCCCCCCCCCCCCCCCCCCCCCCCCCCCCCCCCCCCCCCCCCCCCCCCCCCCCCCCCCCCCCCCCCCCCCCCCCCCCCCCCC" "C"
foosq 300 IN TXT "quo'te"
foobt 300 IN TXT "blah`blah"
foodq 300 IN TXT "in\"side"
foodqs 300 IN TXT "\"left"
foodqs 300 IN TXT "in\"ter\"ior"
foodqs 300 IN TXT "right\""
foosc1 300 IN TXT "semi;colon"
foosc2 300 IN TXT "wssemi ; colon"
foosp 300 IN TXT "with spaces"
foows1 300 IN TXT "trailingws "
foo 300 IN TXT "v=spf1 ip4:99.99.99.99 -all"
bar 300 IN MX 5 bar.com.
decoy 300 IN A 1.1.1.1
decoy 300 IN A 2.2.2.2
decoy 300 IN A 3.3.3.3
foo 300 IN A 1.2.3.4
foo 300 IN A 2.3.4.5
foo 300 IN A 3.4.5.6
foo 300 IN A 3.4.5.6
bar 300 IN A 1.2.3.4
foo 300 IN A 2.3.4.5
foo 300 IN A 3.4.5.6
foo 300 IN A 8.8.8.8
foo 300 IN MX 20 bar.dnscontroltest-digitalocean.com.
foo 300 IN MX 10 foo.dnscontroltest-digitalocean.com.
foo 300 IN A 8.8.8.8
xn--ndaaa 300 IN A 1.2.3.4
xn--ndaaa 300 IN A 2.2.2.2
xn--fiq228c 300 IN A 1.2.3.4
a 300 IN CNAME xn--ndaaa.com.
xn--o-0gab 300 IN CNAME xn--ndaaa.xn--vhquv.
@ 300 IN CAA 0 issuewild ";"
@ 300 IN CAA 0 issuewild "example.com"
@ 300 IN CAA 0 issue "letsencrypt.org"
@ 300 IN CAA 0 issuewild "letsencrypt.org"
@ 300 IN CAA 0 issue "letsencrypt.org"
@ 300 IN CAA 128 issue "letsencrypt.org"
_sip._tcp 300 IN SRV 5 6 7 foo.com.
_sip._tcp 300 IN SRV 52 6 7 foo.com.
_sip._tcp 300 IN SRV 52 62 7 foo.com.
_sip._tcp 300 IN SRV 52 62 72 foo.com.
_sip._tcp 300 IN SRV 5 60 70 foo2.com.
_sip._tcp 300 IN SRV 15 65 75 foo3.com.
_sip._tcp 300 IN SRV 15 65 75 foo4.com.
_sip._tcp 300 IN SRV 15 65 75 .
_sip._tcp 333 IN SRV 5 6 7 foo.com.
_sip._tcp 4400 IN SRV 5 6 7 foo.com.
bar 300 IN A 5.5.5.5
foo 300 IN A 1.2.3.4
foo 300 IN A 2.3.4.5
foo 300 IN TXT "simple"
mail 300 IN CNAME ghs.googlehosted.com.
@ 300 IN A 1.2.3.4
@ 300 IN A 2.3.4.5
@ 300 IN TXT "simple"
bar 300 IN A 5.5.5.5
mail 300 IN CNAME ghs.googlehosted.com.
@ 300 IN A 2.2.2.2
@ 300 IN TXT "asimple"
foo 300 IN A 1.2.3.4
foo 300 IN TXT "simple"
bar.bat 300 IN A 5.5.5.5
foo.bat 300 IN A 1.2.3.4
foo.bat 300 IN A 2.3.4.5
foo.bat 300 IN TXT "simple"
mail.bat 300 IN CNAME ghs.googlehosted.com.
foo 300 IN A 1.1.1.1
foo 300 IN A 10.10.10.10
foo 300 IN A 11.11.11.11
foo 300 IN A 12.12.12.12
foo 300 IN A 13.13.13.13
foo 300 IN A 14.14.14.14
foo 300 IN AAAA 2003:dd:d7ff::fe71:aaaa
foo 300 IN MX 10 aspmx.l.google.com.
foo 300 IN MX 20 alt1.aspmx.l.google.com.
zzz 300 IN A 3.3.3.3
zzz 300 IN A 4.4.4.4
zzz 300 IN AAAA 2003:dd:d7ff::fe71:cccc
bar 300 IN CNAME redact2.acm-validations.aws.
foo 300 IN CNAME redact1.acm-validations.aws.
dyndns-city1 300 IN A 91.42.1.1
dyndns-city1 300 IN AAAA 2003:dd:d7ff::fe71:ce77
dyndns-city2 300 IN A 91.42.1.2
dyndns-city2 300 IN AAAA 2003:dd:d7ff::fe71:ce78
testdefined 300 IN A 2.2.2.2
testdefined 300 IN A 9.9.9.9
testignore 300 IN A 8.8.8.8
final 300 IN TXT "TestDNSProviders was successful!"
final 300 IN TXT "TestDNSProviders was successful!"
