bar 300 IN MX 5 bar.com.
foo 300 IN NS dnscontroltest-vercel.test.
foosq 300 IN TXT "quo'te"
foo511 300 IN TXT "FFFFFFFFFFFFFFFFFFFFFFFFFFFFFFFFFFFFFFFFFFFFFFFFFFFFFFFFFFFFFFFFFFFFFFFFFFFFFFFFFFFFFFFFFFFFFFFFFFFFFFFFFFFFFFFFFFFFFFFFFFFFFFFFFFFFFFFFFFFFFFFFFFFFFFFFFFFFFFFFFFFFFFFFFFFFFFFFFFFFFFFFFFFFFFFFFFFFFFFFFFFFFFFFFFFFFFFFFFFFFFFFFFFFFFFFFFFFFFFFFFFFFFFFFFFFFFF" "FFFFFFFFFFFFFFFFFFFFFFFFFFFFFFFFFFFFFFFFFFFFFFFFFFFFFFFFFFFFFFFFFFFFFFFFFFFFFFFFFFFFFFFFFFFFFFFFFFFFFFFFFFFFFFFFFFFFFFFFFFFFFFFFFFFFFFFFFFFFFFFFFFFFFFFFFFFFFFFFFFFFFFFFFFFFFFFFFFFFFFFFFFFFFFFFFFFFFFFFFFFFFFFFFFFFFFFFFFFFFFFFFFFFFFFFFFFFFFFFFFFFFFFFFFFFFFF" "F"
@ 300 IN HTTPS 1 test.com. port="99"
foo 300 IN MX 10 foo.dnscontroltest-vercel.test.
testtxt 300 IN TXT "changed"
testcname 300 IN CNAME foo.dnscontroltest-vercel.test.
foo 300 IN CNAME google.com.
@ 300 IN ALIAS foo.dnscontroltest-vercel.test.
fooosbs2 300 IN TXT "2back\\\\slash"
testaaaa 300 IN AAAA 2607:f8b0:4006:820::2013
xn--ndaaa 300 IN A 2.2.2.2
@ 300 IN CAA 128 issue "letsencrypt.org"
_sip._tcp 300 IN SRV 52 62 7 foo.com.
nmx 300 IN MX 3 nmx.dnscontroltest-vercel.test.
testa 300 IN A 1.1.1.1
testa 333 IN A 1.1.1.1
testa 999 IN A 1.1.1.1
foo510 300 IN TXT "EEEEEEEEEEEEEEEEEEEEEEEEEEEEEEEEEEEEEEEEEEEEEEEEEEEEEEEEEEEEEEEEEEEEEEEEEEEEEEEEEEEEEEEEEEEEEEEEEEEEEEEEEEEEEEEEEEEEEEEEEEEEEEEEEEEEEEEEEEEEEEEEEEEEEEEEEEEEEEEEEEEEEEEEEEEEEEEEEEEEEEEEEEEEEEEEEEEEEEEEEEEEEEEEEEEEEEEEEEEEEEEEEEEEEEEEEEEEEEEEEEEEEEEEEEEEEEE" "EEEEEEEEEEEEEEEEEEEEEEEEEEEEEEEEEEEEEEEEEEEEEEEEEEEEEEEEEEEEEEEEEEEEEEEEEEEEEEEEEEEEEEEEEEEEEEEEEEEEEEEEEEEEEEEEEEEEEEEEEEEEEEEEEEEEEEEEEEEEEEEEEEEEEEEEEEEEEEEEEEEEEEEEEEEEEEEEEEEEEEEEEEEEEEEEEEEEEEEEEEEEEEEEEEEEEEEEEEEEEEEEEEEEEEEEEEEEEEEEEEEEEEEEEEEEEEE"
foo764 300 IN TXT "GGGGGGGGGGGGGGGGGGGGGGGGGGGGGGGGGGGGGGGGGGGGGGGGGGGGGGGGGGGGGGGGGGGGGGGGGGGGGGGGGGGGGGGGGGGGGGGGGGGGGGGGGGGGGGGGGGGGGGGGGGGGGGGGGGGGGGGGGGGGGGGGGGGGGGGGGGGGGGGGGGGGGGGGGGGGGGGGGGGGGGGGGGGGGGGGGGGGGGGGGGGGGGGGGGGGGGGGGGGGGGGGGGGGGGGGGGGGGGGGGGGGGGGGGGGGGGG" "GGGGGGGGGGGGGGGGGGGGGGGGGGGGGGGGGGGGGGGGGGGGGGGGGGGGGGGGGGGGGGGGGGGGGGGGGGGGGGGGGGGGGGGGGGGGGGGGGGGGGGGGGGGGGGGGGGGGGGGGGGGGGGGGGGGGGGGGGGGGGGGGGGGGGGGGGGGGGGGGGGGGGGGGGGGGGGGGGGGGGGGGGGGGGGGGGGGGGGGGGGGGGGGGGGGGGGGGGGGGGGGGGGGGGGGGGGGGGGGGGGGGGGGGGGGGGGG" "GGGGGGGGGGGGGGGGGGGGGGGGGGGGGGGGGGGGGGGGGGGGGGGGGGGGGGGGGGGGGGGGGGGGGGGGGGGGGGGGGGGGGGGGGGGGGGGGGGGGGGGGGGGGGGGGGGGGGGGGGGGGGGGGGGGGGGGGGGGGGGGGGGGGGGGGGGGGGGGGGGGGGGGGGGGGGGGGGGGGGGGGGGGGGGGGGGGGGGGGGGGGGGGGGGGGGGGGGGGGGGGGGGGGGGGGGGGGGGGGGGGGGGGGGGGGGG"
testmx 300 IN MX 100 bar.com.
test 300 IN ALIAS foo2.com.
_sip._tcp 300 IN SRV 5 6 7 foo.com.
_sip._tcp 333 IN SRV 5 6 7 foo.com.
_sip._tcp 4400 IN SRV 5 6 7 foo.com.
foo 300 IN TXT "v=spf1 ip4:99.99.99.99 -all"
foo 300 IN A 3.4.5.6
@ 300 IN ALIAS foo.com.
foodqs 300 IN TXT "right\""
fooosbs3 300 IN TXT "3back\\\\\\slash"
a 300 IN CNAME xn--ndaaa.com.
foo766 300 IN TXT "JJJJJJJJJJJJJJJJJJJJJJJJJJJJJJJJJJJJJJJJJJJJJJJJJJJJJJJJJJJJJJJJJJJJJJJJJJJJJJJJJJJJJJJJJJJJJJJJJJJJJJJJJJJJJJJJJJJJJJJJJJJJJJJJJJJJJJJJJJJJJJJJJJJJJJJJJJJJJJJJJJJJJJJJJJJJJJJJJJJJJJJJJJJJJJJJJJJJJJJJJJJJJJJJJJJJJJJJJJJJJJJJJJJJJJJJJJJJJJJJJJJJJJJJJJJJJJJ" "JJJJJJJJJJJJJJJJJJJJJJJJJJJJJJJJJJJJJJJJJJJJJJJJJJJJJJJJJJJJJJJJJJJJJJJJJJJJJJJJJJJJJJJJJJJJJJJJJJJJJJJJJJJJJJJJJJJJJJJJJJJJJJJJJJJJJJJJJJJJJJJJJJJJJJJJJJJJJJJJJJJJJJJJJJJJJJJJJJJJJJJJJJJJJJJJJJJJJJJJJJJJJJJJJJJJJJJJJJJJJJJJJJJJJJJJJJJJJJJJJJJJJJJJJJJJJJJ" "JJJJJJJJJJJJJJJJJJJJJJJJJJJJJJJJJJJJJJJJJJJJJJJJJJJJJJJJJJJJJJJJJJJJJJJJJJJJJJJJJJJJJJJJJJJJJJJJJJJJJJJJJJJJJJJJJJJJJJJJJJJJJJJJJJJJJJJJJJJJJJJJJJJJJJJJJJJJJJJJJJJJJJJJJJJJJJJJJJJJJJJJJJJJJJJJJJJJJJJJJJJJJJJJJJJJJJJJJJJJJJJJJJJJJJJJJJJJJJJJJJJJJJJJJJJJJJJ" "J"
@ 300 IN CAA 0 issue "letsencrypt.org"
foo256 300 IN TXT "CCCCCCCCCCCCCCCCCCCCCCCCCCCCCCCCCCCCCCCCCCCCCCCCCCCCCCCCCCCCCCCCCCCCCCCCCCCCCCCCCCCCCCCCCCCCCCCCCCCCCCCCCCCCCCCCCCCCCCCCCCCCCCCCCCCCCCCCCCCCCCCCCCCCCCCCCCCCCCCCCCCCCCCCCCCCCCCCCCCCCCCCCCCCCCCCCCCCCCCCCCCCCCCCCCCCCCCCCCCCCCCCCCCCCCCCCCCCCCCCCCCCCCCCCCCCCCC" "C"
@ 300 IN A 1.2.3.2
@ 300 IN ALIAS foo2.com.
foo 300 IN CNAME dnscontroltest-vercel.test.
foosc2 300 IN TXT "wssemi ; colon"
xyz 300 IN NS ns2.foo.com.
decoy 300 IN A 2.2.2.2
@ 1000 IN A 8.8.8.8
@ 500 IN A 8.8.8.8
@ 666 IN A 8.8.8.8
@ 300 IN MX 5 bar.com.
@ 300 IN HTTPS 3 example.com. alpn="h2,h3" port="999"
www 300 IN A 1.2.3.9
foodqs 300 IN TXT "in\"ter\"ior"
_sip._tcp 300 IN SRV 15 65 75 foo4.com.
@ 300 IN HTTPS 1 test.com. alpn="h2" port="99"
foo 300 IN A 1.2.3.4
foo 300 IN A 4.5.6.7
decoy 300 IN A 3.3.3.3
_sip._tcp 300 IN SRV 52 62 72 foo.com.
www 300 IN A 3.3.3.3
@ 300 IN CAA 0 issuewild "letsencrypt.org"
www 300 IN A 1.2.3.4
www 700 IN A 1.2.3.4
@ 300 IN MX 8 www.dnscontroltest-vercel.test.
foo 300 IN A 8.8.8.8
@ 300 IN A 4.4.4.4
foo509 300 IN TXT "DDDDDDDDDDDDDDDDDDDDDDDDDDDDDDDDDDDDDDDDDDDDDDDDDDDDDDDDDDDDDDDDDDDDDDDDDDDDDDDDDDDDDDDDDDDDDDDDDDDDDDDDDDDDDDDDDDDDDDDDDDDDDDDDDDDDDDDDDDDDDDDDDDDDDDDDDDDDDDDDDDDDDDDDDDDDDDDDDDDDDDDDDDDDDDDDDDDDDDDDDDDDDDDDDDDDDDDDDDDDDDDDDDDDDDDDDDDDDDDDDDDDDDDDDDDDDDD" "DDDDDDDDDDDDDDDDDDDDDDDDDDDDDDDDDDDDDDDDDDDDDDDDDDDDDDDDDDDDDDDDDDDDDDDDDDDDDDDDDDDDDDDDDDDDDDDDDDDDDDDDDDDDDDDDDDDDDDDDDDDDDDDDDDDDDDDDDDDDDDDDDDDDDDDDDDDDDDDDDDDDDDDDDDDDDDDDDDDDDDDDDDDDDDDDDDDDDDDDDDDDDDDDDDDDDDDDDDDDDDDDDDDDDDDDDDDDDDDDDDDDDDDDDDDDDD"
@ 300 IN MX 2 dnscontroltest-vercel.test.
test 300 IN ALIAS foo.com.
@ 300 IN A 2.2.2.2
testmx 300 IN MX 100 foo.com.
testmx 300 IN MX 5 foo.com.
foo 300 IN MX 20 bar.dnscontroltest-vercel.test.
testcname 300 IN CNAME www.yahoo.com.
xn--o-0gab 300 IN CNAME xn--ndaaa.xn--vhquv.
foo 300 IN CNAME google2.com.
decoy 300 IN A 1.1.1.1
final 300 IN TXT "TestDNSProviders was successful!"
@ 300 IN HTTPS 1 test.com. port="80"
testmx 300 IN MX 5 bar.com.
nmx 300 IN MX 9 www.dnscontroltest-vercel.test.
foosp 300 IN TXT "with spaces"
_sip._tcp 300 IN SRV 52 6 7 foo.com.
foo 300 IN MX 5 mx.google.com.
foo 300 IN MX 8 dnscontroltest-vercel.test.
fooosbs1 300 IN TXT "1back\\slash"
www 300 IN A 1.1.1.1
xyz 300 IN NS ns1.foo.com.
www 300 IN A 1.2.3.8
fooosbs4 300 IN TXT "4back\\\\\\\\slash"
_sip._tcp 300 IN SRV 15 65 75 foo3.com.
@ 300 IN A 1.2.3.4
* 300 IN A 3.3.3.3
foosc1 300 IN TXT "semi;colon"
bar 300 IN A 1.2.3.4
_sip._tcp 300 IN SRV 15 65 75 .
foows1 300 IN TXT "trailingws "
xn--fiq228c 300 IN A 1.2.3.4
testaaaa 300 IN AAAA 2607:f8b0:4006:820::2006
www 300 IN A 5.5.5.5
foodq 300 IN TXT "in\"side"
foo 300 IN A 2.3.4.5
@ 300 IN MX 5 foo.com.
@ 300 IN CAA 0 issuewild "example.com"
www 300 IN A 5.6.7.8
www 400 IN A 5.6.7.8
www 700 IN A 5.6.7.8
foo255 300 IN TXT "BBBBBBBBBBBBBBBBBBBBBBBBBBBBBBBBBBBBBBBBBBBBBBBBBBBBBBBBBBBBBBBBBBBBBBBBBBBBBBBBBBBBBBBBBBBBBBBBBBBBBBBBBBBBBBBBBBBBBBBBBBBBBBBBBBBBBBBBBBBBBBBBBBBBBBBBBBBBBBBBBBBBBBBBBBBBBBBBBBBBBBBBBBBBBBBBBBBBBBBBBBBBBBBBBBBBBBBBBBBBBBBBBBBBBBBBBBBBBBBBBBBBBBBBBBBBBBB"
testcname 300 IN CNAME www.google.com.
xn--ndaaa 300 IN A 1.2.3.4
www 300 IN A 2.2.2.2
www 400 IN A 2.2.2.2
@ 300 IN HTTPS 0 test.com.
foo254 300 IN TXT "AAAAAAAAAAAAAAAAAAAAAAAAAAAAAAAAAAAAAAAAAAAAAAAAAAAAAAAAAAAAAAAAAAAAAAAAAAAAAAAAAAAAAAAAAAAAAAAAAAAAAAAAAAAAAAAAAAAAAAAAAAAAAAAAAAAAAAAAAAAAAAAAAAAAAAAAAAAAAAAAAAAAAAAAAAAAAAAAAAAAAAAAAAAAAAAAAAAAAAAAAAAAAAAAAAAAAAAAAAAAAAAAAAAAAAAAAAAAAAAAAAAAAAAAAAAAAA"
foo765 300 IN TXT "HHHHHHHHHHHHHHHHHHHHHHHHHHHHHHHHHHHHHHHHHHHHHHHHHHHHHHHHHHHHHHHHHHHHHHHHHHHHHHHHHHHHHHHHHHHHHHHHHHHHHHHHHHHHHHHHHHHHHHHHHHHHHHHHHHHHHHHHHHHHHHHHHHHHHHHHHHHHHHHHHHHHHHHHHHHHHHHHHHHHHHHHHHHHHHHHHHHHHHHHHHHHHHHHHHHHHHHHHHHHHHHHHHHHHHHHHHHHHHHHHHHHHHHHHHHHHHH" "HHHHHHHHHHHHHHHHHHHHHHHHHHHHHHHHHHHHHHHHHHHHHHHHHHHHHHHHHHHHHHHHHHHHHHHHHHHHHHHHHHHHHHHHHHHHHHHHHHHHHHHHHHHHHHHHHHHHHHHHHHHHHHHHHHHHHHHHHHHHHHHHHHHHHHHHHHHHHHHHHHHHHHHHHHHHHHHHHHHHHHHHHHHHHHHHHHHHHHHHHHHHHHHHHHHHHHHHHHHHHHHHHHHHHHHHHHHHHHHHHHHHHHHHHHHHHHH" "HHHHHHHHHHHHHHHHHHHHHHHHHHHHHHHHHHHHHHHHHHHHHHHHHHHHHHHHHHHHHHHHHHHHHHHHHHHHHHHHHHHHHHHHHHHHHHHHHHHHHHHHHHHHHHHHHHHHHHHHHHHHHHHHHHHHHHHHHHHHHHHHHHHHHHHHHHHHHHHHHHHHHHHHHHHHHHHHHHHHHHHHHHHHHHHHHHHHHHHHHHHHHHHHHHHHHHHHHHHHHHHHHHHHHHHHHHHHHHHHHHHHHHHHHHHHHHH"
nmx 300 IN A 1.2.3.3
testtxt 300 IN TXT "simple"
foodqs 300 IN TXT "\"left"
@ 300 IN CAA 128 issue "digicert.com; cansignhttpexchanges=yes"
testa 300 IN A 3.3.3.3
_sip._tcp 300 IN SRV 5 60 70 foo2.com.
foobt 300 IN TXT "blah`blah"
