[
  {
    "name": "*",
    "ttl": 300,
    "value": "3.3.3.3",
    "comment": ""
  },
  {
    "name": "",
    "ttl": 1000,
    "value": "8.8.8.8",
    "comment": ""
  },
  {
    "name": "",
    "ttl": 300,
    "value": "1.2.3.2",
    "comment": ""
  },
  {
    "name": "",
    "ttl": 300,
    "value": "1.2.3.4",
    "comment": ""
  },
  {
    "name": "",
    "ttl": 300,
    "value": "2.2.2.2",
    "comment": ""
  },
  {
    "name": "",
    "ttl": 300,
    "value": "4.4.4.4",
    "comment": ""
  },
  {
    "name": "",
    "ttl": 300,
    "value": "foo.com.",
    "comment": ""
  },
  {
    "name": "",
    "ttl": 300,
    "value": "foo.dnscontroltest-vercel.test.",
    "comment": ""
  },
  {
    "name": "",
    "ttl": 300,
    "value": "foo2.com.",
    "comment": ""
  },
  {
    "name": "",
    "ttl": 300,
    "value": "0 issue \"letsencrypt.org\"",
    "comment": ""
  },
  {
    "name": "",
    "ttl": 300,
    "value": "0 issuewild \"example.com\"",
    "comment": ""
  },
  {
    "name": "",
    "ttl": 300,
    "value": "0 issuewild \"letsencrypt.org\"",
    "comment": ""
  },
  {
    "name": "",
    "ttl": 300,
    "value": "128 issue \"digicert.com; cansignhttpexchanges=yes\"",
    "comment": ""
  },
  {
    "name": "",
    "ttl": 300,
    "value": "128 issue \"letsencrypt.org\"",
    "comment": ""
  },
  {
    "name": "",
    "ttl": 300,
    "comment": "",
    "https": {
      "priority": 0,
      "target": "test.com.",
      "params": ""
    }
  },
  {
    "name": "",
    "ttl": 300,
    "comment": "",
    "https": {
      "priority": 1,
      "target": "test.com.",
      "params": "alpn=h2 port=99"
    }
  },
  {
    "name": "",
    "ttl": 300,
    "comment": "",
    "https": {
      "priority": 1,
      "target": "test.com.",
      "params": "port=80"
    }
  },
  {
    "name": "",
    "ttl": 300,
    "comment": "",
    "https": {
      "priority": 1,
      "target": "test.com.",
      "params": "port=99"
    }
  },
  {
    "name": "",
    "ttl": 300,
    "comment": "",
    "https": {
      "priority": 3,
      "target": "example.com.",
      "params": "alpn=h2,h3 port=999"
    }
  },
  {
    "mxPriority": 2,
    "name": "",
    "ttl": 300,
    "value": "dnscontroltest-vercel.test.",
    "comment": ""
  },
  {
    "mxPriority": 5,
    "name": "",
    "ttl": 300,
    "value": "bar.com.",
    "comment": ""
  },
  {
    "mxPriority": 5,
    "name": "",
    "ttl": 300,
    "value": "foo.com.",
    "comment": ""
  },
  {
    "mxPriority": 8,
    "name": "",
    "ttl": 300,
    "value": "www.dnscontroltest-vercel.test.",
    "comment": ""
  },
  {
    "name": "",
    "ttl": 500,
    "value": "8.8.8.8",
    "comment": ""
  },
  {
    "name": "",
    "ttl": 666,
    "value": "8.8.8.8",
    "comment": ""
  },
  {
    "name": "_sip._tcp",
    "srv": {
      "port": 75,
      "priority": 15,
      "target": ".",
      "weight": 65
    },
    "ttl": 300,
    "comment": ""
  },
  {
    "name": "_sip._tcp",
    "srv": {
      "port": 75,
      "priority": 15,
      "target": "foo3.com.",
      "weight": 65
    },
    "ttl": 300,
    "comment": ""
  },
  {
    "name": "_sip._tcp",
    "srv": {
      "port": 75,
      "priority": 15,
      "target": "foo4.com.",
      "weight": 65
    },
    "ttl": 300,
    "comment": ""
  },
  {
    "name": "_sip._tcp",
    "srv": {
      "port": 7,
      "priority": 5,
      "target": "foo.com.",
      "weight": 6
    },
    "ttl": 300,
    "comment": ""
  },
  {
    "name": "_sip._tcp",
    "srv": {
      "port": 70,
      "priority": 5,
      "target": "foo2.com.",
      "weight": 60
    },
    "ttl": 300,
    "comment": ""
  },
  {
    "name": "_sip._tcp",
    "srv": {
      "port": 7,
      "priority": 52,
      "target": "foo.com.",
      "weight": 6
    },
    "ttl": 300,
    "comment": ""
  },
  {
    "name": "_sip._tcp",
    "srv": {
      "port": 7,
      "priority": 52,
      "target": "foo.com.",
      "weight": 62
    },
    "ttl": 300,
    "comment": ""
  },
  {
    "name": "_sip._tcp",
    "srv": {
      "port": 72,
      "priority": 52,
      "target": "foo.com.",
      "weight": 62
    },
    "ttl": 300,
    "comment": ""
  },
  {
    "name": "_sip._tcp",
    "srv": {
      "port": 7,
      "priority": 5,
      "target": "foo.com.",
      "weight": 6
    },
    "ttl": 333,
    "comment": ""
  },
  {
    "name": "_sip._tcp",
    "srv": {
      "port": 7,
      "priority": 5,
      "target": "foo.com.",
      "weight": 6
    },
    "ttl": 4400,
    "comment": ""
  },
  {
    "name": "a",
    "ttl": 300,
    "value": "xn--ndaaa.com.",
    "comment": ""
  },
  {
    "name": "bar",
    "ttl": 300,
    "value": "1.2.3.4",
    "comment": ""
  },
  {
    "mxPriority": 5,
    "name": "bar",
    "ttl": 300,
    "value": "bar.com.",
    "comment": ""
  },
  {
    "name": "decoy",
    "ttl": 300,
    "value": "1.1.1.1",
    "comment": ""
  },
  {
    "name": "decoy",
    "ttl": 300,
    "value": "2.2.2.2",
    "comment": ""
  },
  {
    "name": "decoy",
    "ttl": 300,
    "value": "3.3.3.3",
    "comment": ""
  },
  {
    "name": "final",
    "ttl": 300,
    "value": "TestDNSProviders was successful!",
    "comment": ""
  },
  {
    "name": "foo",
    "ttl": 300,
    "value": "1.2.3.4",
    "comment": ""
  },
  {
    "name": "foo",
    "ttl": 300,
    "value": "2.3.4.5",
    "comment": ""
  },
  {
    "name": "foo",
    "ttl": 300,
    "value": "3.4.5.6",
    "comment": ""
  },
  {
    "name": "foo",
    "ttl": 300,
    "value": "4.5.6.7",
    "comment": ""
  },
  {
    "name": "foo",
    "ttl": 300,
    "value": "8.8.8.8",
    "comment": ""
  },
  {
    "name": "foo",
    "ttl": 300,
    "value": "dnscontroltest-vercel.test.",
    "comment": ""
  },
  {
    "name": "foo",
    "ttl": 300,
    "value": "google.com.",
    "comment": ""
  },
  {
    "name": "foo",
    "ttl": 300,
    "value": "google2.com.",
    "comment": ""
  },
  {
    "mxPriority": 10,
    "name": "foo",
    "ttl": 300,
    "value": "foo.dnscontroltest-vercel.test.",
    "comment": ""
  },
  {
    "mxPriority": 20,
    "name": "foo",
    "ttl": 300,
    "value": "bar.dnscontroltest-vercel.test.",
    "comment": ""
  },
  {
    "mxPriority": 5,
    "name": "foo",
    "ttl": 300,
    "value": "mx.google.com.",
    "comment": ""
  },
  {
    "mxPriority": 8,
    "name": "foo",
    "ttl": 300,
    "value": "dnscontroltest-vercel.test.",
    "comment": ""
  },
  {
    "name": "foo",
    "ttl": 300,
    "value": "dnscontroltest-vercel.test.",
    "comment": ""
  },
  {
    "name": "foo",
    "ttl": 300,
    "value": "v=spf1 ip4:99.99.99.99 -all",
    "comment": ""
  },
  {
    "name": "foo254",
    "ttl": 300,
    "value": "AAAAAAAAAAAAAAAAAAAAAAAAAAAAAAAAAAAAAAAAAAAAAAAAAAAAAAAAAAAAAAAAAAAAAAAAAAAAAAAAAAAAAAAAAAAAAAAAAAAAAAAAAAAAAAAAAAAAAAAAAAAAAAAAAAAAAAAAAAAAAAAAAAAAAAAAAAAAAAAAAAAAAAAAAAAAAAAAAAAAAAAAAAAAAAAAAAAAAAAAAAAAAAAAAAAAAAAAAAAAAAAAAAAAAAAAAAAAAAAAAAAAAAAAAAAAAA",
    "comment": ""
  },
  {
    "name": "foo255",
    "ttl": 300,
    "value": "BBBBBBBBBBBBBBBBBBBBBBBBBBBBBBBBBBBBBBBBBBBBBBBBBBBBBBBBBBBBBBBBBBBBBBBBBBBBBBBBBBBBBBBBBBBBBBBBBBBBBBBBBBBBBBBBBBBBBBBBBBBBBBBBBBBBBBBBBBBBBBBBBBBBBBBBBBBBBBBBBBBBBBBBBBBBBBBBBBBBBBBBBBBBBBBBBBBBBBBBBBBBBBBBBBBBBBBBBBBBBBBBBBBBBBBBBBBBBBBBBBBBBBBBBBBBBBB",
    "comment": ""
  },
  {
    "name": "foo256",
    "ttl": 300,
    "value": "CCCCCCCCCCCCCCCCCCCCCCCCCCCCCCCCCCCCCCCCCCCCCCCCCCCCCCCCCCCCCCCCCCCCCCCCCCCCCCCCCCCCCCCCCCCCCCCCCCCCCCCCCCCCCCCCCCCCCCCCCCCCCCCCCCCCCCCCCCCCCCCCCCCCCCCCCCCCCCCCCCCCCCCCCCCCCCCCCCCCCCCCCCCCCCCCCCCCCCCCCCCCCCCCCCCCCCCCCCCCCCCCCCCCCCCCCCCCCCCCCCCCCCCCCCCCCCCC",
    "comment": ""
  },
  {
    "name": "foo509",
    "ttl": 300,
    "value": "DDDDDDDDDDDDDDDDDDDDDDDDDDDDDDDDDDDDDDDDDDDDDDDDDDDDDDDDDDDDDDDDDDDDDDDDDDDDDDDDDDDDDDDDDDDDDDDDDDDDDDDDDDDDDDDDDDDDDDDDDDDDDDDDDDDDDDDDDDDDDDDDDDDDDDDDDDDDDDDDDDDDDDDDDDDDDDDDDDDDDDDDDDDDDDDDDDDDDDDDDDDDDDDDDDDDDDDDDDDDDDDDDDDDDDDDDDDDDDDDDDDDDDDDDDDDDDDDDDDDDDDDDDDDDDDDDDDDDDDDDDDDDDDDDDDDDDDDDDDDDDDDDDDDDDDDDDDDDDDDDDDDDDDDDDDDDDDDDDDDDDDDDDDDDDDDDDDDDDDDDDDDDDDDDDDDDDDDDDDDDDDDDDDDDDDDDDDDDDDDDDDDDDDDDDDDDDDDDDDDDDDDDDDDDDDDDDDDDDDDDDDDDDDDDDDDDDDDDDDDDDDDDDDDDDDDDDDDDDDDDDDDDDDDDDDDDDDDDDDDDDDDDDDDD",
    "comment": ""
  },
  {
    "name": "foo510",
    "ttl": 300,
    "value": "EEEEEEEEEEEEEEEEEEEEEEEEEEEEEEEEEEEEEEEEEEEEEEEEEEEEEEEEEEEEEEEEEEEEEEEEEEEEEEEEEEEEEEEEEEEEEEEEEEEEEEEEEEEEEEEEEEEEEEEEEEEEEEEEEEEEEEEEEEEEEEEEEEEEEEEEEEEEEEEEEEEEEEEEEEEEEEEEEEEEEEEEEEEEEEEEEEEEEEEEEEEEEEEEEEEEEEEEEEEEEEEEEEEEEEEEEEEEEEEEEEEEEEEEEEEEEEEEEEEEEEEEEEEEEEEEEEEEEEEEEEEEEEEEEEEEEEEEEEEEEEEEEEEEEEEEEEEEEEEEEEEEEEEEEEEEEEEEEEEEEEEEEEEEEEEEEEEEEEEEEEEEEEEEEEEEEEEEEEEEEEEEEEEEEEEEEEEEEEEEEEEEEEEEEEEEEEEEEEEEEEEEEEEEEEEEEEEEEEEEEEEEEEEEEEEEEEEEEEEEEEEEEEEEEEEEEEEEEEEEEEEEEEEEEEEEEEEEEEEEEEEEEEEEEE",
    "comment": ""
  },
  {
    "name": "foo511",
    "ttl": 300,
    "value": "FFFFFFFFFFFFFFFFFFFFFFFFFFFFFFFFFFFFFFFFFFFFFFFFFFFFFFFFFFFFFFFFFFFFFFFFFFFFFFFFFFFFFFFFFFFFFFFFFFFFFFFFFFFFFFFFFFFFFFFFFFFFFFFFFFFFFFFFFFFFFFFFFFFFFFFFFFFFFFFFFFFFFFFFFFFFFFFFFFFFFFFFFFFFFFFFFFFFFFFFFFFFFFFFFFFFFFFFFFFFFFFFFFFFFFFFFFFFFFFFFFFFFFFFFFFFFFFFFFFFFFFFFFFFFFFFFFFFFFFFFFFFFFFFFFFFFFFFFFFFFFFFFFFFFFFFFFFFFFFFFFFFFFFFFFFFFFFFFFFFFFFFFFFFFFFFFFFFFFFFFFFFFFFFFFFFFFFFFFFFFFFFFFFFFFFFFFFFFFFFFFFFFFFFFFFFFFFFFFFFFFFFFFFFFFFFFFFFFFFFFFFFFFFFFFFFFFFFFFFFFFFFFFFFFFFFFFFFFFFFFFFFFFFFFFFFFFFFFFFFFFFFFFFFFFF",
    "comment": ""
  },
  {
    "name": "foo764",
    "ttl": 300,
    "value": "GGGGGGGGGGGGGGGGGGGGGGGGGGGGGGGGGGGGGGGGGGGGGGGGGGGGGGGGGGGGGGGGGGGGGGGGGGGGGGGGGGGGGGGGGGGGGGGGGGGGGGGGGGGGGGGGGGGGGGGGGGGGGGGGGGGGGGGGGGGGGGGGGGGGGGGGGGGGGGGGGGGGGGGGGGGGGGGGGGGGGGGGGGGGGGGGGGGGGGGGGGGGGGGGGGGGGGGGGGGGGGGGGGGGGGGGGGGGGGGGGGGGGGGGGGGGGGGGGGGGGGGGGGGGGGGGGGGGGGGGGGGGGGGGGGGGGGGGGGGGGGGGGGGGGGGGGGGGGGGGGGGGGGGGGGGGGGGGGGGGGGGGGGGGGGGGGGGGGGGGGGGGGGGGGGGGGGGGGGGGGGGGGGGGGGGGGGGGGGGGGGGGGGGGGGGGGGGGGGGGGGGGGGGGGGGGGGGGGGGGGGGGGGGGGGGGGGGGGGGGGGGGGGGGGGGGGGGGGGGGGGGGGGGGGGGGGGGGGGGGGGGGGGGGGGGGGGGGGGGGGGGGGGGGGGGGGGGGGGGGGGGGGGGGGGGGGGGGGGGGGGGGGGGGGGGGGGGGGGGGGGGGGGGGGGGGGGGGGGGGGGGGGGGGGGGGGGGGGGGGGGGGGGGGGGGGGGGGGGGGGGGGGGGGGGGGGGGGGGGGGGGGGGGGGGGGGGGGGGGGGGGGGGGGGGGGGGGGGGGGGGGGGGGGGGGGGGGGGGGGGGGGGGGGGGGGGGGGGGGGGGGGGGGGGGGGGGGGGGGGGGGG",
    "comment": ""
  },
  {
    "name": "foo765",
    "ttl": 300,
    "value": "HHHHHHHHHHHHHHHHHHHHHHHHHHHHHHHHHHHHHHHHHHHHHHHHHHHHHHHHHHHHHHHHHHHHHHHHHHHHHHHHHHHHHHHHHHHHHHHHHHHHHHHHHHHHHHHHHHHHHHHHHHHHHHHHHHHHHHHHHHHHHHHHHHHHHHHHHHHHHHHHHHHHHHHHHHHHHHHHHHHHHHHHHHHHHHHHHHHHHHHHHHHHHHHHHHHHHHHHHHHHHHHHHHHHHHHHHHHHHHHHHHHHHHHHHHHHHHHHHHHHHHHHHHHHHHHHHHHHHHHHHHHHHHHHHHHHHHHHHHHHHHHHHHHHHHHHHHHHHHHHHHHHHHHHHHHHHHHHHHHHHHHHHHHHHHHHHHHHHHHHHHHHHHHHHHHHHHHHHHHHHHHHHHHHHHHHHHHHHHHHHHHHHHHHHHHHHHHHHHHHHHHHHHHHHHHHHHHHHHHHHHHHHHHHHHHHHHHHHHHHHHHHHHHHHHHHHHHHHHHHHHHHHHHHHHHHHHHHHHHHHHHHHHHHHHHHHHHHHHHHHHHHHHHHHHHHHHHHHHHHHHHHHHHHHHHHHHHHHHHHHHHHHHHHHHHHHHHHHHHHHHHHHHHHHHHHHHHHHHHHHHHHHHHHHHHHHHHHHHHHHHHHHHHHHHHHHHHHHHHHHHHHHHHHHHHHHHHHHHHHHHHHHHHHHHHHHHHHHHHHHHHHHHHHHHHHHHHHHHHHHHHHHHHHHHHHHHHHHHHHHHHHHHHHHHHHHHHHHHHHHHHHHHHHHHHHHHHHHHHHHHHHH",
    "comment": ""
  },
  {
    "name": "foo766",
    "ttl": 300,
    "value": "JJJJJJJJJJJJJJJJJJJJJJJJJJJJJJJJJJJJJJJJJJJJJJJJJJJJJJJJJJJJJJJJJJJJJJJJJJJJJJJJJJJJJJJJJJJJJJJJJJJJJJJJJJJJJJJJJJJJJJJJJJJJJJJJJJJJJJJJJJJJJJJJJJJJJJJJJJJJJJJJJJJJJJJJJJJJJJJJJJJJJJJJJJJJJJJJJJJJJJJJJJJJJJJJJJJJJJJJJJJJJJJJJJJJJJJJJJJJJJJJJJJJJJJJJJJJJJJJJJJJJJJJJJJJJJJJJJJJJJJJJJJJJJJJJJJJJJJJJJJJJJJJJJJJJJJJJJJJJJJJJJJJJJJJJJJJJJJJJJJJJJJJJJJJJJJJJJJJJJJJJJJJJJJJJJJJJJJJJJJJJJJJJJJJJJJJJJJJJJJJJJJJJJJJJJJJJJJJJJJJJJJJJJJJJJJJJJJJJJJJJJJJJJJJJJJJJJJJJJJJJJJJJJJJJJJJJJJJJJJJJJJJJJJJJJJJJJJJJJJJJJJJJJJJJJJJJJJJJJJJJJJJJJJJJJJJJJJJJJJJJJJJJJJJJJJJJJJJJJJJJJJJJJJJJJJJJJJJJJJJJJJJJJJJJJJJJJJJJJJJJJJJJJJJJJJJJJJJJJJJJJJJJJJJJJJJJJJJJJJJJJJJJJJJJJJJJJJJJJJJJJJJJJJJJJJJJJJJJJJJJJJJJJJJJJJJJJJJJJJJJJJJJJJJJJJJJJJJJJJJJJJJJJJJJJJJJJJJJJJJJJJJJJJJJJJJJJJJJJJJJJJJJJ",
    "comment": ""
  },
  {
    "name": "foobt",
    "ttl": 300,
    "value": "blah`blah",
    "comment": ""
  },
  {
    "name": "foodq",
    "ttl": 300,
    "value": "in\"side",
    "comment": ""
  },
  {
    "name": "foodqs",
    "ttl": 300,
    "value": "\"left",
    "comment": ""
  },
  {
    "name": "foodqs",
    "ttl": 300,
    "value": "in\"ter\"ior",
    "comment": ""
  },
  {
    "name": "foodqs",
    "ttl": 300,
    "value": "right\"",
    "comment": ""
  },
  {
    "name": "fooosbs1",
    "ttl": 300,
    "value": "1back\\slash",
    "comment": ""
  },
  {
    "name": "fooosbs2",
    "ttl": 300,
    "value": "2back\\\\slash",
    "comment": ""
  },
  {
    "name": "fooosbs3",
    "ttl": 300,
    "value": "3back\\\\\\slash",
    "comment": ""
  },
  {
    "name": "fooosbs4",
    "ttl": 300,
    "value": "4back\\\\\\\\slash",
    "comment": ""
  },
  {
    "name": "foosc1",
    "ttl": 300,
    "value": "semi;colon",
    "comment": ""
  },
  {
    "name": "foosc2",
    "ttl": 300,
    "value": "wssemi ; colon",
    "comment": ""
  },
  {
    "name": "foosp",
    "ttl": 300,
    "value": "with spaces",
    "comment": ""
  },
  {
    "name": "foosq",
    "ttl": 300,
    "value": "quo'te",
    "comment": ""
  },
  {
    "name": "foows1",
    "ttl": 300,
    "value": "trailingws ",
    "comment": ""
  },
  {
    "name": "nmx",
    "ttl": 300,
    "value": "1.2.3.3",
    "comment": ""
  },
  {
    "mxPriority": 3,
    "name": "nmx",
    "ttl": 300,
    "value": "nmx.dnscontroltest-vercel.test.",
    "comment": ""
  },
  {
    "mxPriority": 9,
    "name": "nmx",
    "ttl": 300,
    "value": "www.dnscontroltest-vercel.test.",
    "comment": ""
  },
  {
    "name": "test",
    "ttl": 300,
    "value": "foo.com.",
    "comment": ""
  },
  {
    "name": "test",
    "ttl": 300,
    "value": "foo2.com.",
    "comment": ""
  },
  {
    "name": "testa",
    "ttl": 300,
    "value": "1.1.1.1",
    "comment": ""
  },
  {
    "name": "testa",
    "ttl": 300,
    "value": "3.3.3.3",
    "comment": ""
  },
  {
    "name": "testa",
    "ttl": 333,
    "value": "1.1.1.1",
    "comment": ""
  },
  {
    "name": "testa",
    "ttl": 999,
    "value": "1.1.1.1",
    "comment": ""
  },
  {
    "name": "testaaaa",
    "ttl": 300,
    "value": "2607:f8b0:4006:820::2006",
    "comment": ""
  },
  {
    "name": "testaaaa",
    "ttl": 300,
    "value": "2607:f8b0:4006:820::2013",
    "comment": ""
  },
  {
    "name": "testcname",
    "ttl": 300,
    "value": "foo.dnscontroltest-vercel.test.",
    "comment": ""
  },
  {
    "name": "testcname",
    "ttl": 300,
    "value": "www.google.com.",
    "comment": ""
  },
  {
    "name": "testcname",
    "ttl": 300,
    "value": "www.yahoo.com.",
    "comment": ""
  },
  {
    "mxPriority": 100,
    "name": "testmx",
    "ttl": 300,
    "value": "bar.com.",
    "comment": ""
  },
  {
    "mxPriority": 100,
    "name": "testmx",
    "ttl": 300,
    "value": "foo.com.",
    "comment": ""
  },
  {
    "mxPriority": 5,
    "name": "testmx",
    "ttl": 300,
    "value": "bar.com.",
    "comment": ""
  },
  {
    "mxPriority": 5,
    "name": "testmx",
    "ttl": 300,
    "value": "foo.com.",
    "comment": ""
  },
  {
    "name": "testtxt",
    "ttl": 300,
    "value": "changed",
    "comment": ""
  },
  {
    "name": "testtxt",
    "ttl": 300,
    "value": "simple",
    "comment": ""
  },
  {
    "name": "www",
    "ttl": 300,
    "value": "1.1.1.1",
    "comment": ""
  },
  {
    "name": "www",
    "ttl": 300,
    "value": "1.2.3.4",
    "comment": ""
  },
  {
    "name": "www",
    "ttl": 300,
    "value": "1.2.3.8",
    "comment": ""
  },
  {
    "name": "www",
    "ttl": 300,
    "value": "1.2.3.9",
    "comment": ""
  },
  {
    "name": "www",
    "ttl": 300,
    "value": "2.2.2.2",
    "comment": ""
  },
  {
    "name": "www",
    "ttl": 300,
    "value": "3.3.3.3",
    "comment": ""
  },
  {
    "name": "www",
    "ttl": 300,
    "value": "5.5.5.5",
    "comment": ""
  },
  {
    "name": "www",
    "ttl": 300,
    "value": "5.6.7.8",
    "comment": ""
  },
  {
    "name": "www",
    "ttl": 400,
    "value": "2.2.2.2",
    "comment": ""
  },
  {
    "name": "www",
    "ttl": 400,
    "value": "5.6.7.8",
    "comment": ""
  },
  {
    "name": "www",
    "ttl": 700,
    "value": "1.2.3.4",
    "comment": ""
  },
  {
    "name": "www",
    "ttl": 700,
    "value": "5.6.7.8",
    "comment": ""
  },
  {
    "name": "xn--fiq228c",
    "ttl": 300,
    "value": "1.2.3.4",
    "comment": ""
  },
  {
    "name": "xn--ndaaa",
    "ttl": 300,
    "value": "1.2.3.4",
    "comment": ""
  },
  {
    "name": "xn--ndaaa",
    "ttl": 300,
    "value": "2.2.2.2",
    "comment": ""
  },
  {
    "name": "xn--o-0gab",
    "ttl": 300,
    "value": "xn--ndaaa.xn--vhquv.",
    "comment": ""
  },
  {
    "name": "xyz",
    "ttl": 300,
    "value": "ns1.foo.com.",
    "comment": ""
  },
  {
    "name": "xyz",
    "ttl": 300,
    "value": "ns2.foo.com.",
    "comment": ""
  }
]
