dnscontroltest-azurep.com. 300 IN A 2.2.2.2
foo765.dnscontroltest-azurep.com. 300 IN TXT "HHHHHHHHHHHHHHHHHHHHHHHHHHHHHHHHHHHHHHHHHHHHHHHHHHHHHHHHHHHHHHHHHHHHHHHHHHHHHHHHHHHHHHHHHHHHHHHHHHHHHHHHHHHHHHHHHHHHHHHHHHHHHHHHHHHHHHHHHHHHHHHHHHHHHHHHHHHHHHHHHHHHHHHHHHHHHHHHHHHHHHHHHHHHHHHHHHHHHHHHHHHHHHHHHHHHHHHHHHHHHHHHHHHHHHHHHHHHHHHHHHHHHHHHHHHHHHH" "HHHHHHHHHHHHHHHHHHHHHHHHHHHHHHHHHHHHHHHHHHHHHHHHHHHHHHHHHHHHHHHHHHHHHHHHHHHHHHHHHHHHHHHHHHHHHHHHHHHHHHHHHHHHHHHHHHHHHHHHHHHHHHHHHHHHHHHHHHHHHHHHHHHHHHHHHHHHHHHHHHHHHHHHHHHHHHHHHHHHHHHHHHHHHHHHHHHHHHHHHHHHHHHHHHHHHHHHHHHHHHHHHHHHHHHHHHHHHHHHHHHHHHHHHHHHHHH" "HHHHHHHHHHHHHHHHHHHHHHHHHHHHHHHHHHHHHHHHHHHHHHHHHHHHHHHHHHHHHHHHHHHHHHHHHHHHHHHHHHHHHHHHHHHHHHHHHHHHHHHHHHHHHHHHHHHHHHHHHHHHHHHHHHHHHHHHHHHHHHHHHHHHHHHHHHHHHHHHHHHHHHHHHHHHHHHHHHHHHHHHHHHHHHHHHHHHHHHHHHHHHHHHHHHHHHHHHHHHHHHHHHHHHHHHHHHHHHHHHHHHHHHHHHHHHHH"
xn--o-0gab.dnscontroltest-azurep.com. 300 IN CNAME xn--ndaaa.xn--vhquv.
dnscontroltest-azurep.com. 300 IN A 1.2.3.4
dnscontroltest-azurep.com. 300 IN A 2.3.4.5
dnscontroltest-azurep.com. 300 IN TXT "asimple"
decoy.dnscontroltest-azurep.com. 300 IN A 1.1.1.1
testaaaa.dnscontroltest-azurep.com. 300 IN AAAA 2607:f8b0:4006:820::2006
_sip._tcp.dnscontroltest-azurep.com. 300 IN SRV 15 65 75 foo4.com.
_sip._tcp.dnscontroltest-azurep.com. 300 IN SRV 52 6 7 foo.com.
_sip._tcp.dnscontroltest-azurep.com. 300 IN SRV 15 65 75 foo4.com.
_sip._tcp.dnscontroltest-azurep.com. 300 IN SRV 52 62 7 foo.com.
dyndns-city2.dnscontroltest-azurep.com. 300 IN A 91.42.1.2
foo.dnscontroltest-azurep.com. 300 IN A 4.5.6.7
4.dnscontroltest-azurep.com. 300 IN PTR foo.com.
foo.dnscontroltest-azurep.com. 300 IN CNAME dnscontroltest-azurep.com.
dnscontroltest-azurep.com. 300 IN MX 2 dnscontroltest-azurep.com.
dnscontroltest-azurep.com. 300 IN MX 8 www.dnscontroltest-azurep.com.
testcname.dnscontroltest-azurep.com. 300 IN CNAME foo.dnscontroltest-azurep.com.
foo.dnscontroltest-azurep.com. 300 IN A 1.1.1.1
foo.dnscontroltest-azurep.com. 300 IN A 12.12.12.12
foodq.dnscontroltest-azurep.com. 300 IN TXT "in\"side"
dnscontroltest-azurep.com. 300 IN A 1.2.3.4
foo.dnscontroltest-azurep.com. 300 IN CNAME redact1.acm-validations.aws.
foo.dnscontroltest-azurep.com. 300 IN CNAME google.com.
foo.dnscontroltest-azurep.com. 300 IN A 2.3.4.5
foo.dnscontroltest-azurep.com. 300 IN A 8.8.8.8
foo.dnscontroltest-azurep.com. 300 IN TXT "v=spf1 ip4:99.99.99.99 -all"
foo.dnscontroltest-azurep.com. 300 IN A 1.2.3.4
mail.dnscontroltest-azurep.com. 300 IN CNAME ghs.googlehosted.com.
foo255.dnscontroltest-azurep.com. 300 IN TXT "BBBBBBBBBBBBBBBBBBBBBBBBBBBBBBBBBBBBBBBBBBBBBBBBBBBBBBBBBBBBBBBBBBBBBBBBBBBBBBBBBBBBBBBBBBBBBBBBBBBBBBBBBBBBBBBBBBBBBBBBBBBBBBBBBBBBBBBBBBBBBBBBBBBBBBBBBBBBBBBBBBBBBBBBBBBBBBBBBBBBBBBBBBBBBBBBBBBBBBBBBBBBBBBBBBBBBBBBBBBBBBBBBBBBBBBBBBBBBBBBBBBBBBBBBBBBBBB"
foo510.dnscontroltest-azurep.com. 300 IN TXT "EEEEEEEEEEEEEEEEEEEEEEEEEEEEEEEEEEEEEEEEEEEEEEEEEEEEEEEEEEEEEEEEEEEEEEEEEEEEEEEEEEEEEEEEEEEEEEEEEEEEEEEEEEEEEEEEEEEEEEEEEEEEEEEEEEEEEEEEEEEEEEEEEEEEEEEEEEEEEEEEEEEEEEEEEEEEEEEEEEEEEEEEEEEEEEEEEEEEEEEEEEEEEEEEEEEEEEEEEEEEEEEEEEEEEEEEEEEEEEEEEEEEEEEEEEEEEEE" "EEEEEEEEEEEEEEEEEEEEEEEEEEEEEEEEEEEEEEEEEEEEEEEEEEEEEEEEEEEEEEEEEEEEEEEEEEEEEEEEEEEEEEEEEEEEEEEEEEEEEEEEEEEEEEEEEEEEEEEEEEEEEEEEEEEEEEEEEEEEEEEEEEEEEEEEEEEEEEEEEEEEEEEEEEEEEEEEEEEEEEEEEEEEEEEEEEEEEEEEEEEEEEEEEEEEEEEEEEEEEEEEEEEEEEEEEEEEEEEEEEEEEEEEEEEEEEE"
foo.dnscontroltest-azurep.com. 300 IN A 1.2.3.4
foo.dnscontroltest-azurep.com. 300 IN A 3.4.5.6
www.dnscontroltest-azurep.com. 400 IN A 5.6.7.8
foo.dnscontroltest-azurep.com. 300 IN MX 8 dnscontroltest-azurep.com.
foosp.dnscontroltest-azurep.com. 300 IN TXT "with spaces"
foo.dnscontroltest-azurep.com. 300 IN A 1.1.1.1
foo.dnscontroltest-azurep.com. 300 IN A 14.14.14.14
dnscontroltest-azurep.com. 300 IN MX 0 .
testmx.dnscontroltest-azurep.com. 300 IN MX 5 foo.com.
testmx.dnscontroltest-azurep.com. 300 IN MX 100 bar.com.
bar.dnscontroltest-azurep.com. 300 IN MX 5 bar.com.
foo.dnscontroltest-azurep.com. 300 IN TXT "simple"
bar.dnscontroltest-azurep.com. 300 IN A 5.5.5.5
foo.dnscontroltest-azurep.com. 300 IN A 2.3.4.5
foo.dnscontroltest-azurep.com. 300 IN A 3.4.5.6
foobt.dnscontroltest-azurep.com. 300 IN TXT "blah`blah"
foo.dnscontroltest-azurep.com. 300 IN CNAME google2.com.
foo.dnscontroltest-azurep.com. 300 IN TXT "simple"
testignore.dnscontroltest-azurep.com. 300 IN A 8.8.8.8
www.dnscontroltest-azurep.com. 300 IN A 5.5.5.5
dnscontroltest-azurep.com. 1000 IN A 8.8.8.8
foo.dnscontroltest-azurep.com. 300 IN A 1.2.3.4
foo.dnscontroltest-azurep.com. 300 IN A 3.4.5.6
foo.dnscontroltest-azurep.com. 300 IN A 2.3.4.5
final.dnscontroltest-azurep.com. 300 IN TXT "TestDNSProviders was successful!"
bar.dnscontroltest-azurep.com. 300 IN CNAME redact2.acm-validations.aws.
xn--ndaaa.dnscontroltest-azurep.com. 300 IN A 2.2.2.2
www.dnscontroltest-azurep.com. 300 IN A 1.1.1.1
www.dnscontroltest-azurep.com. 300 IN A 2.2.2.2
www.dnscontroltest-azurep.com. 300 IN A 3.3.3.3
*.dnscontroltest-azurep.com. 300 IN A 3.3.3.3
fooosbs1.dnscontroltest-azurep.com. 300 IN TXT "1back\\slash"
_sip._tcp.dnscontroltest-azurep.com. 300 IN SRV 5 6 7 foo.com.
_sip._tcp.dnscontroltest-azurep.com. 300 IN SRV 5 60 70 foo2.com.
testaaaa.dnscontroltest-azurep.com. 300 IN AAAA 2607:f8b0:4006:820::2013
final.dnscontroltest-azurep.com. 300 IN TXT "TestDNSProviders was successful!"
foo256.dnscontroltest-azurep.com. 300 IN TXT "CCCCCCCCCCCCCCCCCCCCCCCCCCCCCCCCCCCCCCCCCCCCCCCCCCCCCCCCCCCCCCCCCCCCCCCCCCCCCCCCCCCCCCCCCCCCCCCCCCCCCCCCCCCCCCCCCCCCCCCCCCCCCCCCCCCCCCCCCCCCCCCCCCCCCCCCCCCCCCCCCCCCCCCCCCCCCCCCCCCCCCCCCCCCCCCCCCCCCCCCCCCCCCCCCCCCCCCCCCCCCCCCCCCCCCCCCCCCCCCCCCCCCCCCCCCCCCC" "C"
testcname.dnscontroltest-azurep.com. 300 IN CNAME www.yahoo.com.
foo.dnscontroltest-azurep.com. 300 IN MX 5 mx.google.com.
foosc1.dnscontroltest-azurep.com. 300 IN TXT "semi;colon"
mail.bat.dnscontroltest-azurep.com. 300 IN CNAME ghs.googlehosted.com.
bar.bat.dnscontroltest-azurep.com. 300 IN A 5.5.5.5
testmx.dnscontroltest-azurep.com. 300 IN MX 5 bar.com.
dnscontroltest-azurep.com. 500 IN A 8.8.8.8
_sip._tcp.dnscontroltest-azurep.com. 300 IN SRV 5 6 7 foo.com.
_sip._tcp.dnscontroltest-azurep.com. 300 IN SRV 5 60 70 foo2.com.
_sip._tcp.dnscontroltest-azurep.com. 300 IN SRV 15 65 75 foo3.com.
www.dnscontroltest-azurep.com. 300 IN A 1.1.1.1
www.dnscontroltest-azurep.com. 300 IN A 2.2.2.2
www.dnscontroltest-azurep.com. 300 IN A 3.3.3.3
bar.dnscontroltest-azurep.com. 300 IN A 1.2.3.4
www.dnscontroltest-azurep.com. 700 IN A 1.2.3.4
www.dnscontroltest-azurep.com. 700 IN A 5.6.7.8
foo.bat.dnscontroltest-azurep.com. 300 IN A 1.2.3.4
foo.bat.dnscontroltest-azurep.com. 300 IN A 2.3.4.5
foows1.dnscontroltest-azurep.com. 300 IN TXT "trailingws "
foo.dnscontroltest-azurep.com. 300 IN MX 10 foo.dnscontroltest-azurep.com.
foo.dnscontroltest-azurep.com. 300 IN MX 20 bar.dnscontroltest-azurep.com.
dnscontroltest-azurep.com. 300 IN A 2.2.2.2
testa.dnscontroltest-azurep.com. 300 IN A 1.1.1.1
foo.dnscontroltest-azurep.com. 300 IN MX 10 aspmx.l.google.com.
foo.dnscontroltest-azurep.com. 300 IN MX 20 alt1.aspmx.l.google.com.
foo.dnscontroltest-azurep.com. 300 IN A 1.1.1.1
foo.dnscontroltest-azurep.com. 300 IN A 13.13.13.13
foo.dnscontroltest-azurep.com. 300 IN A 1.2.3.4
www.dnscontroltest-azurep.com. 300 IN A 1.1.1.1
www.dnscontroltest-azurep.com. 300 IN A 2.2.2.2
foodqs.dnscontroltest-azurep.com. 300 IN TXT "in\"ter\"ior"
bar.dnscontroltest-azurep.com. 300 IN A 5.5.5.5
dyndns-city1.dnscontroltest-azurep.com. 300 IN A 91.42.1.1
foo.dnscontroltest-azurep.com. 300 IN A 1.2.3.4
foo.dnscontroltest-azurep.com. 300 IN A 2.3.4.5
www.dnscontroltest-azurep.com. 400 IN A 2.2.2.2
www.dnscontroltest-azurep.com. 400 IN A 5.6.7.8
xn--fiq228c.dnscontroltest-azurep.com. 300 IN A 1.2.3.4
testmx.dnscontroltest-azurep.com. 300 IN MX 5 foo.com.
foodqs.dnscontroltest-azurep.com. 300 IN TXT "right\""
foo.dnscontroltest-azurep.com. 300 IN A 1.2.3.4
foo.dnscontroltest-azurep.com. 300 IN A 2.3.4.5
foo509.dnscontroltest-azurep.com. 300 IN TXT "DDDDDDDDDDDDDDDDDDDDDDDDDDDDDDDDDDDDDDDDDDDDDDDDDDDDDDDDDDDDDDDDDDDDDDDDDDDDDDDDDDDDDDDDDDDDDDDDDDDDDDDDDDDDDDDDDDDDDDDDDDDDDDDDDDDDDDDDDDDDDDDDDDDDDDDDDDDDDDDDDDDDDDDDDDDDDDDDDDDDDDDDDDDDDDDDDDDDDDDDDDDDDDDDDDDDDDDDDDDDDDDDDDDDDDDDDDDDDDDDDDDDDDDDDDDDDDD" "DDDDDDDDDDDDDDDDDDDDDDDDDDDDDDDDDDDDDDDDDDDDDDDDDDDDDDDDDDDDDDDDDDDDDDDDDDDDDDDDDDDDDDDDDDDDDDDDDDDDDDDDDDDDDDDDDDDDDDDDDDDDDDDDDDDDDDDDDDDDDDDDDDDDDDDDDDDDDDDDDDDDDDDDDDDDDDDDDDDDDDDDDDDDDDDDDDDDDDDDDDDDDDDDDDDDDDDDDDDDDDDDDDDDDDDDDDDDDDDDDDDDDDDDDDDDDD"
fooosbs2.dnscontroltest-azurep.com. 300 IN TXT "2back\\\\slash"
foo764.dnscontroltest-azurep.com. 300 IN TXT "GGGGGGGGGGGGGGGGGGGGGGGGGGGGGGGGGGGGGGGGGGGGGGGGGGGGGGGGGGGGGGGGGGGGGGGGGGGGGGGGGGGGGGGGGGGGGGGGGGGGGGGGGGGGGGGGGGGGGGGGGGGGGGGGGGGGGGGGGGGGGGGGGGGGGGGGGGGGGGGGGGGGGGGGGGGGGGGGGGGGGGGGGGGGGGGGGGGGGGGGGGGGGGGGGGGGGGGGGGGGGGGGGGGGGGGGGGGGGGGGGGGGGGGGGGGGGGG" "GGGGGGGGGGGGGGGGGGGGGGGGGGGGGGGGGGGGGGGGGGGGGGGGGGGGGGGGGGGGGGGGGGGGGGGGGGGGGGGGGGGGGGGGGGGGGGGGGGGGGGGGGGGGGGGGGGGGGGGGGGGGGGGGGGGGGGGGGGGGGGGGGGGGGGGGGGGGGGGGGGGGGGGGGGGGGGGGGGGGGGGGGGGGGGGGGGGGGGGGGGGGGGGGGGGGGGGGGGGGGGGGGGGGGGGGGGGGGGGGGGGGGGGGGGGGGGG" "GGGGGGGGGGGGGGGGGGGGGGGGGGGGGGGGGGGGGGGGGGGGGGGGGGGGGGGGGGGGGGGGGGGGGGGGGGGGGGGGGGGGGGGGGGGGGGGGGGGGGGGGGGGGGGGGGGGGGGGGGGGGGGGGGGGGGGGGGGGGGGGGGGGGGGGGGGGGGGGGGGGGGGGGGGGGGGGGGGGGGGGGGGGGGGGGGGGGGGGGGGGGGGGGGGGGGGGGGGGGGGGGGGGGGGGGGGGGGGGGGGGGGGGGGGGGGG"
dnscontroltest-azurep.com. 300 IN TXT "simple"
foo254.dnscontroltest-azurep.com. 300 IN TXT "AAAAAAAAAAAAAAAAAAAAAAAAAAAAAAAAAAAAAAAAAAAAAAAAAAAAAAAAAAAAAAAAAAAAAAAAAAAAAAAAAAAAAAAAAAAAAAAAAAAAAAAAAAAAAAAAAAAAAAAAAAAAAAAAAAAAAAAAAAAAAAAAAAAAAAAAAAAAAAAAAAAAAAAAAAAAAAAAAAAAAAAAAAAAAAAAAAAAAAAAAAAAAAAAAAAAAAAAAAAAAAAAAAAAAAAAAAAAAAAAAAAAAAAAAAAAAA"
testaaaa.dnscontroltest-azurep.com. 300 IN AAAA 2607:f8b0:4006:820::2013
fooosbs4.dnscontroltest-azurep.com. 300 IN TXT "4back\\\\\\\\slash"
decoy.dnscontroltest-azurep.com. 300 IN A 2.2.2.2
_sip._tcp.dnscontroltest-azurep.com. 4400 IN SRV 5 6 7 foo.com.
testtxt.dnscontroltest-azurep.com. 300 IN TXT "simple"
dnscontroltest-azurep.com. 300 IN A 1.2.3.2
testa.dnscontroltest-azurep.com. 999 IN A 1.1.1.1
nmx.dnscontroltest-azurep.com. 300 IN MX 0 .
xn--ndaaa.dnscontroltest-azurep.com. 300 IN A 1.2.3.4
decoy.dnscontroltest-azurep.com. 300 IN A 3.3.3.3
foo.dnscontroltest-azurep.com. 300 IN A 2.3.4.5
foo.dnscontroltest-azurep.com. 300 IN A 8.8.8.8
www.dnscontroltest-azurep.com. 300 IN A 1.2.3.8
testmx.dnscontroltest-azurep.com. 300 IN MX 5 foo.com.
testmx.dnscontroltest-azurep.com. 300 IN MX 100 bar.com.
testa.dnscontroltest-azurep.com. 300 IN A 3.3.3.3
dnscontroltest-azurep.com. 300 IN MX 0 .
foodqs.dnscontroltest-azurep.com. 300 IN TXT "\"left"
www.dnscontroltest-azurep.com. 300 IN A 2.2.2.2
www.dnscontroltest-azurep.com. 300 IN A 5.6.7.8
zzz.dnscontroltest-azurep.com. 300 IN A 3.3.3.3
zzz.dnscontroltest-azurep.com. 300 IN A 4.4.4.4
foosc2.dnscontroltest-azurep.com. 300 IN TXT "wssemi ; colon"
testdefined.dnscontroltest-azurep.com. 300 IN A 9.9.9.9
_sip._tcp.dnscontroltest-azurep.com. 300 IN SRV 5 6 7 foo.com.
_sip._tcp.dnscontroltest-azurep.com. 300 IN SRV 15 65 75 foo4.com.
mail.dnscontroltest-azurep.com. 300 IN CNAME ghs.googlehosted.com.
foo0.dnscontroltest-azurep.com. 300 IN TXT ""
www.dnscontroltest-azurep.com. 300 IN A 1.2.3.9
4.dnscontroltest-azurep.com. 300 IN PTR bar.com.
foo.dnscontroltest-azurep.com. 300 IN AAAA 2003:dd:d7ff::fe71:aaaa
testtxt.dnscontroltest-azurep.com. 300 IN TXT "changed"
testcname.dnscontroltest-azurep.com. 300 IN CNAME www.google.com.
dyndns-city1.dnscontroltest-azurep.com. 300 IN AAAA 2003:dd:d7ff::fe71:ce77
foo.dnscontroltest-azurep.com. 300 IN A 1.1.1.1
foo.dnscontroltest-azurep.com. 300 IN A 10.10.10.10
testmx.dnscontroltest-azurep.com. 300 IN MX 5 foo.com.
zzz.dnscontroltest-azurep.com. 300 IN AAAA 2003:dd:d7ff::fe71:cccc
foo.dnscontroltest-azurep.com. 300 IN A 1.2.3.4
dyndns-city2.dnscontroltest-azurep.com. 300 IN AAAA 2003:dd:d7ff::fe71:ce78
dnscontroltest-azurep.com. 300 IN MX 5 foo.com.
dnscontroltest-azurep.com. 300 IN A 4.4.4.4
www.dnscontroltest-azurep.com. 300 IN A 1.2.3.4
www.dnscontroltest-azurep.com. 300 IN A 5.6.7.8
testmx.dnscontroltest-azurep.com. 300 IN MX 5 foo.com.
_sip._tcp.dnscontroltest-azurep.com. 300 IN SRV 15 65 75 .
_sip._tcp.dnscontroltest-azurep.com. 300 IN SRV 5 6 7 foo.com.
_sip._tcp.dnscontroltest-azurep.com. 300 IN SRV 5 6 7 foo.com.
_sip._tcp.dnscontroltest-azurep.com. 300 IN SRV 15 65 75 foo3.com.
dnscontroltest-azurep.com. 300 IN A 1.2.3.4
foo511.dnscontroltest-azurep.com. 300 IN TXT "FFFFFFFFFFFFFFFFFFFFFFFFFFFFFFFFFFFFFFFFFFFFFFFFFFFFFFFFFFFFFFFFFFFFFFFFFFFFFFFFFFFFFFFFFFFFFFFFFFFFFFFFFFFFFFFFFFFFFFFFFFFFFFFFFFFFFFFFFFFFFFFFFFFFFFFFFFFFFFFFFFFFFFFFFFFFFFFFFFFFFFFFFFFFFFFFFFFFFFFFFFFFFFFFFFFFFFFFFFFFFFFFFFFFFFFFFFFFFFFFFFFFFFFFFFFFFFF" "FFFFFFFFFFFFFFFFFFFFFFFFFFFFFFFFFFFFFFFFFFFFFFFFFFFFFFFFFFFFFFFFFFFFFFFFFFFFFFFFFFFFFFFFFFFFFFFFFFFFFFFFFFFFFFFFFFFFFFFFFFFFFFFFFFFFFFFFFFFFFFFFFFFFFFFFFFFFFFFFFFFFFFFFFFFFFFFFFFFFFFFFFFFFFFFFFFFFFFFFFFFFFFFFFFFFFFFFFFFFFFFFFFFFFFFFFFFFFFFFFFFFFFFFFFFFFFF" "F"
foo.dnscontroltest-azurep.com. 300 IN A 1.2.3.4
nmx.dnscontroltest-azurep.com. 300 IN MX 3 nmx.dnscontroltest-azurep.com.
nmx.dnscontroltest-azurep.com. 300 IN MX 9 www.dnscontroltest-azurep.com.
testdefined.dnscontroltest-azurep.com. 300 IN A 2.2.2.2
www.dnscontroltest-azurep.com. 300 IN A 1.1.1.1
_sip._tcp.dnscontroltest-azurep.com. 333 IN SRV 5 6 7 foo.com.
fooosbs3.dnscontroltest-azurep.com. 300 IN TXT "3back\\\\\\slash"
www.dnscontroltest-azurep.com. 300 IN A 1.1.1.1
foo.bat.dnscontroltest-azurep.com. 300 IN TXT "simple"
www.dnscontroltest-azurep.com. 300 IN A 1.1.1.1
nmx.dnscontroltest-azurep.com. 300 IN A 1.2.3.3
foo.dnscontroltest-azurep.com. 300 IN A 1.1.1.1
foo.dnscontroltest-azurep.com. 300 IN A 11.11.11.11
foo.dnscontroltest-azurep.com. 300 IN A 1.2.3.4
a.dnscontroltest-azurep.com. 300 IN CNAME xn--ndaaa.com.
testa.dnscontroltest-azurep.com. 333 IN A 1.1.1.1
dnscontroltest-azurep.com. 666 IN A 8.8.8.8
foo766.dnscontroltest-azurep.com. 300 IN TXT "JJJJJJJJJJJJJJJJJJJJJJJJJJJJJJJJJJJJJJJJJJJJJJJJJJJJJJJJJJJJJJJJJJJJJJJJJJJJJJJJJJJJJJJJJJJJJJJJJJJJJJJJJJJJJJJJJJJJJJJJJJJJJJJJJJJJJJJJJJJJJJJJJJJJJJJJJJJJJJJJJJJJJJJJJJJJJJJJJJJJJJJJJJJJJJJJJJJJJJJJJJJJJJJJJJJJJJJJJJJJJJJJJJJJJJJJJJJJJJJJJJJJJJJJJJJJJJJ" "JJJJJJJJJJJJJJJJJJJJJJJJJJJJJJJJJJJJJJJJJJJJJJJJJJJJJJJJJJJJJJJJJJJJJJJJJJJJJJJJJJJJJJJJJJJJJJJJJJJJJJJJJJJJJJJJJJJJJJJJJJJJJJJJJJJJJJJJJJJJJJJJJJJJJJJJJJJJJJJJJJJJJJJJJJJJJJJJJJJJJJJJJJJJJJJJJJJJJJJJJJJJJJJJJJJJJJJJJJJJJJJJJJJJJJJJJJJJJJJJJJJJJJJJJJJJJJJ" "JJJJJJJJJJJJJJJJJJJJJJJJJJJJJJJJJJJJJJJJJJJJJJJJJJJJJJJJJJJJJJJJJJJJJJJJJJJJJJJJJJJJJJJJJJJJJJJJJJJJJJJJJJJJJJJJJJJJJJJJJJJJJJJJJJJJJJJJJJJJJJJJJJJJJJJJJJJJJJJJJJJJJJJJJJJJJJJJJJJJJJJJJJJJJJJJJJJJJJJJJJJJJJJJJJJJJJJJJJJJJJJJJJJJJJJJJJJJJJJJJJJJJJJJJJJJJJJ" "J"
testmx.dnscontroltest-azurep.com. 300 IN MX 100 foo.com.
nmx.dnscontroltest-azurep.com. 300 IN MX 0 .
foosq.dnscontroltest-azurep.com. 300 IN TXT "quo'te"
dnscontroltest-azurep.com. 300 IN MX 5 bar.com.
_sip._tcp.dnscontroltest-azurep.com. 300 IN SRV 15 65 75 foo4.com.
_sip._tcp.dnscontroltest-azurep.com. 300 IN SRV 52 62 72 foo.com.
