@ 300 IN A 2.2.2.2
foo765 300 IN TXT "HHHHHHHHHHHHHHHHHHHHHHHHHHHHHHHHHHHHHHHHHHHHHHHHHHHHHHHHHHHHHHHHHHHHHHHHHHHHHHHHHHHHHHHHHHHHHHHHHHHHHHHHHHHHHHHHHHHHHHHHHHHHHHHHHHHHHHHHHHHHHHHHHHHHHHHHHHHHHHHHHHHHHHHHHHHHHHHHHHHHHHHHHHHHHHHHHHHHHHHHHHHHHHHHHHHHHHHHHHHHHHHHHHHHHHHHHHHHHHHHHHHHHHHHHHHHHHH" "HHHHHHHHHHHHHHHHHHHHHHHHHHHHHHHHHHHHHHHHHHHHHHHHHHHHHHHHHHHHHHHHHHHHHHHHHHHHHHHHHHHHHHHHHHHHHHHHHHHHHHHHHHHHHHHHHHHHHHHHHHHHHHHHHHHHHHHHHHHHHHHHHHHHHHHHHHHHHHHHHHHHHHHHHHHHHHHHHHHHHHHHHHHHHHHHHHHHHHHHHHHHHHHHHHHHHHHHHHHHHHHHHHHHHHHHHHHHHHHHHHHHHHHHHHHHHHH" "HHHHHHHHHHHHHHHHHHHHHHHHHHHHHHHHHHHHHHHHHHHHHHHHHHHHHHHHHHHHHHHHHHHHHHHHHHHHHHHHHHHHHHHHHHHHHHHHHHHHHHHHHHHHHHHHHHHHHHHHHHHHHHHHHHHHHHHHHHHHHHHHHHHHHHHHHHHHHHHHHHHHHHHHHHHHHHHHHHHHHHHHHHHHHHHHHHHHHHHHHHHHHHHHHHHHHHHHHHHHHHHHHHHHHHHHHHHHHHHHHHHHHHHHHHHHHHH"
xn--o-0gab 300 IN CNAME xn--ndaaa.xn--vhquv.
@ 300 IN A 1.2.3.4
@ 300 IN A 2.3.4.5
@ 300 IN TXT "asimple"
decoy 300 IN A 1.1.1.1
testaaaa 300 IN AAAA 2607:f8b0:4006:820::2006
_sip._tcp 300 IN SRV 15 65 75 foo4.com.
_sip._tcp 300 IN SRV 52 6 7 foo.com.
_sip._tcp 300 IN SRV 15 65 75 foo4.com.
_sip._tcp 300 IN SRV 52 62 7 foo.com.
dyndns-city2 300 IN A 91.42.1.2
foo 300 IN A 4.5.6.7
4 300 IN PTR foo.com.
foo 300 IN CNAME dnscontroltest-azurep.com.
@ 300 IN MX 2 dnscontroltest-azurep.com.
@ 300 IN MX 8 www.dnscontroltest-azurep.com.
testcname 300 IN CNAME foo.dnscontroltest-azurep.com.
foo 300 IN A 1.1.1.1
foo 300 IN A 12.12.12.12
foodq 300 IN TXT "in\"side"
@ 300 IN A 1.2.3.4
foo 300 IN CNAME redact1.acm-validations.aws.
foo 300 IN CNAME google.com.
foo 300 IN A 2.3.4.5
foo 300 IN A 8.8.8.8
foo 300 IN TXT "v=spf1 ip4:99.99.99.99 -all"
foo 300 IN A 1.2.3.4
mail 300 IN CNAME ghs.googlehosted.com.
foo255 300 IN TXT "BBBBBBBBBBBBBBBBBBBBBBBBBBBBBBBBBBBBBBBBBBBBBBBBBBBBBBBBBBBBBBBBBBBBBBBBBBBBBBBBBBBBBBBBBBBBBBBBBBBBBBBBBBBBBBBBBBBBBBBBBBBBBBBBBBBBBBBBBBBBBBBBBBBBBBBBBBBBBBBBBBBBBBBBBBBBBBBBBBBBBBBBBBBBBBBBBBBBBBBBBBBBBBBBBBBBBBBBBBBBBBBBBBBBBBBBBBBBBBBBBBBBBBBBBBBBBBB"
foo510 300 IN TXT "EEEEEEEEEEEEEEEEEEEEEEEEEEEEEEEEEEEEEEEEEEEEEEEEEEEEEEEEEEEEEEEEEEEEEEEEEEEEEEEEEEEEEEEEEEEEEEEEEEEEEEEEEEEEEEEEEEEEEEEEEEEEEEEEEEEEEEEEEEEEEEEEEEEEEEEEEEEEEEEEEEEEEEEEEEEEEEEEEEEEEEEEEEEEEEEEEEEEEEEEEEEEEEEEEEEEEEEEEEEEEEEEEEEEEEEEEEEEEEEEEEEEEEEEEEEEEEE" "EEEEEEEEEEEEEEEEEEEEEEEEEEEEEEEEEEEEEEEEEEEEEEEEEEEEEEEEEEEEEEEEEEEEEEEEEEEEEEEEEEEEEEEEEEEEEEEEEEEEEEEEEEEEEEEEEEEEEEEEEEEEEEEEEEEEEEEEEEEEEEEEEEEEEEEEEEEEEEEEEEEEEEEEEEEEEEEEEEEEEEEEEEEEEEEEEEEEEEEEEEEEEEEEEEEEEEEEEEEEEEEEEEEEEEEEEEEEEEEEEEEEEEEEEEEEEEE"
foo 300 IN A 1.2.3.4
foo 300 IN A 3.4.5.6
www 400 IN A 5.6.7.8
foo 300 IN MX 8 dnscontroltest-azurep.com.
foosp 300 IN TXT "with spaces"
foo 300 IN A 1.1.1.1
foo 300 IN A 14.14.14.14
@ 300 IN MX 0 .
testmx 300 IN MX 5 foo.com.
testmx 300 IN MX 100 bar.com.
bar 300 IN MX 5 bar.com.
foo 300 IN TXT "simple"
bar 300 IN A 5.5.5.5
foo 300 IN A 2.3.4.5
foo 300 IN A 3.4.5.6
foobt 300 IN TXT "blah`blah"
foo 300 IN CNAME google2.com.
foo 300 IN TXT "simple"
testignore 300 IN A 8.8.8.8
www 300 IN A 5.5.5.5
@ 1000 IN A 8.8.8.8
foo 300 IN A 1.2.3.4
foo 300 IN A 3.4.5.6
foo 300 IN A 2.3.4.5
final 300 IN TXT "TestDNSProviders was successful!"
bar 300 IN CNAME redact2.acm-validations.aws.
xn--ndaaa 300 IN A 2.2.2.2
www 300 IN A 1.1.1.1
www 300 IN A 2.2.2.2
www 300 IN A 3.3.3.3
* 300 IN A 3.3.3.3
fooosbs1 300 IN TXT "1back\\slash"
_sip._tcp 300 IN SRV 5 6 7 foo.com.
_sip._tcp 300 IN SRV 5 60 70 foo2.com.
testaaaa 300 IN AAAA 2607:f8b0:4006:820::2013
final 300 IN TXT "TestDNSProviders was successful!"
foo256 300 IN TXT "CCCCCCCCCCCCCCCCCCCCCCCCCCCCCCCCCCCCCCCCCCCCCCCCCCCCCCCCCCCCCCCCCCCCCCCCCCCCCCCCCCCCCCCCCCCCCCCCCCCCCCCCCCCCCCCCCCCCCCCCCCCCCCCCCCCCCCCCCCCCCCCCCCCCCCCCCCCCCCCCCCCCCCCCCCCCCCCCCCCCCCCCCCCCCCCCCCCCCCCCCCCCCCCCCCCCCCCCCCCCCCCCCCCCCCCCCCCCCCCCCCCCCCCCCCCCCCC" "C"
testcname 300 IN CNAME www.yahoo.com.
foo 300 IN MX 5 mx.google.com.
foosc1 300 IN TXT "semi;colon"
mail.bat 300 IN CNAME ghs.googlehosted.com.
bar.bat 300 IN A 5.5.5.5
testmx 300 IN MX 5 bar.com.
@ 500 IN A 8.8.8.8
_sip._tcp 300 IN SRV 5 6 7 foo.com.
_sip._tcp 300 IN SRV 5 60 70 foo2.com.
_sip._tcp 300 IN SRV 15 65 75 foo3.com.
www 300 IN A 1.1.1.1
www 300 IN A 2.2.2.2
www 300 IN A 3.3.3.3
bar 300 IN A 1.2.3.4
www 700 IN A 1.2.3.4
www 700 IN A 5.6.7.8
foo.bat 300 IN A 1.2.3.4
foo.bat 300 IN A 2.3.4.5
foows1 300 IN TXT "trailingws "
foo 300 IN MX 10 foo.dnscontroltest-azurep.com.
foo 300 IN MX 20 bar.dnscontroltest-azurep.com.
@ 300 IN A 2.2.2.2
testa 300 IN A 1.1.1.1
foo 300 IN MX 10 aspmx.l.google.com.
foo 300 IN MX 20 alt1.aspmx.l.google.com.
foo 300 IN A 1.1.1.1
foo 300 IN A 13.13.13.13
foo 300 IN A 1.2.3.4
www 300 IN A 1.1.1.1
www 300 IN A 2.2.2.2
foodqs 300 IN TXT "in\"ter\"ior"
bar 300 IN A 5.5.5.5
dyndns-city1 300 IN A 91.42.1.1
foo 300 IN A 1.2.3.4
foo 300 IN A 2.3.4.5
www 400 IN A 2.2.2.2
www 400 IN A 5.6.7.8
xn--fiq228c 300 IN A 1.2.3.4
testmx 300 IN MX 5 foo.com.
foodqs 300 IN TXT "right\""
foo 300 IN A 1.2.3.4
foo 300 IN A 2.3.4.5
foo509 300 IN TXT "DDDDDDDDDDDDDDDDDDDDDDDDDDDDDDDDDDDDDDDDDDDDDDDDDDDDDDDDDDDDDDDDDDDDDDDDDDDDDDDDDDDDDDDDDDDDDDDDDDDDDDDDDDDDDDDDDDDDDDDDDDDDDDDDDDDDDDDDDDDDDDDDDDDDDDDDDDDDDDDDDDDDDDDDDDDDDDDDDDDDDDDDDDDDDDDDDDDDDDDDDDDDDDDDDDDDDDDDDDDDDDDDDDDDDDDDDDDDDDDDDDDDDDDDDDDDDDD" "DDDDDDDDDDDDDDDDDDDDDDDDDDDDDDDDDDDDDDDDDDDDDDDDDDDDDDDDDDDDDDDDDDDDDDDDDDDDDDDDDDDDDDDDDDDDDDDDDDDDDDDDDDDDDDDDDDDDDDDDDDDDDDDDDDDDDDDDDDDDDDDDDDDDDDDDDDDDDDDDDDDDDDDDDDDDDDDDDDDDDDDDDDDDDDDDDDDDDDDDDDDDDDDDDDDDDDDDDDDDDDDDDDDDDDDDDDDDDDDDDDDDDDDDDDDDDD"
fooosbs2 300 IN TXT "2back\\\\slash"
foo764 300 IN TXT "GGGGGGGGGGGGGGGGGGGGGGGGGGGGGGGGGGGGGGGGGGGGGGGGGGGGGGGGGGGGGGGGGGGGGGGGGGGGGGGGGGGGGGGGGGGGGGGGGGGGGGGGGGGGGGGGGGGGGGGGGGGGGGGGGGGGGGGGGGGGGGGGGGGGGGGGGGGGGGGGGGGGGGGGGGGGGGGGGGGGGGGGGGGGGGGGGGGGGGGGGGGGGGGGGGGGGGGGGGGGGGGGGGGGGGGGGGGGGGGGGGGGGGGGGGGGGGG" "GGGGGGGGGGGGGGGGGGGGGGGGGGGGGGGGGGGGGGGGGGGGGGGGGGGGGGGGGGGGGGGGGGGGGGGGGGGGGGGGGGGGGGGGGGGGGGGGGGGGGGGGGGGGGGGGGGGGGGGGGGGGGGGGGGGGGGGGGGGGGGGGGGGGGGGGGGGGGGGGGGGGGGGGGGGGGGGGGGGGGGGGGGGGGGGGGGGGGGGGGGGGGGGGGGGGGGGGGGGGGGGGGGGGGGGGGGGGGGGGGGGGGGGGGGGGGGG" "GGGGGGGGGGGGGGGGGGGGGGGGGGGGGGGGGGGGGGGGGGGGGGGGGGGGGGGGGGGGGGGGGGGGGGGGGGGGGGGGGGGGGGGGGGGGGGGGGGGGGGGGGGGGGGGGGGGGGGGGGGGGGGGGGGGGGGGGGGGGGGGGGGGGGGGGGGGGGGGGGGGGGGGGGGGGGGGGGGGGGGGGGGGGGGGGGGGGGGGGGGGGGGGGGGGGGGGGGGGGGGGGGGGGGGGGGGGGGGGGGGGGGGGGGGGGGG"
@ 300 IN TXT "simple"
foo254 300 IN TXT "AAAAAAAAAAAAAAAAAAAAAAAAAAAAAAAAAAAAAAAAAAAAAAAAAAAAAAAAAAAAAAAAAAAAAAAAAAAAAAAAAAAAAAAAAAAAAAAAAAAAAAAAAAAAAAAAAAAAAAAAAAAAAAAAAAAAAAAAAAAAAAAAAAAAAAAAAAAAAAAAAAAAAAAAAAAAAAAAAAAAAAAAAAAAAAAAAAAAAAAAAAAAAAAAAAAAAAAAAAAAAAAAAAAAAAAAAAAAAAAAAAAAAAAAAAAAAA"
testaaaa 300 IN AAAA 2607:f8b0:4006:820::2013
fooosbs4 300 IN TXT "4back\\\\\\\\slash"
decoy 300 IN A 2.2.2.2
_sip._tcp 4400 IN SRV 5 6 7 foo.com.
testtxt 300 IN TXT "simple"
@ 300 IN A 1.2.3.2
testa 999 IN A 1.1.1.1
nmx 300 IN MX 0 .
xn--ndaaa 300 IN A 1.2.3.4
decoy 300 IN A 3.3.3.3
foo 300 IN A 2.3.4.5
foo 300 IN A 8.8.8.8
www 300 IN A 1.2.3.8
testmx 300 IN MX 5 foo.com.
testmx 300 IN MX 100 bar.com.
testa 300 IN A 3.3.3.3
@ 300 IN MX 0 .
foodqs 300 IN TXT "\"left"
www 300 IN A 2.2.2.2
www 300 IN A 5.6.7.8
zzz 300 IN A 3.3.3.3
zzz 300 IN A 4.4.4.4
foosc2 300 IN TXT "wssemi ; colon"
testdefined 300 IN A 9.9.9.9
_sip._tcp 300 IN SRV 5 6 7 foo.com.
_sip._tcp 300 IN SRV 15 65 75 foo4.com.
mail 300 IN CNAME ghs.googlehosted.com.
foo0 300 IN TXT ""
www 300 IN A 1.2.3.9
4 300 IN PTR bar.com.
foo 300 IN AAAA 2003:dd:d7ff::fe71:aaaa
testtxt 300 IN TXT "changed"
testcname 300 IN CNAME www.google.com.
dyndns-city1 300 IN AAAA 2003:dd:d7ff::fe71:ce77
foo 300 IN A 1.1.1.1
foo 300 IN A 10.10.10.10
testmx 300 IN MX 5 foo.com.
zzz 300 IN AAAA 2003:dd:d7ff::fe71:cccc
foo 300 IN A 1.2.3.4
dyndns-city2 300 IN AAAA 2003:dd:d7ff::fe71:ce78
@ 300 IN MX 5 foo.com.
@ 300 IN A 4.4.4.4
www 300 IN A 1.2.3.4
www 300 IN A 5.6.7.8
testmx 300 IN MX 5 foo.com.
_sip._tcp 300 IN SRV 15 65 75 .
_sip._tcp 300 IN SRV 5 6 7 foo.com.
_sip._tcp 300 IN SRV 5 6 7 foo.com.
_sip._tcp 300 IN SRV 15 65 75 foo3.com.
@ 300 IN A 1.2.3.4
foo511 300 IN TXT "FFFFFFFFFFFFFFFFFFFFFFFFFFFFFFFFFFFFFFFFFFFFFFFFFFFFFFFFFFFFFFFFFFFFFFFFFFFFFFFFFFFFFFFFFFFFFFFFFFFFFFFFFFFFFFFFFFFFFFFFFFFFFFFFFFFFFFFFFFFFFFFFFFFFFFFFFFFFFFFFFFFFFFFFFFFFFFFFFFFFFFFFFFFFFFFFFFFFFFFFFFFFFFFFFFFFFFFFFFFFFFFFFFFFFFFFFFFFFFFFFFFFFFFFFFFFFFF" "FFFFFFFFFFFFFFFFFFFFFFFFFFFFFFFFFFFFFFFFFFFFFFFFFFFFFFFFFFFFFFFFFFFFFFFFFFFFFFFFFFFFFFFFFFFFFFFFFFFFFFFFFFFFFFFFFFFFFFFFFFFFFFFFFFFFFFFFFFFFFFFFFFFFFFFFFFFFFFFFFFFFFFFFFFFFFFFFFFFFFFFFFFFFFFFFFFFFFFFFFFFFFFFFFFFFFFFFFFFFFFFFFFFFFFFFFFFFFFFFFFFFFFFFFFFFFFF" "F"
foo 300 IN A 1.2.3.4
nmx 300 IN MX 3 nmx.dnscontroltest-azurep.com.
nmx 300 IN MX 9 www.dnscontroltest-azurep.com.
testdefined 300 IN A 2.2.2.2
www 300 IN A 1.1.1.1
_sip._tcp 333 IN SRV 5 6 7 foo.com.
fooosbs3 300 IN TXT "3back\\\\\\slash"
www 300 IN A 1.1.1.1
foo.bat 300 IN TXT "simple"
www 300 IN A 1.1.1.1
nmx 300 IN A 1.2.3.3
foo 300 IN A 1.1.1.1
foo 300 IN A 11.11.11.11
foo 300 IN A 1.2.3.4
a 300 IN CNAME xn--ndaaa.com.
testa 333 IN A 1.1.1.1
@ 666 IN A 8.8.8.8
foo766 300 IN TXT "JJJJJJJJJJJJJJJJJJJJJJJJJJJJJJJJJJJJJJJJJJJJJJJJJJJJJJJJJJJJJJJJJJJJJJJJJJJJJJJJJJJJJJJJJJJJJJJJJJJJJJJJJJJJJJJJJJJJJJJJJJJJJJJJJJJJJJJJJJJJJJJJJJJJJJJJJJJJJJJJJJJJJJJJJJJJJJJJJJJJJJJJJJJJJJJJJJJJJJJJJJJJJJJJJJJJJJJJJJJJJJJJJJJJJJJJJJJJJJJJJJJJJJJJJJJJJJJ" "JJJJJJJJJJJJJJJJJJJJJJJJJJJJJJJJJJJJJJJJJJJJJJJJJJJJJJJJJJJJJJJJJJJJJJJJJJJJJJJJJJJJJJJJJJJJJJJJJJJJJJJJJJJJJJJJJJJJJJJJJJJJJJJJJJJJJJJJJJJJJJJJJJJJJJJJJJJJJJJJJJJJJJJJJJJJJJJJJJJJJJJJJJJJJJJJJJJJJJJJJJJJJJJJJJJJJJJJJJJJJJJJJJJJJJJJJJJJJJJJJJJJJJJJJJJJJJJ" "JJJJJJJJJJJJJJJJJJJJJJJJJJJJJJJJJJJJJJJJJJJJJJJJJJJJJJJJJJJJJJJJJJJJJJJJJJJJJJJJJJJJJJJJJJJJJJJJJJJJJJJJJJJJJJJJJJJJJJJJJJJJJJJJJJJJJJJJJJJJJJJJJJJJJJJJJJJJJJJJJJJJJJJJJJJJJJJJJJJJJJJJJJJJJJJJJJJJJJJJJJJJJJJJJJJJJJJJJJJJJJJJJJJJJJJJJJJJJJJJJJJJJJJJJJJJJJJ" "J"
testmx 300 IN MX 100 foo.com.
nmx 300 IN MX 0 .
foosq 300 IN TXT "quo'te"
@ 300 IN MX 5 bar.com.
_sip._tcp 300 IN SRV 15 65 75 foo4.com.
_sip._tcp 300 IN SRV 52 62 72 foo.com.
