foo 300 IN CNAME redact1.acm-validations.aws.
foo 300 IN TXT "simple"
_sip._tcp 300 IN SRV 15 65 75 foo4.com.
_sip._tcp 300 IN SRV 52 62 72 foo.com.
@ 666 IN A 8.8.8.8
testa 300 IN A 1.1.1.1
_sip._tcp 300 IN SRV 15 65 75 foo4.com.
_sip._tcp 300 IN SRV 52 6 7 foo.com.
final 300 IN TXT "TestDNSProviders was successful!"
testdefined 300 IN A 9.9.9.9
nmx 300 IN A 1.2.3.3
foo256 300 IN TXT "CCCCCCCCCCCCCCCCCCCCCCCCCCCCCCCCCCCCCCCCCCCCCCCCCCCCCCCCCCCCCCCCCCCCCCCCCCCCCCCCCCCCCCCCCCCCCCCCCCCCCCCCCCCCCCCCCCCCCCCCCCCCCCCCCCCCCCCCCCCCCCCCCCCCCCCCCCCCCCCCCCCCCCCCCCCCCCCCCCCCCCCCCCCCCCCCCCCCCCCCCCCCCCCCCCCCCCCCCCCCCCCCCCCCCCCCCCCCCCCCCCCCCCCCCCCCCCC" "C"
foosq 300 IN TXT "quo'te"
www 300 IN A 1.2.3.4
www 300 IN A 5.6.7.8
www 300 IN A 2.2.2.2
www 300 IN A 5.6.7.8
foo 300 IN A 2.3.4.5
foo 300 IN A 8.8.8.8
www 700 IN A 1.2.3.4
www 700 IN A 5.6.7.8
@ 300 IN TXT "simple"
testdefined 300 IN A 2.2.2.2
foo 300 IN A 1.2.3.4
foo 300 IN A 3.4.5.6
foo 300 IN A 1.2.3.4
foo 300 IN A 3.4.5.6
bar.bat 300 IN A 5.5.5.5
www 300 IN A 1.1.1.1
foo509 300 IN TXT "DDDDDDDDDDDDDDDDDDDDDDDDDDDDDDDDDDDDDDDDDDDDDDDDDDDDDDDDDDDDDDDDDDDDDDDDDDDDDDDDDDDDDDDDDDDDDDDDDDDDDDDDDDDDDDDDDDDDDDDDDDDDDDDDDDDDDDDDDDDDDDDDDDDDDDDDDDDDDDDDDDDDDDDDDDDDDDDDDDDDDDDDDDDDDDDDDDDDDDDDDDDDDDDDDDDDDDDDDDDDDDDDDDDDDDDDDDDDDDDDDDDDDDDDDDDDDDD" "DDDDDDDDDDDDDDDDDDDDDDDDDDDDDDDDDDDDDDDDDDDDDDDDDDDDDDDDDDDDDDDDDDDDDDDDDDDDDDDDDDDDDDDDDDDDDDDDDDDDDDDDDDDDDDDDDDDDDDDDDDDDDDDDDDDDDDDDDDDDDDDDDDDDDDDDDDDDDDDDDDDDDDDDDDDDDDDDDDDDDDDDDDDDDDDDDDDDDDDDDDDDDDDDDDDDDDDDDDDDDDDDDDDDDDDDDDDDDDDDDDDDDDDDDDDDDD"
foo.bat 300 IN TXT "simple"
fooosbs1 300 IN TXT "1back\\slash"
bar 300 IN MX 5 bar.com.
dyndns-city1 300 IN AAAA 2003:dd:d7ff::fe71:ce77
decoy 300 IN A 1.1.1.1
foo 300 IN MX 5 mx.google.com.
bar 300 IN A 1.2.3.4
foo 300 IN MX 10 aspmx.l.google.com.
foo 300 IN MX 20 alt1.aspmx.l.google.com.
testaaaa 300 IN AAAA 2607:f8b0:4006:820::2006
xn--ndaaa 300 IN A 2.2.2.2
foo 300 IN A 1.2.3.4
foo 300 IN A 2.3.4.5
xn--o-0gab 300 IN CNAME xn--ndaaa.xn--vhquv.
foosc2 300 IN TXT "wssemi ; colon"
mail.bat 300 IN CNAME ghs.googlehosted.com.
foo 300 IN A 1.2.3.4
final 300 IN TXT "TestDNSProviders was successful!"
nmx 300 IN MX 0 .
foo 300 IN TXT "simple"
@ 300 IN A 4.4.4.4
foo 300 IN MX 10 foo.dnscontroltest-azurep.com.
foo 300 IN MX 20 bar.dnscontroltest-azurep.com.
testa 333 IN A 1.1.1.1
xn--ndaaa 300 IN A 1.2.3.4
foo 300 IN AAAA 2003:dd:d7ff::fe71:aaaa
foo511 300 IN TXT "FFFFFFFFFFFFFFFFFFFFFFFFFFFFFFFFFFFFFFFFFFFFFFFFFFFFFFFFFFFFFFFFFFFFFFFFFFFFFFFFFFFFFFFFFFFFFFFFFFFFFFFFFFFFFFFFFFFFFFFFFFFFFFFFFFFFFFFFFFFFFFFFFFFFFFFFFFFFFFFFFFFFFFFFFFFFFFFFFFFFFFFFFFFFFFFFFFFFFFFFFFFFFFFFFFFFFFFFFFFFFFFFFFFFFFFFFFFFFFFFFFFFFFFFFFFFFFF" "FFFFFFFFFFFFFFFFFFFFFFFFFFFFFFFFFFFFFFFFFFFFFFFFFFFFFFFFFFFFFFFFFFFFFFFFFFFFFFFFFFFFFFFFFFFFFFFFFFFFFFFFFFFFFFFFFFFFFFFFFFFFFFFFFFFFFFFFFFFFFFFFFFFFFFFFFFFFFFFFFFFFFFFFFFFFFFFFFFFFFFFFFFFFFFFFFFFFFFFFFFFFFFFFFFFFFFFFFFFFFFFFFFFFFFFFFFFFFFFFFFFFFFFFFFFFFFF" "F"
_sip._tcp 333 IN SRV 5 6 7 foo.com.
nmx 300 IN MX 3 nmx.dnscontroltest-azurep.com.
nmx 300 IN MX 9 www.dnscontroltest-azurep.com.
_sip._tcp 300 IN SRV 5 6 7 foo.com.
_sip._tcp 300 IN SRV 15 65 75 foo3.com.
foo 300 IN A 1.1.1.1
foo 300 IN A 13.13.13.13
testtxt 300 IN TXT "simple"
@ 300 IN MX 2 dnscontroltest-azurep.com.
@ 300 IN MX 8 www.dnscontroltest-azurep.com.
foo766 300 IN TXT "JJJJJJJJJJJJJJJJJJJJJJJJJJJJJJJJJJJJJJJJJJJJJJJJJJJJJJJJJJJJJJJJJJJJJJJJJJJJJJJJJJJJJJJJJJJJJJJJJJJJJJJJJJJJJJJJJJJJJJJJJJJJJJJJJJJJJJJJJJJJJJJJJJJJJJJJJJJJJJJJJJJJJJJJJJJJJJJJJJJJJJJJJJJJJJJJJJJJJJJJJJJJJJJJJJJJJJJJJJJJJJJJJJJJJJJJJJJJJJJJJJJJJJJJJJJJJJJ" "JJJJJJJJJJJJJJJJJJJJJJJJJJJJJJJJJJJJJJJJJJJJJJJJJJJJJJJJJJJJJJJJJJJJJJJJJJJJJJJJJJJJJJJJJJJJJJJJJJJJJJJJJJJJJJJJJJJJJJJJJJJJJJJJJJJJJJJJJJJJJJJJJJJJJJJJJJJJJJJJJJJJJJJJJJJJJJJJJJJJJJJJJJJJJJJJJJJJJJJJJJJJJJJJJJJJJJJJJJJJJJJJJJJJJJJJJJJJJJJJJJJJJJJJJJJJJJJ" "JJJJJJJJJJJJJJJJJJJJJJJJJJJJJJJJJJJJJJJJJJJJJJJJJJJJJJJJJJJJJJJJJJJJJJJJJJJJJJJJJJJJJJJJJJJJJJJJJJJJJJJJJJJJJJJJJJJJJJJJJJJJJJJJJJJJJJJJJJJJJJJJJJJJJJJJJJJJJJJJJJJJJJJJJJJJJJJJJJJJJJJJJJJJJJJJJJJJJJJJJJJJJJJJJJJJJJJJJJJJJJJJJJJJJJJJJJJJJJJJJJJJJJJJJJJJJJJ" "J"
foo 300 IN A 1.2.3.4
foo 300 IN A 2.3.4.5
www 300 IN A 1.2.3.9
foo 300 IN A 2.3.4.5
bar 300 IN CNAME redact2.acm-validations.aws.
dyndns-city2 300 IN A 91.42.1.2
testcname 300 IN CNAME www.yahoo.com.
4 300 IN PTR foo.com.
www 300 IN A 5.5.5.5
@ 300 IN MX 0 .
foo 300 IN A 2.3.4.5
foo 300 IN A 3.4.5.6
xn--fiq228c 300 IN A 1.2.3.4
@ 1000 IN A 8.8.8.8
* 300 IN A 3.3.3.3
a 300 IN CNAME xn--ndaaa.com.
@ 300 IN A 1.2.3.4
@ 300 IN MX 0 .
_sip._tcp 300 IN SRV 5 6 7 foo.com.
_sip._tcp 300 IN SRV 5 60 70 foo2.com.
_sip._tcp 300 IN SRV 15 65 75 .
_sip._tcp 4400 IN SRV 5 6 7 foo.com.
_sip._tcp 300 IN SRV 5 6 7 foo.com.
_sip._tcp 300 IN SRV 15 65 75 foo4.com.
testa 300 IN A 3.3.3.3
foo 300 IN A 1.2.3.4
www 300 IN A 1.1.1.1
@ 300 IN TXT "asimple"
testmx 300 IN MX 5 foo.com.
testmx 300 IN MX 100 bar.com.
testcname 300 IN CNAME foo.dnscontroltest-azurep.com.
foo 300 IN A 4.5.6.7
testignore 300 IN A 8.8.8.8
www 300 IN A 1.2.3.8
mail 300 IN CNAME ghs.googlehosted.com.
www 300 IN A 1.1.1.1
www 300 IN A 2.2.2.2
www 300 IN A 3.3.3.3
_sip._tcp 300 IN SRV 5 6 7 foo.com.
_sip._tcp 300 IN SRV 5 60 70 foo2.com.
_sip._tcp 300 IN SRV 15 65 75 foo3.com.
foobt 300 IN TXT "blah`blah"
mail 300 IN CNAME ghs.googlehosted.com.
foo 300 IN CNAME google2.com.
foo 300 IN A 1.1.1.1
foo 300 IN A 10.10.10.10
foo 300 IN A 1.1.1.1
foo 300 IN A 12.12.12.12
fooosbs2 300 IN TXT "2back\\\\slash"
foo 300 IN A 1.1.1.1
foo 300 IN A 14.14.14.14
foo 300 IN CNAME google.com.
decoy 300 IN A 2.2.2.2
foosp 300 IN TXT "with spaces"
foows1 300 IN TXT "trailingws "
foo.bat 300 IN A 1.2.3.4
foo.bat 300 IN A 2.3.4.5
nmx 300 IN MX 0 .
www 300 IN A 1.1.1.1
www 300 IN A 2.2.2.2
www 300 IN A 3.3.3.3
www 400 IN A 2.2.2.2
www 400 IN A 5.6.7.8
foo510 300 IN TXT "EEEEEEEEEEEEEEEEEEEEEEEEEEEEEEEEEEEEEEEEEEEEEEEEEEEEEEEEEEEEEEEEEEEEEEEEEEEEEEEEEEEEEEEEEEEEEEEEEEEEEEEEEEEEEEEEEEEEEEEEEEEEEEEEEEEEEEEEEEEEEEEEEEEEEEEEEEEEEEEEEEEEEEEEEEEEEEEEEEEEEEEEEEEEEEEEEEEEEEEEEEEEEEEEEEEEEEEEEEEEEEEEEEEEEEEEEEEEEEEEEEEEEEEEEEEEEEE" "EEEEEEEEEEEEEEEEEEEEEEEEEEEEEEEEEEEEEEEEEEEEEEEEEEEEEEEEEEEEEEEEEEEEEEEEEEEEEEEEEEEEEEEEEEEEEEEEEEEEEEEEEEEEEEEEEEEEEEEEEEEEEEEEEEEEEEEEEEEEEEEEEEEEEEEEEEEEEEEEEEEEEEEEEEEEEEEEEEEEEEEEEEEEEEEEEEEEEEEEEEEEEEEEEEEEEEEEEEEEEEEEEEEEEEEEEEEEEEEEEEEEEEEEEEEEEEE"
@ 300 IN A 1.2.3.2
foo 300 IN A 1.1.1.1
foo 300 IN A 11.11.11.11
testaaaa 300 IN AAAA 2607:f8b0:4006:820::2013
testmx 300 IN MX 5 foo.com.
decoy 300 IN A 3.3.3.3
foosc1 300 IN TXT "semi;colon"
foo0 300 IN TXT ""
_sip._tcp 300 IN SRV 5 6 7 foo.com.
foo 300 IN TXT "v=spf1 ip4:99.99.99.99 -all"
foo255 300 IN TXT "BBBBBBBBBBBBBBBBBBBBBBBBBBBBBBBBBBBBBBBBBBBBBBBBBBBBBBBBBBBBBBBBBBBBBBBBBBBBBBBBBBBBBBBBBBBBBBBBBBBBBBBBBBBBBBBBBBBBBBBBBBBBBBBBBBBBBBBBBBBBBBBBBBBBBBBBBBBBBBBBBBBBBBBBBBBBBBBBBBBBBBBBBBBBBBBBBBBBBBBBBBBBBBBBBBBBBBBBBBBBBBBBBBBBBBBBBBBBBBBBBBBBBBBBBBBBBBB"
zzz 300 IN AAAA 2003:dd:d7ff::fe71:cccc
foo254 300 IN TXT "AAAAAAAAAAAAAAAAAAAAAAAAAAAAAAAAAAAAAAAAAAAAAAAAAAAAAAAAAAAAAAAAAAAAAAAAAAAAAAAAAAAAAAAAAAAAAAAAAAAAAAAAAAAAAAAAAAAAAAAAAAAAAAAAAAAAAAAAAAAAAAAAAAAAAAAAAAAAAAAAAAAAAAAAAAAAAAAAAAAAAAAAAAAAAAAAAAAAAAAAAAAAAAAAAAAAAAAAAAAAAAAAAAAAAAAAAAAAAAAAAAAAAAAAAAAAAA"
foo764 300 IN TXT "GGGGGGGGGGGGGGGGGGGGGGGGGGGGGGGGGGGGGGGGGGGGGGGGGGGGGGGGGGGGGGGGGGGGGGGGGGGGGGGGGGGGGGGGGGGGGGGGGGGGGGGGGGGGGGGGGGGGGGGGGGGGGGGGGGGGGGGGGGGGGGGGGGGGGGGGGGGGGGGGGGGGGGGGGGGGGGGGGGGGGGGGGGGGGGGGGGGGGGGGGGGGGGGGGGGGGGGGGGGGGGGGGGGGGGGGGGGGGGGGGGGGGGGGGGGGGGG" "GGGGGGGGGGGGGGGGGGGGGGGGGGGGGGGGGGGGGGGGGGGGGGGGGGGGGGGGGGGGGGGGGGGGGGGGGGGGGGGGGGGGGGGGGGGGGGGGGGGGGGGGGGGGGGGGGGGGGGGGGGGGGGGGGGGGGGGGGGGGGGGGGGGGGGGGGGGGGGGGGGGGGGGGGGGGGGGGGGGGGGGGGGGGGGGGGGGGGGGGGGGGGGGGGGGGGGGGGGGGGGGGGGGGGGGGGGGGGGGGGGGGGGGGGGGGGGG" "GGGGGGGGGGGGGGGGGGGGGGGGGGGGGGGGGGGGGGGGGGGGGGGGGGGGGGGGGGGGGGGGGGGGGGGGGGGGGGGGGGGGGGGGGGGGGGGGGGGGGGGGGGGGGGGGGGGGGGGGGGGGGGGGGGGGGGGGGGGGGGGGGGGGGGGGGGGGGGGGGGGGGGGGGGGGGGGGGGGGGGGGGGGGGGGGGGGGGGGGGGGGGGGGGGGGGGGGGGGGGGGGGGGGGGGGGGGGGGGGGGGGGGGGGGGGGG"
testaaaa 300 IN AAAA 2607:f8b0:4006:820::2013
dyndns-city2 300 IN AAAA 2003:dd:d7ff::fe71:ce78
foo 300 IN A 2.3.4.5
foo 300 IN A 8.8.8.8
testmx 300 IN MX 100 foo.com.
www 300 IN A 1.1.1.1
foo 300 IN A 1.2.3.4
@ 300 IN MX 5 bar.com.
@ 300 IN A 2.2.2.2
fooosbs4 300 IN TXT "4back\\\\\\\\slash"
@ 300 IN A 1.2.3.4
testtxt 300 IN TXT "changed"
dyndns-city1 300 IN A 91.42.1.1
testmx 300 IN MX 5 bar.com.
bar 300 IN A 5.5.5.5
foo 300 IN A 1.2.3.4
www 400 IN A 5.6.7.8
zzz 300 IN A 3.3.3.3
zzz 300 IN A 4.4.4.4
@ 500 IN A 8.8.8.8
foo 300 IN CNAME dnscontroltest-azurep.com.
_sip._tcp 300 IN SRV 15 65 75 foo4.com.
_sip._tcp 300 IN SRV 52 62 7 foo.com.
testmx 300 IN MX 5 foo.com.
testmx 300 IN MX 5 foo.com.
testa 999 IN A 1.1.1.1
@ 300 IN A 1.2.3.4
@ 300 IN A 2.3.4.5
fooosbs3 300 IN TXT "3back\\\\\\slash"
testmx 300 IN MX 5 foo.com.
testmx 300 IN MX 100 bar.com.
@ 300 IN A 2.2.2.2
foodqs 300 IN TXT "right\""
bar 300 IN A 5.5.5.5
www 300 IN A 1.1.1.1
www 300 IN A 2.2.2.2
foo765 300 IN TXT "HHHHHHHHHHHHHHHHHHHHHHHHHHHHHHHHHHHHHHHHHHHHHHHHHHHHHHHHHHHHHHHHHHHHHHHHHHHHHHHHHHHHHHHHHHHHHHHHHHHHHHHHHHHHHHHHHHHHHHHHHHHHHHHHHHHHHHHHHHHHHHHHHHHHHHHHHHHHHHHHHHHHHHHHHHHHHHHHHHHHHHHHHHHHHHHHHHHHHHHHHHHHHHHHHHHHHHHHHHHHHHHHHHHHHHHHHHHHHHHHHHHHHHHHHHHHHHH" "HHHHHHHHHHHHHHHHHHHHHHHHHHHHHHHHHHHHHHHHHHHHHHHHHHHHHHHHHHHHHHHHHHHHHHHHHHHHHHHHHHHHHHHHHHHHHHHHHHHHHHHHHHHHHHHHHHHHHHHHHHHHHHHHHHHHHHHHHHHHHHHHHHHHHHHHHHHHHHHHHHHHHHHHHHHHHHHHHHHHHHHHHHHHHHHHHHHHHHHHHHHHHHHHHHHHHHHHHHHHHHHHHHHHHHHHHHHHHHHHHHHHHHHHHHHHHHH" "HHHHHHHHHHHHHHHHHHHHHHHHHHHHHHHHHHHHHHHHHHHHHHHHHHHHHHHHHHHHHHHHHHHHHHHHHHHHHHHHHHHHHHHHHHHHHHHHHHHHHHHHHHHHHHHHHHHHHHHHHHHHHHHHHHHHHHHHHHHHHHHHHHHHHHHHHHHHHHHHHHHHHHHHHHHHHHHHHHHHHHHHHHHHHHHHHHHHHHHHHHHHHHHHHHHHHHHHHHHHHHHHHHHHHHHHHHHHHHHHHHHHHHHHHHHHHHH"
foodqs 300 IN TXT "\"left"
@ 300 IN MX 5 foo.com.
foodqs 300 IN TXT "in\"ter\"ior"
foo 300 IN A 1.2.3.4
foo 300 IN MX 8 dnscontroltest-azurep.com.
foodq 300 IN TXT "in\"side"
4 300 IN PTR bar.com.
testcname 300 IN CNAME www.google.com.
