[
  {
    "host": "*",
    "record": "3.3.3.3",
    "record-type": "A",
    "ttl": "300"
  },
  {
    "host": "",
    "record": "8.8.8.8",
    "record-type": "A",
    "ttl": "1000"
  },
  {
    "host": "",
    "record": "1.2.3.2",
    "record-type": "A",
    "ttl": "300"
  },
  {
    "host": "",
    "record": "1.2.3.4",
    "record-type": "A",
    "ttl": "300"
  },
  {
    "host": "",
    "record": "2.2.2.2",
    "record-type": "A",
    "ttl": "300"
  },
  {
    "host": "",
    "record": "2.3.4.5",
    "record-type": "A",
    "ttl": "300"
  },
  {
    "host": "",
    "record": "4.4.4.4",
    "record-type": "A",
    "ttl": "300"
  },
  {
    "host": "",
    "record": "foo.cloudnstest.yesthattom.com.",
    "record-type": "ALIAS",
    "ttl": "300"
  },
  {
    "host": "",
    "record": "foo.com.",
    "record-type": "ALIAS",
    "ttl": "300"
  },
  {
    "host": "",
    "record": "foo2.com.",
    "record-type": "ALIAS",
    "ttl": "300"
  },
  {
    "caa_flag": "0",
    "caa_type": "issue",
    "caa_value": "letsencrypt.org",
    "host": "",
    "record": "0 issue \"letsencrypt.org\"",
    "record-type": "CAA",
    "ttl": "300"
  },
  {
    "caa_flag": "0",
    "caa_type": "issue",
    "caa_value": "letsencrypt.org; validationmethods=dns-01; accounturi=https://acme-v02.api.letsencrypt.org/acme/acct/1234",
    "host": "",
    "record": "0 issue \"letsencrypt.org; validationmethods=dns-01; accounturi=https://acme-v02.api.letsencrypt.org/acme/acct/1234\"",
    "record-type": "CAA",
    "ttl": "300"
  },
  {
    "caa_flag": "0",
    "caa_type": "issuewild",
    "caa_value": ";",
    "host": "",
    "record": "0 issuewild \";\"",
    "record-type": "CAA",
    "ttl": "300"
  },
  {
    "caa_flag": "0",
    "caa_type": "issuewild",
    "caa_value": "example.com",
    "host": "",
    "record": "0 issuewild \"example.com\"",
    "record-type": "CAA",
    "ttl": "300"
  },
  {
    "caa_flag": "0",
    "caa_type": "issuewild",
    "caa_value": "letsencrypt.org",
    "host": "",
    "record": "0 issuewild \"letsencrypt.org\"",
    "record-type": "CAA",
    "ttl": "300"
  },
  {
    "caa_flag": "128",
    "caa_type": "issue",
    "caa_value": "letsencrypt.org",
    "host": "",
    "record": "128 issue \"letsencrypt.org\"",
    "record-type": "CAA",
    "ttl": "300"
  },
  {
    "altitude": "-24.05",
    "h-precision": "0",
    "host": "",
    "lat-deg": "42",
    "lat-dir": "N",
    "lat-min": "21",
    "lat-sec": "54.000",
    "long-deg": "71",
    "long-dir": "W",
    "long-min": "06",
    "long-sec": "18.000",
    "record": "42 21 54.000 N 71 06 18.000 W -24.05m 30m 0.00m 0.00m",
    "record-type": "LOC",
    "size": "30",
    "ttl": "300",
    "v-precision": "0"
  },
  {
    "altitude": "-24.06",
    "h-precision": "10",
    "host": "",
    "lat-deg": "42",
    "lat-dir": "N",
    "lat-min": "21",
    "lat-sec": "54.000",
    "long-deg": "71",
    "long-dir": "W",
    "long-min": "06",
    "long-sec": "18.000",
    "record": "42 21 54.000 N 71 06 18.000 W -24.06m 30m 10m 0.00m",
    "record-type": "LOC",
    "size": "30",
    "ttl": "300",
    "v-precision": "0"
  },
  {
    "altitude": "-24",
    "h-precision": "0",
    "host": "",
    "lat-deg": "42",
    "lat-dir": "N",
    "lat-min": "21",
    "lat-sec": "54.000",
    "long-deg": "71",
    "long-dir": "W",
    "long-min": "06",
    "long-sec": "18.000",
    "record": "42 21 54.000 N 71 06 18.000 W -24m 30m 0.00m 0.00m",
    "record-type": "LOC",
    "size": "30",
    "ttl": "300",
    "v-precision": "0"
  },
  {
    "host": "",
    "priority": "0",
    "record": ".",
    "record-type": "MX",
    "ttl": "300"
  },
  {
    "host": "",
    "priority": "2",
    "record": "cloudnstest.yesthattom.com.",
    "record-type": "MX",
    "ttl": "300"
  },
  {
    "host": "",
    "priority": "5",
    "record": "bar.com.",
    "record-type": "MX",
    "ttl": "300"
  },
  {
    "host": "",
    "priority": "5",
    "record": "foo.com.",
    "record-type": "MX",
    "ttl": "300"
  },
  {
    "host": "",
    "priority": "8",
    "record": "www.cloudnstest.yesthattom.com.",
    "record-type": "MX",
    "ttl": "300"
  },
  {
    "host": "",
    "record": "ns1.foo.com.",
    "record-type": "NS",
    "ttl": "300"
  },
  {
    "host": "",
    "record": "ns2.foo.com.",
    "record-type": "NS",
    "ttl": "300"
  },
  {
    "host": "",
    "record": "pns71.cloudns.net.",
    "record-type": "NS",
    "ttl": "300"
  },
  {
    "host": "",
    "record": "pns72.cloudns.com.",
    "record-type": "NS",
    "ttl": "300"
  },
  {
    "host": "",
    "record": "pns73.cloudns.net.",
    "record-type": "NS",
    "ttl": "300"
  },
  {
    "host": "",
    "record": "pns74.cloudns.uk.",
    "record-type": "NS",
    "ttl": "300"
  },
  {
    "algorithm": "1",
    "fptype": "1",
    "host": "",
    "record": "66C7D5540B7D75A1FB4C84FEBFA178AD99BDD67C",
    "record-type": "SSHFP",
    "ttl": "300"
  },
  {
    "algorithm": "2",
    "fptype": "1",
    "host": "",
    "record": "66C7D5540B7D75A1FB4C84FEBFA178AD99BDD67C",
    "record-type": "SSHFP",
    "ttl": "300"
  },
  {
    "algorithm": "2",
    "fptype": "2",
    "host": "",
    "record": "745A635BC46A397A5C4F21D437483005BCC40D7511FF15FBFAFE913A081559BC",
    "record-type": "SSHFP",
    "ttl": "300"
  },
  {
    "host": "",
    "record": "asimple",
    "record-type": "TXT",
    "ttl": "300"
  },
  {
    "host": "",
    "record": "simple",
    "record-type": "TXT",
    "ttl": "300"
  },
  {
    "host": "",
    "record": "8.8.8.8",
    "record-type": "A",
    "ttl": "500"
  },
  {
    "host": "",
    "record": "8.8.8.8",
    "record-type": "A",
    "ttl": "666"
  },
  {
    "host": "_443._tcp",
    "record": "0123456789ABCDEF0123456789ABCDEF0123456789ABCDEF0123456789ABCDEF",
    "record-type": "TLSA",
    "tlsa_matching_type": "1",
    "tlsa_selector": "0",
    "tlsa_usage": "2",
    "ttl": "300"
  },
  {
    "host": "_443._tcp",
    "record": "0123456789ABCDEF0123456789ABCDEF0123456789ABCDEF0123456789ABCDEF0123456789ABCDEF0123456789ABCDEF0123456789ABCDEF0123456789ABCDEF",
    "record-type": "TLSA",
    "tlsa_matching_type": "2",
    "tlsa_selector": "0",
    "tlsa_usage": "2",
    "ttl": "300"
  },
  {
    "host": "_443._tcp",
    "record": "FEDCBA9876543210FEDCBA9876543210FEDCBA9876543210FEDCBA9876543210FEDCBA9876543210FEDCBA9876543210FEDCBA9876543210FEDCBA9876543210",
    "record-type": "TLSA",
    "tlsa_matching_type": "2",
    "tlsa_selector": "0",
    "tlsa_usage": "2",
    "ttl": "300"
  },
  {
    "host": "_443._tcp",
    "record": "0123456789ABCDEF0123456789ABCDEF0123456789ABCDEF0123456789ABCDEF",
    "record-type": "TLSA",
    "tlsa_matching_type": "1",
    "tlsa_selector": "1",
    "tlsa_usage": "2",
    "ttl": "300"
  },
  {
    "host": "_443._tcp",
    "record": "0123456789ABCDEF0123456789ABCDEF0123456789ABCDEF0123456789ABCDEF",
    "record-type": "TLSA",
    "tlsa_matching_type": "1",
    "tlsa_selector": "1",
    "tlsa_usage": "3",
    "ttl": "300"
  },
  {
    "host": "_sip._tcp",
    "port": "75",
    "priority": "15",
    "record": ".",
    "record-type": "SRV",
    "ttl": "300",
    "weight": "65"
  },
  {
    "host": "_sip._tcp",
    "port": "75",
    "priority": "15",
    "record": "foo3.com.",
    "record-type": "SRV",
    "ttl": "300",
    "weight": "65"
  },
  {
    "host": "_sip._tcp",
    "port": "75",
    "priority": "15",
    "record": "foo4.com.",
    "record-type": "SRV",
    "ttl": "300",
    "weight": "65"
  },
  {
    "host": "_sip._tcp",
    "port": "7",
    "priority": "5",
    "record": "foo.com.",
    "record-type": "SRV",
    "ttl": "300",
    "weight": "6"
  },
  {
    "host": "_sip._tcp",
    "port": "70",
    "priority": "5",
    "record": "foo2.com.",
    "record-type": "SRV",
    "ttl": "300",
    "weight": "60"
  },
  {
    "host": "_sip._tcp",
    "port": "7",
    "priority": "52",
    "record": "foo.com.",
    "record-type": "SRV",
    "ttl": "300",
    "weight": "6"
  },
  {
    "host": "_sip._tcp",
    "port": "7",
    "priority": "52",
    "record": "foo.com.",
    "record-type": "SRV",
    "ttl": "300",
    "weight": "62"
  },
  {
    "host": "_sip._tcp",
    "port": "72",
    "priority": "52",
    "record": "foo.com.",
    "record-type": "SRV",
    "ttl": "300",
    "weight": "62"
  },
  {
    "host": "_sip._tcp",
    "port": "7",
    "priority": "5",
    "record": "foo.com.",
    "record-type": "SRV",
    "ttl": "333",
    "weight": "6"
  },
  {
    "host": "_sip._tcp",
    "port": "7",
    "priority": "5",
    "record": "foo.com.",
    "record-type": "SRV",
    "ttl": "4400",
    "weight": "6"
  },
  {
    "host": "a",
    "record": "xn--ndaaa.com.",
    "record-type": "CNAME",
    "ttl": "300"
  },
  {
    "host": "a",
    "record": "b.cloudnstest.yesthattom.com.",
    "record-type": "DNAME",
    "ttl": "300"
  },
  {
    "altitude": "-24.33",
    "h-precision": "200",
    "host": "a",
    "lat-deg": "42",
    "lat-dir": "N",
    "lat-min": "21",
    "lat-sec": "43.950",
    "long-deg": "71",
    "long-dir": "W",
    "long-min": "05",
    "long-sec": "6.340",
    "record": "42 21 43.950 N 71 05 6.340 W -24.33m 1m 200m 10m",
    "record-type": "LOC",
    "size": "1",
    "ttl": "300",
    "v-precision": "10"
  },
  {
    "algorithm": "1",
    "digest-type": "4",
    "host": "another-child",
    "key-tag": "2159",
    "record": "F50BEFEA333EE2901D72D31A08E1A3CD3F7E943FF4B38CF7C8AD92807F5302F76FB0B419182C0F47FFC71CBCB6EF4BD4",
    "record-type": "DS",
    "ttl": "300"
  },
  {
    "algorithm": "13",
    "digest-type": "4",
    "host": "another-child",
    "key-tag": "35632",
    "record": "F5F32ABCA6B01AA7A9963012F90B7C8523A1D946185A3AD70B67F3C9F18E7312FA9DD6AB2F7D8382F789213DB173D429",
    "record-type": "DS",
    "ttl": "300"
  },
  {
    "algorithm": "3",
    "digest-type": "4",
    "host": "another-child",
    "key-tag": "63909",
    "record": "EEC7FA02E6788DA889B2CE41D43D92F948AB126EDCF83B7037E73CE9531C8E7E45653ABBAA76C2D6E42F98316EDE599B",
    "record-type": "DS",
    "ttl": "300"
  },
  {
    "host": "another-child",
    "record": "ns101.cloudns.net.",
    "record-type": "NS",
    "ttl": "300"
  },
  {
    "altitude": "10.22",
    "h-precision": "0",
    "host": "b",
    "lat-deg": "52",
    "lat-dir": "N",
    "lat-min": "14",
    "lat-sec": "5.000",
    "long-deg": "00",
    "long-dir": "E",
    "long-min": "08",
    "long-sec": "50.000",
    "record": "52 14 5.000 N 00 08 50.000 E 10.22m 0.00m 0.00m 0.00m",
    "record-type": "LOC",
    "size": "0",
    "ttl": "300",
    "v-precision": "0"
  },
  {
    "host": "bar",
    "record": "1.2.3.4",
    "record-type": "A",
    "ttl": "300"
  },
  {
    "host": "bar",
    "record": "5.5.5.5",
    "record-type": "A",
    "ttl": "300"
  },
  {
    "host": "bar",
    "record": "redact2.acm-validations.aws.",
    "record-type": "CNAME",
    "ttl": "300"
  },
  {
    "host": "bar",
    "priority": "5",
    "record": "bar.com.",
    "record-type": "MX",
    "ttl": "300"
  },
  {
    "host": "bar.bat",
    "record": "5.5.5.5",
    "record-type": "A",
    "ttl": "300"
  },
  {
    "altitude": "10",
    "h-precision": "0",
    "host": "c",
    "lat-deg": "32",
    "lat-dir": "S",
    "lat-min": "07",
    "lat-sec": "19.000",
    "long-deg": "116",
    "long-dir": "E",
    "long-min": "02",
    "long-sec": "25.000",
    "record": "32 07 19.000 S 116 02 25.000 E 10m 0.00m 0.00m 0.00m",
    "record-type": "LOC",
    "size": "0",
    "ttl": "300",
    "v-precision": "0"
  },
  {
    "algorithm": "13",
    "digest-type": "1",
    "host": "child",
    "key-tag": "2075",
    "record": "2706D12E256C8FDD9BFB45EFB25FE537E21A82F6",
    "record-type": "DS",
    "ttl": "300"
  },
  {
    "algorithm": "13",
    "digest-type": "2",
    "host": "child",
    "key-tag": "2075",
    "record": "3F7A1EAC8C813A0BEBD0C3B8AAB387E31945EA0CD5E1D84A2E8E27674566C156",
    "record-type": "DS",
    "ttl": "300"
  },
  {
    "algorithm": "1",
    "digest-type": "4",
    "host": "child",
    "key-tag": "2159",
    "record": "F50BEFEA333EE2901D72D31A08E1A3CD3F7E943FF4B38CF7C8AD92807F5302F76FB0B419182C0F47FFC71CBCB6EF4BD4",
    "record-type": "DS",
    "ttl": "300"
  },
  {
    "algorithm": "13",
    "digest-type": "1",
    "host": "child",
    "key-tag": "35632",
    "record": "1E07663FF507A40874B8605463DD41DE482079D6",
    "record-type": "DS",
    "ttl": "300"
  },
  {
    "algorithm": "3",
    "digest-type": "4",
    "host": "child",
    "key-tag": "63909",
    "record": "EEC7FA02E6788DA889B2CE41D43D92F948AB126EDCF83B7037E73CE9531C8E7E45653ABBAA76C2D6E42F98316EDE599B",
    "record-type": "DS",
    "ttl": "300"
  },
  {
    "host": "child",
    "record": "ns101.cloudns.net.",
    "record-type": "NS",
    "ttl": "300"
  },
  {
    "altitude": "-44",
    "h-precision": "0",
    "host": "d",
    "lat-deg": "42",
    "lat-dir": "N",
    "lat-min": "21",
    "lat-sec": "28.760",
    "long-deg": "71",
    "long-dir": "W",
    "long-min": "00",
    "long-sec": "51.620",
    "record": "42 21 28.760 N 71 00 51.620 W -44m 2000m 0.00m 0.00m",
    "record-type": "LOC",
    "size": "2000",
    "ttl": "300",
    "v-precision": "0"
  },
  {
    "host": "decoy",
    "record": "1.1.1.1",
    "record-type": "A",
    "ttl": "300"
  },
  {
    "host": "decoy",
    "record": "2.2.2.2",
    "record-type": "A",
    "ttl": "300"
  },
  {
    "host": "decoy",
    "record": "3.3.3.3",
    "record-type": "A",
    "ttl": "300"
  },
  {
    "host": "dyndns-city1",
    "record": "91.42.1.1",
    "record-type": "A",
    "ttl": "300"
  },
  {
    "host": "dyndns-city1",
    "record": "2003:dd:d7ff::fe71:ce77",
    "record-type": "AAAA",
    "ttl": "300"
  },
  {
    "host": "dyndns-city2",
    "record": "91.42.1.2",
    "record-type": "A",
    "ttl": "300"
  },
  {
    "host": "dyndns-city2",
    "record": "2003:dd:d7ff::fe71:ce78",
    "record-type": "AAAA",
    "ttl": "300"
  },
  {
    "host": "final",
    "record": "TestDNSProviders was successful!",
    "record-type": "TXT",
    "ttl": "300"
  },
  {
    "host": "foo",
    "record": "1.1.1.1",
    "record-type": "A",
    "ttl": "300"
  },
  {
    "host": "foo",
    "record": "1.2.3.4",
    "record-type": "A",
    "ttl": "300"
  },
  {
    "host": "foo",
    "record": "10.10.10.10",
    "record-type": "A",
    "ttl": "300"
  },
  {
    "host": "foo",
    "record": "11.11.11.11",
    "record-type": "A",
    "ttl": "300"
  },
  {
    "host": "foo",
    "record": "12.12.12.12",
    "record-type": "A",
    "ttl": "300"
  },
  {
    "host": "foo",
    "record": "13.13.13.13",
    "record-type": "A",
    "ttl": "300"
  },
  {
    "host": "foo",
    "record": "14.14.14.14",
    "record-type": "A",
    "ttl": "300"
  },
  {
    "host": "foo",
    "record": "2.3.4.5",
    "record-type": "A",
    "ttl": "300"
  },
  {
    "host": "foo",
    "record": "3.4.5.6",
    "record-type": "A",
    "ttl": "300"
  },
  {
    "host": "foo",
    "record": "4.5.6.7",
    "record-type": "A",
    "ttl": "300"
  },
  {
    "host": "foo",
    "record": "8.8.8.8",
    "record-type": "A",
    "ttl": "300"
  },
  {
    "host": "foo",
    "record": "2003:dd:d7ff::fe71:aaaa",
    "record-type": "AAAA",
    "ttl": "300"
  },
  {
    "host": "foo",
    "record": "cloudnstest.yesthattom.com.",
    "record-type": "CNAME",
    "ttl": "300"
  },
  {
    "host": "foo",
    "record": "google.com.",
    "record-type": "CNAME",
    "ttl": "300"
  },
  {
    "host": "foo",
    "record": "google2.com.",
    "record-type": "CNAME",
    "ttl": "300"
  },
  {
    "host": "foo",
    "record": "redact1.acm-validations.aws.",
    "record-type": "CNAME",
    "ttl": "300"
  },
  {
    "host": "foo",
    "priority": "10",
    "record": "aspmx.l.google.com.",
    "record-type": "MX",
    "ttl": "300"
  },
  {
    "host": "foo",
    "priority": "10",
    "record": "foo.cloudnstest.yesthattom.com.",
    "record-type": "MX",
    "ttl": "300"
  },
  {
    "host": "foo",
    "priority": "20",
    "record": "alt1.aspmx.l.google.com.",
    "record-type": "MX",
    "ttl": "300"
  },
  {
    "host": "foo",
    "priority": "20",
    "record": "bar.cloudnstest.yesthattom.com.",
    "record-type": "MX",
    "ttl": "300"
  },
  {
    "host": "foo",
    "priority": "5",
    "record": "mx.google.com.",
    "record-type": "MX",
    "ttl": "300"
  },
  {
    "host": "foo",
    "priority": "8",
    "record": "cloudnstest.yesthattom.com.",
    "record-type": "MX",
    "ttl": "300"
  },
  {
    "host": "foo",
    "record": "cloudnstest.yesthattom.com.",
    "record-type": "NS",
    "ttl": "300"
  },
  {
    "host": "foo",
    "record": "simple",
    "record-type": "TXT",
    "ttl": "300"
  },
  {
    "host": "foo",
    "record": "v=spf1 ip4:99.99.99.99 -all",
    "record-type": "TXT",
    "ttl": "300"
  },
  {
    "host": "foo.bat",
    "record": "1.2.3.4",
    "record-type": "A",
    "ttl": "300"
  },
  {
    "host": "foo.bat",
    "record": "2.3.4.5",
    "record-type": "A",
    "ttl": "300"
  },
  {
    "host": "foo.bat",
    "record": "simple",
    "record-type": "TXT",
    "ttl": "300"
  },
  {
    "host": "foo254",
    "record": "AAAAAAAAAAAAAAAAAAAAAAAAAAAAAAAAAAAAAAAAAAAAAAAAAAAAAAAAAAAAAAAAAAAAAAAAAAAAAAAAAAAAAAAAAAAAAAAAAAAAAAAAAAAAAAAAAAAAAAAAAAAAAAAAAAAAAAAAAAAAAAAAAAAAAAAAAAAAAAAAAAAAAAAAAAAAAAAAAAAAAAAAAAAAAAAAAAAAAAAAAAAAAAAAAAAAAAAAAAAAAAAAAAAAAAAAAAAAAAAAAAAAAAAAAAAAAA",
    "record-type": "TXT",
    "ttl": "300"
  },
  {
    "host": "foo255",
    "record": "BBBBBBBBBBBBBBBBBBBBBBBBBBBBBBBBBBBBBBBBBBBBBBBBBBBBBBBBBBBBBBBBBBBBBBBBBBBBBBBBBBBBBBBBBBBBBBBBBBBBBBBBBBBBBBBBBBBBBBBBBBBBBBBBBBBBBBBBBBBBBBBBBBBBBBBBBBBBBBBBBBBBBBBBBBBBBBBBBBBBBBBBBBBBBBBBBBBBBBBBBBBBBBBBBBBBBBBBBBBBBBBBBBBBBBBBBBBBBBBBBBBBBBBBBBBBBBB",
    "record-type": "TXT",
    "ttl": "300"
  },
  {
    "host": "foo256",
    "record": "CCCCCCCCCCCCCCCCCCCCCCCCCCCCCCCCCCCCCCCCCCCCCCCCCCCCCCCCCCCCCCCCCCCCCCCCCCCCCCCCCCCCCCCCCCCCCCCCCCCCCCCCCCCCCCCCCCCCCCCCCCCCCCCCCCCCCCCCCCCCCCCCCCCCCCCCCCCCCCCCCCCCCCCCCCCCCCCCCCCCCCCCCCCCCCCCCCCCCCCCCCCCCCCCCCCCCCCCCCCCCCCCCCCCCCCCCCCCCCCCCCCCCCCCCCCCCCCC",
    "record-type": "TXT",
    "ttl": "300"
  },
  {
    "host": "foo509",
    "record": "DDDDDDDDDDDDDDDDDDDDDDDDDDDDDDDDDDDDDDDDDDDDDDDDDDDDDDDDDDDDDDDDDDDDDDDDDDDDDDDDDDDDDDDDDDDDDDDDDDDDDDDDDDDDDDDDDDDDDDDDDDDDDDDDDDDDDDDDDDDDDDDDDDDDDDDDDDDDDDDDDDDDDDDDDDDDDDDDDDDDDDDDDDDDDDDDDDDDDDDDDDDDDDDDDDDDDDDDDDDDDDDDDDDDDDDDDDDDDDDDDDDDDDDDDDDDDDDDDDDDDDDDDDDDDDDDDDDDDDDDDDDDDDDDDDDDDDDDDDDDDDDDDDDDDDDDDDDDDDDDDDDDDDDDDDDDDDDDDDDDDDDDDDDDDDDDDDDDDDDDDDDDDDDDDDDDDDDDDDDDDDDDDDDDDDDDDDDDDDDDDDDDDDDDDDDDDDDDDDDDDDDDDDDDDDDDDDDDDDDDDDDDDDDDDDDDDDDDDDDDDDDDDDDDDDDDDDDDDDDDDDDDDDDDDDDDDDDDDDDDDDDDDDDDD",
    "record-type": "TXT",
    "ttl": "300"
  },
  {
    "host": "foo510",
    "record": "EEEEEEEEEEEEEEEEEEEEEEEEEEEEEEEEEEEEEEEEEEEEEEEEEEEEEEEEEEEEEEEEEEEEEEEEEEEEEEEEEEEEEEEEEEEEEEEEEEEEEEEEEEEEEEEEEEEEEEEEEEEEEEEEEEEEEEEEEEEEEEEEEEEEEEEEEEEEEEEEEEEEEEEEEEEEEEEEEEEEEEEEEEEEEEEEEEEEEEEEEEEEEEEEEEEEEEEEEEEEEEEEEEEEEEEEEEEEEEEEEEEEEEEEEEEEEEEEEEEEEEEEEEEEEEEEEEEEEEEEEEEEEEEEEEEEEEEEEEEEEEEEEEEEEEEEEEEEEEEEEEEEEEEEEEEEEEEEEEEEEEEEEEEEEEEEEEEEEEEEEEEEEEEEEEEEEEEEEEEEEEEEEEEEEEEEEEEEEEEEEEEEEEEEEEEEEEEEEEEEEEEEEEEEEEEEEEEEEEEEEEEEEEEEEEEEEEEEEEEEEEEEEEEEEEEEEEEEEEEEEEEEEEEEEEEEEEEEEEEEEEEEEEEEEE",
    "record-type": "TXT",
    "ttl": "300"
  },
  {
    "host": "foo511",
    "record": "FFFFFFFFFFFFFFFFFFFFFFFFFFFFFFFFFFFFFFFFFFFFFFFFFFFFFFFFFFFFFFFFFFFFFFFFFFFFFFFFFFFFFFFFFFFFFFFFFFFFFFFFFFFFFFFFFFFFFFFFFFFFFFFFFFFFFFFFFFFFFFFFFFFFFFFFFFFFFFFFFFFFFFFFFFFFFFFFFFFFFFFFFFFFFFFFFFFFFFFFFFFFFFFFFFFFFFFFFFFFFFFFFFFFFFFFFFFFFFFFFFFFFFFFFFFFFFFFFFFFFFFFFFFFFFFFFFFFFFFFFFFFFFFFFFFFFFFFFFFFFFFFFFFFFFFFFFFFFFFFFFFFFFFFFFFFFFFFFFFFFFFFFFFFFFFFFFFFFFFFFFFFFFFFFFFFFFFFFFFFFFFFFFFFFFFFFFFFFFFFFFFFFFFFFFFFFFFFFFFFFFFFFFFFFFFFFFFFFFFFFFFFFFFFFFFFFFFFFFFFFFFFFFFFFFFFFFFFFFFFFFFFFFFFFFFFFFFFFFFFFFFFFFFFFFF",
    "record-type": "TXT",
    "ttl": "300"
  },
  {
    "host": "foo764",
    "record": "GGGGGGGGGGGGGGGGGGGGGGGGGGGGGGGGGGGGGGGGGGGGGGGGGGGGGGGGGGGGGGGGGGGGGGGGGGGGGGGGGGGGGGGGGGGGGGGGGGGGGGGGGGGGGGGGGGGGGGGGGGGGGGGGGGGGGGGGGGGGGGGGGGGGGGGGGGGGGGGGGGGGGGGGGGGGGGGGGGGGGGGGGGGGGGGGGGGGGGGGGGGGGGGGGGGGGGGGGGGGGGGGGGGGGGGGGGGGGGGGGGGGGGGGGGGGGGGGGGGGGGGGGGGGGGGGGGGGGGGGGGGGGGGGGGGGGGGGGGGGGGGGGGGGGGGGGGGGGGGGGGGGGGGGGGGGGGGGGGGGGGGGGGGGGGGGGGGGGGGGGGGGGGGGGGGGGGGGGGGGGGGGGGGGGGGGGGGGGGGGGGGGGGGGGGGGGGGGGGGGGGGGGGGGGGGGGGGGGGGGGGGGGGGGGGGGGGGGGGGGGGGGGGGGGGGGGGGGGGGGGGGGGGGGGGGGGGGGGGGGGGGGGGGGGGGGGGGGGGGGGGGGGGGGGGGGGGGGGGGGGGGGGGGGGGGGGGGGGGGGGGGGGGGGGGGGGGGGGGGGGGGGGGGGGGGGGGGGGGGGGGGGGGGGGGGGGGGGGGGGGGGGGGGGGGGGGGGGGGGGGGGGGGGGGGGGGGGGGGGGGGGGGGGGGGGGGGGGGGGGGGGGGGGGGGGGGGGGGGGGGGGGGGGGGGGGGGGGGGGGGGGGGGGGGGGGGGGGGGGGGGGGGGGGGGGGGGGGGGGGGGGG",
    "record-type": "TXT",
    "ttl": "300"
  },
  {
    "host": "foo765",
    "record": "HHHHHHHHHHHHHHHHHHHHHHHHHHHHHHHHHHHHHHHHHHHHHHHHHHHHHHHHHHHHHHHHHHHHHHHHHHHHHHHHHHHHHHHHHHHHHHHHHHHHHHHHHHHHHHHHHHHHHHHHHHHHHHHHHHHHHHHHHHHHHHHHHHHHHHHHHHHHHHHHHHHHHHHHHHHHHHHHHHHHHHHHHHHHHHHHHHHHHHHHHHHHHHHHHHHHHHHHHHHHHHHHHHHHHHHHHHHHHHHHHHHHHHHHHHHHHHHHHHHHHHHHHHHHHHHHHHHHHHHHHHHHHHHHHHHHHHHHHHHHHHHHHHHHHHHHHHHHHHHHHHHHHHHHHHHHHHHHHHHHHHHHHHHHHHHHHHHHHHHHHHHHHHHHHHHHHHHHHHHHHHHHHHHHHHHHHHHHHHHHHHHHHHHHHHHHHHHHHHHHHHHHHHHHHHHHHHHHHHHHHHHHHHHHHHHHHHHHHHHHHHHHHHHHHHHHHHHHHHHHHHHHHHHHHHHHHHHHHHHHHHHHHHHHHHHHHHHHHHHHHHHHHHHHHHHHHHHHHHHHHHHHHHHHHHHHHHHHHHHHHHHHHHHHHHHHHHHHHHHHHHHHHHHHHHHHHHHHHHHHHHHHHHHHHHHHHHHHHHHHHHHHHHHHHHHHHHHHHHHHHHHHHHHHHHHHHHHHHHHHHHHHHHHHHHHHHHHHHHHHHHHHHHHHHHHHHHHHHHHHHHHHHHHHHHHHHHHHHHHHHHHHHHHHHHHHHHHHHHHHHHHHHHHHHHHHHHHHHHHHHHHHH",
    "record-type": "TXT",
    "ttl": "300"
  },
  {
    "host": "foo766",
    "record": "JJJJJJJJJJJJJJJJJJJJJJJJJJJJJJJJJJJJJJJJJJJJJJJJJJJJJJJJJJJJJJJJJJJJJJJJJJJJJJJJJJJJJJJJJJJJJJJJJJJJJJJJJJJJJJJJJJJJJJJJJJJJJJJJJJJJJJJJJJJJJJJJJJJJJJJJJJJJJJJJJJJJJJJJJJJJJJJJJJJJJJJJJJJJJJJJJJJJJJJJJJJJJJJJJJJJJJJJJJJJJJJJJJJJJJJJJJJJJJJJJJJJJJJJJJJJJJJJJJJJJJJJJJJJJJJJJJJJJJJJJJJJJJJJJJJJJJJJJJJJJJJJJJJJJJJJJJJJJJJJJJJJJJJJJJJJJJJJJJJJJJJJJJJJJJJJJJJJJJJJJJJJJJJJJJJJJJJJJJJJJJJJJJJJJJJJJJJJJJJJJJJJJJJJJJJJJJJJJJJJJJJJJJJJJJJJJJJJJJJJJJJJJJJJJJJJJJJJJJJJJJJJJJJJJJJJJJJJJJJJJJJJJJJJJJJJJJJJJJJJJJJJJJJJJJJJJJJJJJJJJJJJJJJJJJJJJJJJJJJJJJJJJJJJJJJJJJJJJJJJJJJJJJJJJJJJJJJJJJJJJJJJJJJJJJJJJJJJJJJJJJJJJJJJJJJJJJJJJJJJJJJJJJJJJJJJJJJJJJJJJJJJJJJJJJJJJJJJJJJJJJJJJJJJJJJJJJJJJJJJJJJJJJJJJJJJJJJJJJJJJJJJJJJJJJJJJJJJJJJJJJJJJJJJJJJJJJJJJJJJJJJJJJJJJJJJJJJJJJJJJJJJJJ",
    "record-type": "TXT",
    "ttl": "300"
  },
  {
    "host": "fooosbs1",
    "record": "1back\\slash",
    "record-type": "TXT",
    "ttl": "300"
  },
  {
    "host": "fooosbs2",
    "record": "2back\\\\slash",
    "record-type": "TXT",
    "ttl": "300"
  },
  {
    "host": "fooosbs3",
    "record": "3back\\\\\\slash",
    "record-type": "TXT",
    "ttl": "300"
  },
  {
    "host": "fooosbs4",
    "record": "4back\\\\\\\\slash",
    "record-type": "TXT",
    "ttl": "300"
  },
  {
    "host": "foosc1",
    "record": "semi;colon",
    "record-type": "TXT",
    "ttl": "300"
  },
  {
    "host": "foosc2",
    "record": "wssemi ; colon",
    "record-type": "TXT",
    "ttl": "300"
  },
  {
    "host": "foosp",
    "record": "with spaces",
    "record-type": "TXT",
    "ttl": "300"
  },
  {
    "host": "foosq",
    "record": "quo'te",
    "record-type": "TXT",
    "ttl": "300"
  },
  {
    "host": "mail",
    "record": "ghs.googlehosted.com.",
    "record-type": "CNAME",
    "ttl": "300"
  },
  {
    "host": "mail.bat",
    "record": "ghs.googlehosted.com.",
    "record-type": "CNAME",
    "ttl": "300"
  },
  {
    "host": "nmx",
    "record": "1.2.3.3",
    "record-type": "A",
    "ttl": "300"
  },
  {
    "host": "nmx",
    "priority": "0",
    "record": ".",
    "record-type": "MX",
    "ttl": "300"
  },
  {
    "host": "nmx",
    "priority": "3",
    "record": "nmx.cloudnstest.yesthattom.com.",
    "record-type": "MX",
    "ttl": "300"
  },
  {
    "host": "nmx",
    "priority": "9",
    "record": "www.cloudnstest.yesthattom.com.",
    "record-type": "MX",
    "ttl": "300"
  },
  {
    "host": "test",
    "record": "foo.com.",
    "record-type": "ALIAS",
    "ttl": "300"
  },
  {
    "host": "test",
    "record": "foo2.com.",
    "record-type": "ALIAS",
    "ttl": "300"
  },
  {
    "host": "test",
    "record": "example.com.",
    "record-type": "DNAME",
    "ttl": "300"
  },
  {
    "host": "test",
    "record": "example.net.",
    "record-type": "DNAME",
    "ttl": "300"
  },
  {
    "flag": "U",
    "host": "test",
    "order": "100",
    "params": "E2U+sip",
    "pref": "10",
    "record": "100 10 \"U\" \"E2U+sip\" \"!^.*$!sip:customer-service@example.com!\" .",
    "record-type": "NAPTR",
    "regexp": "!^.*$!sip:customer-service@example.com!",
    "replace": ".",
    "ttl": "300"
  },
  {
    "flag": "U",
    "host": "test",
    "order": "102",
    "params": "E2U+email",
    "pref": "10",
    "record": "102 10 \"U\" \"E2U+email\" \"!^.*$!mailto:information@example.com!\" .",
    "record-type": "NAPTR",
    "regexp": "!^.*$!mailto:information@example.com!",
    "replace": ".",
    "ttl": "300"
  },
  {
    "flag": "U",
    "host": "test",
    "order": "103",
    "params": "E2U+email",
    "pref": "10",
    "record": "103 10 \"U\" \"E2U+email\" \"!^.*$!mailto:information@example.com!\" .",
    "record-type": "NAPTR",
    "regexp": "!^.*$!mailto:information@example.com!",
    "replace": ".",
    "ttl": "300"
  },
  {
    "flag": "A",
    "host": "test",
    "order": "103",
    "params": "E2U+email",
    "pref": "20",
    "record": "103 20 \"A\" \"E2U+email\" \"!^.*$!mailto:information@example.com!\" .",
    "record-type": "NAPTR",
    "regexp": "!^.*$!mailto:information@example.com!",
    "replace": ".",
    "ttl": "300"
  },
  {
    "flag": "A",
    "host": "test",
    "order": "103",
    "params": "E2U+sip",
    "pref": "20",
    "record": "103 20 \"A\" \"E2U+sip\" \"!^.*$!mailto:information@example.com!\" .",
    "record-type": "NAPTR",
    "regexp": "!^.*$!mailto:information@example.com!",
    "replace": ".",
    "ttl": "300"
  },
  {
    "flag": "A",
    "host": "test",
    "order": "103",
    "params": "E2U+sip",
    "pref": "20",
    "record": "103 20 \"A\" \"E2U+sip\" \"!^.*$!sip:customer-service@example.com!\" .",
    "record-type": "NAPTR",
    "regexp": "!^.*$!sip:customer-service@example.com!",
    "replace": ".",
    "ttl": "300"
  },
  {
    "flag": "A",
    "host": "test",
    "order": "103",
    "params": "E2U+sip",
    "pref": "20",
    "record": "103 20 \"A\" \"E2U+sip\" \"\" example.foo.com.",
    "record-type": "NAPTR",
    "regexp": "",
    "replace": "example.foo.com.",
    "ttl": "300"
  },
  {
    "flag": "A",
    "host": "test",
    "order": "103",
    "params": "E2U+sip",
    "pref": "20",
    "record": "103 20 \"A\" \"E2U+sip\" \"\" example2.foo.com.",
    "record-type": "NAPTR",
    "regexp": "",
    "replace": "example2.foo.com.",
    "ttl": "300"
  },
  {
    "flag": "U",
    "host": "test",
    "order": "103",
    "params": "E2U+email",
    "pref": "20",
    "record": "103 20 \"U\" \"E2U+email\" \"!^.*$!mailto:information@example.com!\" .",
    "record-type": "NAPTR",
    "regexp": "!^.*$!mailto:information@example.com!",
    "replace": ".",
    "ttl": "300"
  },
  {
    "host": "testa",
    "record": "1.1.1.1",
    "record-type": "A",
    "ttl": "300"
  },
  {
    "host": "testa",
    "record": "3.3.3.3",
    "record-type": "A",
    "ttl": "300"
  },
  {
    "host": "testa",
    "record": "1.1.1.1",
    "record-type": "A",
    "ttl": "333"
  },
  {
    "host": "testa",
    "record": "1.1.1.1",
    "record-type": "A",
    "ttl": "999"
  },
  {
    "host": "testaaaa",
    "record": "2607:f8b0:4006:820::2006",
    "record-type": "AAAA",
    "ttl": "300"
  },
  {
    "host": "testaaaa",
    "record": "2607:f8b0:4006:820::2013",
    "record-type": "AAAA",
    "ttl": "300"
  },
  {
    "host": "testcname",
    "record": "foo.cloudnstest.yesthattom.com.",
    "record-type": "CNAME",
    "ttl": "300"
  },
  {
    "host": "testcname",
    "record": "www.google.com.",
    "record-type": "CNAME",
    "ttl": "300"
  },
  {
    "host": "testcname",
    "record": "www.yahoo.com.",
    "record-type": "CNAME",
    "ttl": "300"
  },
  {
    "host": "testdefined",
    "record": "2.2.2.2",
    "record-type": "A",
    "ttl": "300"
  },
  {
    "host": "testdefined",
    "record": "9.9.9.9",
    "record-type": "A",
    "ttl": "300"
  },
  {
    "host": "testignore",
    "record": "8.8.8.8",
    "record-type": "A",
    "ttl": "300"
  },
  {
    "host": "testmx",
    "priority": "100",
    "record": "bar.com.",
    "record-type": "MX",
    "ttl": "300"
  },
  {
    "host": "testmx",
    "priority": "100",
    "record": "foo.com.",
    "record-type": "MX",
    "ttl": "300"
  },
  {
    "host": "testmx",
    "priority": "5",
    "record": "bar.com.",
    "record-type": "MX",
    "ttl": "300"
  },
  {
    "host": "testmx",
    "priority": "5",
    "record": "foo.com.",
    "record-type": "MX",
    "ttl": "300"
  },
  {
    "host": "testtxt",
    "record": "changed",
    "record-type": "TXT",
    "ttl": "300"
  },
  {
    "host": "testtxt",
    "record": "simple",
    "record-type": "TXT",
    "ttl": "300"
  },
  {
    "host": "www",
    "record": "1.1.1.1",
    "record-type": "A",
    "ttl": "300"
  },
  {
    "host": "www",
    "record": "1.2.3.4",
    "record-type": "A",
    "ttl": "300"
  },
  {
    "host": "www",
    "record": "1.2.3.8",
    "record-type": "A",
    "ttl": "300"
  },
  {
    "host": "www",
    "record": "1.2.3.9",
    "record-type": "A",
    "ttl": "300"
  },
  {
    "host": "www",
    "record": "2.2.2.2",
    "record-type": "A",
    "ttl": "300"
  },
  {
    "host": "www",
    "record": "3.3.3.3",
    "record-type": "A",
    "ttl": "300"
  },
  {
    "host": "www",
    "record": "5.5.5.5",
    "record-type": "A",
    "ttl": "300"
  },
  {
    "host": "www",
    "record": "5.6.7.8",
    "record-type": "A",
    "ttl": "300"
  },
  {
    "host": "www",
    "record": "2.2.2.2",
    "record-type": "A",
    "ttl": "400"
  },
  {
    "host": "www",
    "record": "5.6.7.8",
    "record-type": "A",
    "ttl": "400"
  },
  {
    "host": "www",
    "record": "1.2.3.4",
    "record-type": "A",
    "ttl": "700"
  },
  {
    "host": "www",
    "record": "5.6.7.8",
    "record-type": "A",
    "ttl": "700"
  },
  {
    "host": "xn--fiq228c",
    "record": "1.2.3.4",
    "record-type": "A",
    "ttl": "300"
  },
  {
    "host": "xn--ndaaa",
    "record": "1.2.3.4",
    "record-type": "A",
    "ttl": "300"
  },
  {
    "host": "xn--ndaaa",
    "record": "2.2.2.2",
    "record-type": "A",
    "ttl": "300"
  },
  {
    "host": "xn--o-0gab",
    "record": "xn--ndaaa.xn--vhquv.",
    "record-type": "CNAME",
    "ttl": "300"
  },
  {
    "host": "xyz",
    "record": "ns1.foo.com.",
    "record-type": "NS",
    "ttl": "300"
  },
  {
    "host": "xyz",
    "record": "ns2.foo.com.",
    "record-type": "NS",
    "ttl": "300"
  },
  {
    "host": "zzz",
    "record": "3.3.3.3",
    "record-type": "A",
    "ttl": "300"
  },
  {
    "host": "zzz",
    "record": "4.4.4.4",
    "record-type": "A",
    "ttl": "300"
  },
  {
    "host": "zzz",
    "record": "2003:dd:d7ff::fe71:cccc",
    "record-type": "AAAA",
    "ttl": "300"
  }
]
