@ 300 IN NS pns71.cloudns.net.
@ 300 IN NS pns72.cloudns.com.
@ 300 IN NS pns73.cloudns.net.
@ 300 IN NS pns74.cloudns.uk.
testa 300 IN A 1.1.1.1
testa 300 IN A 3.3.3.3
@ 300 IN A 2.2.2.2
@ 300 IN A 4.4.4.4
* 300 IN A 3.3.3.3
www 300 IN A 5.5.5.5
testaaaa 300 IN AAAA 2607:f8b0:4006:820::2006
testaaaa 300 IN AAAA 2607:f8b0:4006:820::2013
testcname 300 IN CNAME www.google.com.
testcname 300 IN CNAME www.yahoo.com.
foo 300 IN A 1.2.3.4
testcname 300 IN CNAME foo.cloudnstest.yesthattom.com.
@ 300 IN MX 5 bar.com.
@ 300 IN MX 5 foo.com.
testmx 300 IN MX 5 bar.com.
testmx 300 IN MX 5 foo.com.
testmx 300 IN MX 100 foo.com.
testmx 300 IN MX 5 foo.com.
testtxt 300 IN TXT "changed"
testtxt 300 IN TXT "simple"
www 300 IN A 1.1.1.1
www 300 IN A 2.2.2.2
www 300 IN A 3.3.3.3
www 300 IN A 1.1.1.1
www 300 IN A 2.2.2.2
www 300 IN A 3.3.3.3
www 300 IN A 1.1.1.1
testmx 300 IN MX 100 bar.com.
testmx 300 IN MX 5 foo.com.
www 300 IN A 1.1.1.1
testmx 300 IN MX 5 foo.com.
testmx 300 IN MX 100 bar.com.
testa 1800 IN A 1.1.1.1
testa 600 IN A 1.1.1.1
@ 1800 IN A 8.8.8.8
@ 600 IN A 8.8.8.8
@ 900 IN A 8.8.8.8
www 300 IN A 1.2.3.4
www 300 IN A 2.2.2.2
www 600 IN A 2.2.2.2
www 300 IN A 5.6.7.8
www 600 IN A 5.6.7.8
www 600 IN A 5.6.7.8
www 900 IN A 5.6.7.8
www 900 IN A 1.2.3.4
foo 300 IN A 1.2.3.4
foo 300 IN MX 5 mx.google.com.
foo 300 IN A 4.5.6.7
foo 300 IN CNAME google.com.
foo 300 IN A 1.2.3.4
foo 300 IN CNAME google2.com.
@ 300 IN A 1.2.3.4
foo 300 IN CNAME cloudnstest.yesthattom.com.
@ 300 IN A 1.2.3.4
foo 300 IN MX 8 cloudnstest.yesthattom.com.
nmx 300 IN A 1.2.3.3
www 300 IN A 1.2.3.9
nmx 300 IN MX 0 .
nmx 300 IN MX 3 nmx.cloudnstest.yesthattom.com.
nmx 300 IN MX 9 www.cloudnstest.yesthattom.com.
@ 300 IN A 1.2.3.2
www 300 IN A 1.2.3.8
@ 300 IN MX 0 .
@ 300 IN MX 2 cloudnstest.yesthattom.com.
@ 300 IN MX 8 www.cloudnstest.yesthattom.com.
xyz 300 IN NS ns2.foo.com.
xyz 300 IN NS ns1.foo.com.
@ 300 IN A 1.2.3.4
foo 300 IN NS cloudnstest.yesthattom.com.
@ 300 IN NS ns1.foo.com.
@ 300 IN NS ns2.foo.com.
foo254 300 IN TXT "AAAAAAAAAAAAAAAAAAAAAAAAAAAAAAAAAAAAAAAAAAAAAAAAAAAAAAAAAAAAAAAAAAAAAAAAAAAAAAAAAAAAAAAAAAAAAAAAAAAAAAAAAAAAAAAAAAAAAAAAAAAAAAAAAAAAAAAAAAAAAAAAAAAAAAAAAAAAAAAAAAAAAAAAAAAAAAAAAAAAAAAAAAAAAAAAAAAAAAAAAAAAAAAAAAAAAAAAAAAAAAAAAAAAAAAAAAAAAAAAAAAAAAAAAAAAAA"
foo255 300 IN TXT "BBBBBBBBBBBBBBBBBBBBBBBBBBBBBBBBBBBBBBBBBBBBBBBBBBBBBBBBBBBBBBBBBBBBBBBBBBBBBBBBBBBBBBBBBBBBBBBBBBBBBBBBBBBBBBBBBBBBBBBBBBBBBBBBBBBBBBBBBBBBBBBBBBBBBBBBBBBBBBBBBBBBBBBBBBBBBBBBBBBBBBBBBBBBBBBBBBBBBBBBBBBBBBBBBBBBBBBBBBBBBBBBBBBBBBBBBBBBBBBBBBBBBBBBBBBBBBB"
foo256 300 IN TXT "CCCCCCCCCCCCCCCCCCCCCCCCCCCCCCCCCCCCCCCCCCCCCCCCCCCCCCCCCCCCCCCCCCCCCCCCCCCCCCCCCCCCCCCCCCCCCCCCCCCCCCCCCCCCCCCCCCCCCCCCCCCCCCCCCCCCCCCCCCCCCCCCCCCCCCCCCCCCCCCCCCCCCCCCCCCCCCCCCCCCCCCCCCCCCCCCCCCCCCCCCCCCCCCCCCCCCCCCCCCCCCCCCCCCCCCCCCCCCCCCCCCCCCCCCCCCCCC" "C"
foo509 300 IN TXT "DDDDDDDDDDDDDDDDDDDDDDDDDDDDDDDDDDDDDDDDDDDDDDDDDDDDDDDDDDDDDDDDDDDDDDDDDDDDDDDDDDDDDDDDDDDDDDDDDDDDDDDDDDDDDDDDDDDDDDDDDDDDDDDDDDDDDDDDDDDDDDDDDDDDDDDDDDDDDDDDDDDDDDDDDDDDDDDDDDDDDDDDDDDDDDDDDDDDDDDDDDDDDDDDDDDDDDDDDDDDDDDDDDDDDDDDDDDDDDDDDDDDDDDDDDDDDDD" "DDDDDDDDDDDDDDDDDDDDDDDDDDDDDDDDDDDDDDDDDDDDDDDDDDDDDDDDDDDDDDDDDDDDDDDDDDDDDDDDDDDDDDDDDDDDDDDDDDDDDDDDDDDDDDDDDDDDDDDDDDDDDDDDDDDDDDDDDDDDDDDDDDDDDDDDDDDDDDDDDDDDDDDDDDDDDDDDDDDDDDDDDDDDDDDDDDDDDDDDDDDDDDDDDDDDDDDDDDDDDDDDDDDDDDDDDDDDDDDDDDDDDDDDDDDDDD"
foo510 300 IN TXT "EEEEEEEEEEEEEEEEEEEEEEEEEEEEEEEEEEEEEEEEEEEEEEEEEEEEEEEEEEEEEEEEEEEEEEEEEEEEEEEEEEEEEEEEEEEEEEEEEEEEEEEEEEEEEEEEEEEEEEEEEEEEEEEEEEEEEEEEEEEEEEEEEEEEEEEEEEEEEEEEEEEEEEEEEEEEEEEEEEEEEEEEEEEEEEEEEEEEEEEEEEEEEEEEEEEEEEEEEEEEEEEEEEEEEEEEEEEEEEEEEEEEEEEEEEEEEEE" "EEEEEEEEEEEEEEEEEEEEEEEEEEEEEEEEEEEEEEEEEEEEEEEEEEEEEEEEEEEEEEEEEEEEEEEEEEEEEEEEEEEEEEEEEEEEEEEEEEEEEEEEEEEEEEEEEEEEEEEEEEEEEEEEEEEEEEEEEEEEEEEEEEEEEEEEEEEEEEEEEEEEEEEEEEEEEEEEEEEEEEEEEEEEEEEEEEEEEEEEEEEEEEEEEEEEEEEEEEEEEEEEEEEEEEEEEEEEEEEEEEEEEEEEEEEEEEE"
foo511 300 IN TXT "FFFFFFFFFFFFFFFFFFFFFFFFFFFFFFFFFFFFFFFFFFFFFFFFFFFFFFFFFFFFFFFFFFFFFFFFFFFFFFFFFFFFFFFFFFFFFFFFFFFFFFFFFFFFFFFFFFFFFFFFFFFFFFFFFFFFFFFFFFFFFFFFFFFFFFFFFFFFFFFFFFFFFFFFFFFFFFFFFFFFFFFFFFFFFFFFFFFFFFFFFFFFFFFFFFFFFFFFFFFFFFFFFFFFFFFFFFFFFFFFFFFFFFFFFFFFFFF" "FFFFFFFFFFFFFFFFFFFFFFFFFFFFFFFFFFFFFFFFFFFFFFFFFFFFFFFFFFFFFFFFFFFFFFFFFFFFFFFFFFFFFFFFFFFFFFFFFFFFFFFFFFFFFFFFFFFFFFFFFFFFFFFFFFFFFFFFFFFFFFFFFFFFFFFFFFFFFFFFFFFFFFFFFFFFFFFFFFFFFFFFFFFFFFFFFFFFFFFFFFFFFFFFFFFFFFFFFFFFFFFFFFFFFFFFFFFFFFFFFFFFFFFFFFFFFFF" "F"
foo764 300 IN TXT "GGGGGGGGGGGGGGGGGGGGGGGGGGGGGGGGGGGGGGGGGGGGGGGGGGGGGGGGGGGGGGGGGGGGGGGGGGGGGGGGGGGGGGGGGGGGGGGGGGGGGGGGGGGGGGGGGGGGGGGGGGGGGGGGGGGGGGGGGGGGGGGGGGGGGGGGGGGGGGGGGGGGGGGGGGGGGGGGGGGGGGGGGGGGGGGGGGGGGGGGGGGGGGGGGGGGGGGGGGGGGGGGGGGGGGGGGGGGGGGGGGGGGGGGGGGGGGG" "GGGGGGGGGGGGGGGGGGGGGGGGGGGGGGGGGGGGGGGGGGGGGGGGGGGGGGGGGGGGGGGGGGGGGGGGGGGGGGGGGGGGGGGGGGGGGGGGGGGGGGGGGGGGGGGGGGGGGGGGGGGGGGGGGGGGGGGGGGGGGGGGGGGGGGGGGGGGGGGGGGGGGGGGGGGGGGGGGGGGGGGGGGGGGGGGGGGGGGGGGGGGGGGGGGGGGGGGGGGGGGGGGGGGGGGGGGGGGGGGGGGGGGGGGGGGGGG" "GGGGGGGGGGGGGGGGGGGGGGGGGGGGGGGGGGGGGGGGGGGGGGGGGGGGGGGGGGGGGGGGGGGGGGGGGGGGGGGGGGGGGGGGGGGGGGGGGGGGGGGGGGGGGGGGGGGGGGGGGGGGGGGGGGGGGGGGGGGGGGGGGGGGGGGGGGGGGGGGGGGGGGGGGGGGGGGGGGGGGGGGGGGGGGGGGGGGGGGGGGGGGGGGGGGGGGGGGGGGGGGGGGGGGGGGGGGGGGGGGGGGGGGGGGGGGG"
foo765 300 IN TXT "HHHHHHHHHHHHHHHHHHHHHHHHHHHHHHHHHHHHHHHHHHHHHHHHHHHHHHHHHHHHHHHHHHHHHHHHHHHHHHHHHHHHHHHHHHHHHHHHHHHHHHHHHHHHHHHHHHHHHHHHHHHHHHHHHHHHHHHHHHHHHHHHHHHHHHHHHHHHHHHHHHHHHHHHHHHHHHHHHHHHHHHHHHHHHHHHHHHHHHHHHHHHHHHHHHHHHHHHHHHHHHHHHHHHHHHHHHHHHHHHHHHHHHHHHHHHHHH" "HHHHHHHHHHHHHHHHHHHHHHHHHHHHHHHHHHHHHHHHHHHHHHHHHHHHHHHHHHHHHHHHHHHHHHHHHHHHHHHHHHHHHHHHHHHHHHHHHHHHHHHHHHHHHHHHHHHHHHHHHHHHHHHHHHHHHHHHHHHHHHHHHHHHHHHHHHHHHHHHHHHHHHHHHHHHHHHHHHHHHHHHHHHHHHHHHHHHHHHHHHHHHHHHHHHHHHHHHHHHHHHHHHHHHHHHHHHHHHHHHHHHHHHHHHHHHHH" "HHHHHHHHHHHHHHHHHHHHHHHHHHHHHHHHHHHHHHHHHHHHHHHHHHHHHHHHHHHHHHHHHHHHHHHHHHHHHHHHHHHHHHHHHHHHHHHHHHHHHHHHHHHHHHHHHHHHHHHHHHHHHHHHHHHHHHHHHHHHHHHHHHHHHHHHHHHHHHHHHHHHHHHHHHHHHHHHHHHHHHHHHHHHHHHHHHHHHHHHHHHHHHHHHHHHHHHHHHHHHHHHHHHHHHHHHHHHHHHHHHHHHHHHHHHHHHH"
foo766 300 IN TXT "JJJJJJJJJJJJJJJJJJJJJJJJJJJJJJJJJJJJJJJJJJJJJJJJJJJJJJJJJJJJJJJJJJJJJJJJJJJJJJJJJJJJJJJJJJJJJJJJJJJJJJJJJJJJJJJJJJJJJJJJJJJJJJJJJJJJJJJJJJJJJJJJJJJJJJJJJJJJJJJJJJJJJJJJJJJJJJJJJJJJJJJJJJJJJJJJJJJJJJJJJJJJJJJJJJJJJJJJJJJJJJJJJJJJJJJJJJJJJJJJJJJJJJJJJJJJJJJ" "JJJJJJJJJJJJJJJJJJJJJJJJJJJJJJJJJJJJJJJJJJJJJJJJJJJJJJJJJJJJJJJJJJJJJJJJJJJJJJJJJJJJJJJJJJJJJJJJJJJJJJJJJJJJJJJJJJJJJJJJJJJJJJJJJJJJJJJJJJJJJJJJJJJJJJJJJJJJJJJJJJJJJJJJJJJJJJJJJJJJJJJJJJJJJJJJJJJJJJJJJJJJJJJJJJJJJJJJJJJJJJJJJJJJJJJJJJJJJJJJJJJJJJJJJJJJJJJ" "JJJJJJJJJJJJJJJJJJJJJJJJJJJJJJJJJJJJJJJJJJJJJJJJJJJJJJJJJJJJJJJJJJJJJJJJJJJJJJJJJJJJJJJJJJJJJJJJJJJJJJJJJJJJJJJJJJJJJJJJJJJJJJJJJJJJJJJJJJJJJJJJJJJJJJJJJJJJJJJJJJJJJJJJJJJJJJJJJJJJJJJJJJJJJJJJJJJJJJJJJJJJJJJJJJJJJJJJJJJJJJJJJJJJJJJJJJJJJJJJJJJJJJJJJJJJJJJ" "J"
foosq 300 IN TXT "quo'te"
foosc1 300 IN TXT "semi;colon"
foosc2 300 IN TXT "wssemi ; colon"
foosp 300 IN TXT "with spaces"
foo 300 IN TXT "v=spf1 ip4:99.99.99.99 -all"
fooosbs1 300 IN TXT "1back\\slash"
fooosbs2 300 IN TXT "2back\\\\slash"
fooosbs3 300 IN TXT "3back\\\\\\slash"
fooosbs4 300 IN TXT "4back\\\\\\\\slash"
bar 300 IN MX 5 bar.com.
decoy 300 IN A 1.1.1.1
decoy 300 IN A 2.2.2.2
decoy 300 IN A 3.3.3.3
foo 300 IN A 1.2.3.4
foo 300 IN A 2.3.4.5
foo 300 IN A 3.4.5.6
foo 300 IN A 3.4.5.6
bar 300 IN A 1.2.3.4
foo 300 IN A 2.3.4.5
foo 300 IN A 3.4.5.6
foo 300 IN A 8.8.8.8
foo 300 IN MX 20 bar.cloudnstest.yesthattom.com.
foo 300 IN MX 10 foo.cloudnstest.yesthattom.com.
foo 300 IN A 8.8.8.8
xn--ndaaa 300 IN A 1.2.3.4
xn--ndaaa 300 IN A 2.2.2.2
xn--fiq228c 300 IN A 1.2.3.4
a 300 IN CNAME xn--ndaaa.com.
xn--o-0gab 300 IN CNAME xn--ndaaa.xn--vhquv.
@ 300 IN CAA 0 issue "letsencrypt.org"
@ 300 IN CAA 0 issue "letsencrypt.org; validationmethods=dns-01; accounturi=https://acme-v02.api.letsencrypt.org/acme/acct/1234"
@ 300 IN CAA 0 issuewild ";"
@ 300 IN CAA 0 issuewild "example.com"
@ 300 IN CAA 0 issuewild "letsencrypt.org"
@ 300 IN CAA 0 issue "letsencrypt.org"
@ 300 IN CAA 128 issue "letsencrypt.org"
@ 300 IN LOC 42 21 54.000 N 71 06 18.000 W -24.05m 30m 0.00m 0.00m
@ 300 IN LOC 42 21 54.000 N 71 06 18.000 W -24.06m 30m 10m 0.00m
@ 300 IN LOC 42 21 54.000 N 71 06 18.000 W -24m 30m 0.00m 0.00m
a 300 IN LOC 42 21 43.950 N 71 05 6.340 W -24.33m 1m 200m 10m
b 300 IN LOC 52 14 5.000 N 00 08 50.000 E 10.22m 0.00m 0.00m 0.00m
c 300 IN LOC 32 07 19.000 S 116 02 25.000 E 10m 0.00m 0.00m 0.00m
d 300 IN LOC 42 21 28.760 N 71 00 51.620 W -44m 2000m 0.00m 0.00m
test 300 IN NAPTR 100 10 "U" "E2U+sip" "!^.*$!sip:customer-service@example.com!" .
test 300 IN NAPTR 103 10 "U" "E2U+email" "!^.*$!mailto:information@example.com!" .
test 300 IN NAPTR 103 20 "A" "E2U+email" "!^.*$!mailto:information@example.com!" .
test 300 IN NAPTR 103 20 "A" "E2U+sip" "!^.*$!mailto:information@example.com!" .
test 300 IN NAPTR 103 20 "A" "E2U+sip" "!^.*$!sip:customer-service@example.com!" .
test 300 IN NAPTR 103 20 "A" "E2U+sip" "" example.foo.com.
test 300 IN NAPTR 103 20 "A" "E2U+sip" "" example2.foo.com.
test 300 IN NAPTR 103 20 "U" "E2U+email" "!^.*$!mailto:information@example.com!" .
test 300 IN NAPTR 102 10 "U" "E2U+email" "!^.*$!mailto:information@example.com!" .
_sip._tcp 300 IN SRV 5 6 7 foo.com.
_sip._tcp 300 IN SRV 52 6 7 foo.com.
_sip._tcp 300 IN SRV 52 62 7 foo.com.
_sip._tcp 300 IN SRV 52 62 72 foo.com.
_sip._tcp 300 IN SRV 5 60 70 foo2.com.
_sip._tcp 300 IN SRV 15 65 75 foo3.com.
_sip._tcp 300 IN SRV 15 65 75 foo4.com.
_sip._tcp 300 IN SRV 15 65 75 .
_sip._tcp 21600 IN SRV 5 6 7 foo.com.
_sip._tcp 600 IN SRV 5 6 7 foo.com.
@ 300 IN SSHFP 1 1 66C7D5540B7D75A1FB4C84FEBFA178AD99BDD67C
@ 300 IN SSHFP 2 1 66C7D5540B7D75A1FB4C84FEBFA178AD99BDD67C
@ 300 IN SSHFP 2 2 745A635BC46A397A5C4F21D437483005BCC40D7511FF15FBFAFE913A081559BC
_443._tcp 300 IN TLSA 2 0 1 0123456789ABCDEF0123456789ABCDEF0123456789ABCDEF0123456789ABCDEF
_443._tcp 300 IN TLSA 2 1 1 0123456789ABCDEF0123456789ABCDEF0123456789ABCDEF0123456789ABCDEF
_443._tcp 300 IN TLSA 3 1 1 0123456789ABCDEF0123456789ABCDEF0123456789ABCDEF0123456789ABCDEF
_443._tcp 300 IN TLSA 2 0 2 0123456789ABCDEF0123456789ABCDEF0123456789ABCDEF0123456789ABCDEF0123456789ABCDEF0123456789ABCDEF0123456789ABCDEF0123456789ABCDEF
_443._tcp 300 IN TLSA 2 0 2 FEDCBA9876543210FEDCBA9876543210FEDCBA9876543210FEDCBA9876543210FEDCBA9876543210FEDCBA9876543210FEDCBA9876543210FEDCBA9876543210
child 300 IN NS ns101.cloudns.net.
child 300 IN DS 35632 13 1 1E07663FF507A40874B8605463DD41DE482079D6
child 300 IN DS 2075 13 1 2706D12E256C8FDD9BFB45EFB25FE537E21A82F6
child 300 IN DS 2075 13 2 3F7A1EAC8C813A0BEBD0C3B8AAB387E31945EA0CD5E1D84A2E8E27674566C156
child 300 IN DS 63909 3 4 EEC7FA02E6788DA889B2CE41D43D92F948AB126EDCF83B7037E73CE9531C8E7E45653ABBAA76C2D6E42F98316EDE599B
child 300 IN DS 2159 1 4 F50BEFEA333EE2901D72D31A08E1A3CD3F7E943FF4B38CF7C8AD92807F5302F76FB0B419182C0F47FFC71CBCB6EF4BD4
another-child 300 IN NS ns101.cloudns.net.
another-child 300 IN DS 35632 13 4 F5F32ABCA6B01AA7A9963012F90B7C8523A1D946185A3AD70B67F3C9F18E7312FA9DD6AB2F7D8382F789213DB173D429
another-child 300 IN DS 2159 1 4 F50BEFEA333EE2901D72D31A08E1A3CD3F7E943FF4B38CF7C8AD92807F5302F76FB0B419182C0F47FFC71CBCB6EF4BD4
another-child 300 IN DS 63909 3 4 EEC7FA02E6788DA889B2CE41D43D92F948AB126EDCF83B7037E73CE9531C8E7E45653ABBAA76C2D6E42F98316EDE599B
test 300 IN DNAME example.com.
test 300 IN DNAME example.net.
a 300 IN DNAME b.cloudnstest.yesthattom.com.
@ 300 IN ALIAS foo.com.
@ 300 IN ALIAS foo2.com.
foo 300 IN A 1.2.3.4
@ 300 IN ALIAS foo.cloudnstest.yesthattom.com.
test 300 IN ALIAS foo.com.
test 300 IN ALIAS foo2.com.
bar 300 IN A 5.5.5.5
foo 300 IN A 1.2.3.4
foo 300 IN A 2.3.4.5
foo 300 IN TXT "simple"
mail 300 IN CNAME ghs.googlehosted.com.
@ 300 IN A 1.2.3.4
@ 300 IN A 2.3.4.5
bar 300 IN A 5.5.5.5
@ 300 IN TXT "simple"
mail 300 IN CNAME ghs.googlehosted.com.
@ 300 IN A 2.2.2.2
foo 300 IN A 1.2.3.4
@ 300 IN TXT "asimple"
foo 300 IN TXT "simple"
bar.bat 300 IN A 5.5.5.5
foo.bat 300 IN A 1.2.3.4
foo.bat 300 IN A 2.3.4.5
foo.bat 300 IN TXT "simple"
mail.bat 300 IN CNAME ghs.googlehosted.com.
foo 300 IN A 1.1.1.1
foo 300 IN A 10.10.10.10
foo 300 IN A 11.11.11.11
foo 300 IN A 12.12.12.12
foo 300 IN A 13.13.13.13
foo 300 IN A 14.14.14.14
foo 300 IN AAAA 2003:dd:d7ff::fe71:aaaa
zzz 300 IN A 3.3.3.3
zzz 300 IN A 4.4.4.4
zzz 300 IN AAAA 2003:dd:d7ff::fe71:cccc
foo 300 IN MX 10 aspmx.l.google.com.
foo 300 IN MX 20 alt1.aspmx.l.google.com.
bar 300 IN CNAME redact2.acm-validations.aws.
foo 300 IN CNAME redact1.acm-validations.aws.
dyndns-city1 300 IN A 91.42.1.1
dyndns-city1 300 IN AAAA 2003:dd:d7ff::fe71:ce77
dyndns-city2 300 IN A 91.42.1.2
dyndns-city2 300 IN AAAA 2003:dd:d7ff::fe71:ce78
testdefined 300 IN A 2.2.2.2
testdefined 300 IN A 9.9.9.9
testignore 300 IN A 8.8.8.8
final 300 IN TXT "TestDNSProviders was successful!"
final 300 IN TXT "TestDNSProviders was successful!"
