testcname.dnscontrol-azure.com. 300 IN CNAME www.google.com.
nmx.dnscontrol-azure.com. 300 IN MX 3 nmx.dnscontrol-azure.com.
nmx.dnscontrol-azure.com. 300 IN MX 9 www.dnscontrol-azure.com.
fooosbs4.dnscontrol-azure.com. 300 IN TXT "4back\\\\\\\\slash"
foo.dnscontrol-azure.com. 300 IN A 1.1.1.1
foo.dnscontrol-azure.com. 300 IN A 13.13.13.13
www.dnscontrol-azure.com. 400 IN A 2.2.2.2
www.dnscontrol-azure.com. 400 IN A 5.6.7.8
dyndns-city1.dnscontrol-azure.com. 300 IN AAAA 2003:dd:d7ff::fe71:ce77
foo.dnscontrol-azure.com. 300 IN A 1.2.3.4
bar.dnscontrol-azure.com. 300 IN CNAME redact2.acm-validations.aws.
foosq.dnscontrol-azure.com. 300 IN TXT "quo'te"
dnscontrol-azure.com. 300 IN CAA 0 issuewild "letsencrypt.org"
www.dnscontrol-azure.com. 300 IN A 2.2.2.2
www.dnscontrol-azure.com. 300 IN A 5.6.7.8
testmx.dnscontrol-azure.com. 300 IN MX 5 foo.com.
testtxt.dnscontrol-azure.com. 300 IN TXT "simple"
testmx.dnscontrol-azure.com. 300 IN MX 5 foo.com.
foo.dnscontrol-azure.com. 300 IN A 4.5.6.7
xyz.dnscontrol-azure.com. 300 IN NS ns1.foo.com.
xyz.dnscontrol-azure.com. 300 IN NS ns2.foo.com.
foo.dnscontrol-azure.com. 300 IN MX 10 aspmx.l.google.com.
foo.dnscontrol-azure.com. 300 IN MX 20 alt1.aspmx.l.google.com.
_sip._tcp.dnscontrol-azure.com. 300 IN SRV 15 65 75 foo4.com.
_sip._tcp.dnscontrol-azure.com. 300 IN SRV 52 6 7 foo.com.
www.dnscontrol-azure.com. 400 IN A 5.6.7.8
foo.dnscontrol-azure.com. 300 IN AAAA 2003:dd:d7ff::fe71:aaaa
dnscontrol-azure.com. 300 IN NS ns1-06.azure-dns.com.
dnscontrol-azure.com. 300 IN NS ns2-06.azure-dns.net.
dnscontrol-azure.com. 300 IN NS ns3-06.azure-dns.org.
dnscontrol-azure.com. 300 IN NS ns4-06.azure-dns.info.
testmx.dnscontrol-azure.com. 300 IN MX 100 foo.com.
dnscontrol-azure.com. 300 IN CAA 0 issue "letsencrypt.org"
mail.dnscontrol-azure.com. 300 IN CNAME ghs.googlehosted.com.
dnscontrol-azure.com. 300 IN CAA 0 issue "letsencrypt.org"
bar.dnscontrol-azure.com. 300 IN A 5.5.5.5
www.dnscontrol-azure.com. 300 IN A 1.2.3.4
www.dnscontrol-azure.com. 300 IN A 5.6.7.8
quux.cname.dnscontrol-azure.com. 300 IN CNAME google2.com.
foo.bat.dnscontrol-azure.com. 300 IN TXT "simple"
testignore.dnscontrol-azure.com. 300 IN A 8.8.8.8
testdefined.dnscontrol-azure.com. 300 IN A 9.9.9.9
xn--ndaaa.dnscontrol-azure.com. 300 IN A 1.2.3.4
testdefined.dnscontrol-azure.com. 300 IN A 2.2.2.2
www.dnscontrol-azure.com. 300 IN A 1.2.3.9
dnscontrol-azure.com. 300 IN MX 0 .
nmx.dnscontrol-azure.com. 300 IN MX 0 .
dyndns-city1.dnscontrol-azure.com. 300 IN A 91.42.1.1
www.dnscontrol-azure.com. 300 IN A 1.2.3.8
dnscontrol-azure.com. 300 IN NS ns1-06.azure-dns.com.
dnscontrol-azure.com. 300 IN NS ns2-06.azure-dns.net.
dnscontrol-azure.com. 300 IN NS ns3-06.azure-dns.org.
dnscontrol-azure.com. 300 IN NS ns4-06.azure-dns.info.
foo.dnscontrol-azure.com. 300 IN A 1.2.3.4
foo.dnscontrol-azure.com. 300 IN A 3.4.5.6
testa.dnscontrol-azure.com. 300 IN A 1.1.1.1
testmx.dnscontrol-azure.com. 300 IN MX 5 foo.com.
_sip._tcp.dnscontrol-azure.com. 300 IN SRV 5 6 7 foo.com.
_sip._tcp.dnscontrol-azure.com. 300 IN SRV 5 60 70 foo2.com.
foo.dnscontrol-azure.com. 300 IN CNAME dnscontrol-azure.com.
_sip._tcp.dnscontrol-azure.com. 300 IN SRV 5 6 7 foo.com.
_sip._tcp.dnscontrol-azure.com. 300 IN SRV 5 60 70 foo2.com.
_sip._tcp.dnscontrol-azure.com. 300 IN SRV 15 65 75 foo3.com.
dnscontrol-azure.com. 300 IN CAA 0 issuewild ";"
_sip._tcp.dnscontrol-azure.com. 333 IN SRV 5 6 7 foo.com.
foo.dnscontrol-azure.com. 300 IN MX 10 foo.dnscontrol-azure.com.
foo.dnscontrol-azure.com. 300 IN MX 20 bar.dnscontrol-azure.com.
nmx.dnscontrol-azure.com. 300 IN A 1.2.3.3
bar.dnscontrol-azure.com. 300 IN A 1.2.3.4
dnscontrol-azure.com. 300 IN CAA 128 issue "letsencrypt.org"
fooosbs2.dnscontrol-azure.com. 300 IN TXT "2back\\\\slash"
*.dnscontrol-azure.com. 300 IN A 3.3.3.3
xn--fiq228c.dnscontrol-azure.com. 300 IN A 1.2.3.4
dnscontrol-azure.com. 1000 IN A 8.8.8.8
mail.bat.dnscontrol-azure.com. 300 IN CNAME ghs.googlehosted.com.
foosc2.dnscontrol-azure.com. 300 IN TXT "wssemi ; colon"
foobt.dnscontrol-azure.com. 300 IN TXT "blah`blah"
dnscontrol-azure.com. 300 IN TXT "simple"
testa.dnscontrol-azure.com. 999 IN A 1.1.1.1
dyndns-city2.dnscontrol-azure.com. 300 IN AAAA 2003:dd:d7ff::fe71:ce78
foo.bat.dnscontrol-azure.com. 300 IN A 1.2.3.4
foo.bat.dnscontrol-azure.com. 300 IN A 2.3.4.5
foosp.dnscontrol-azure.com. 300 IN TXT "with spaces"
foo.dnscontrol-azure.com. 300 IN A 1.2.3.4
foo.dnscontrol-azure.com. 300 IN A 2.3.4.5
foows1.dnscontrol-azure.com. 300 IN TXT "trailingws "
foo.a.dnscontrol-azure.com. 300 IN A 1.2.3.4
foo.dnscontrol-azure.com. 300 IN A 1.1.1.1
foo.dnscontrol-azure.com. 300 IN A 10.10.10.10
dnscontrol-azure.com. 300 IN A 1.2.3.4
dnscontrol-azure.com. 300 IN A 2.3.4.5
a.dnscontrol-azure.com. 300 IN CNAME xn--ndaaa.com.
quux.a.dnscontrol-azure.com. 300 IN A 2.3.4.5
decoy.dnscontrol-azure.com. 300 IN A 2.2.2.2
4.dnscontrol-azure.com. 300 IN PTR foo.com.
foo0.dnscontrol-azure.com. 300 IN TXT ""
www.dnscontrol-azure.com. 300 IN A 1.1.1.1
foo.dnscontrol-azure.com. 300 IN A 2.3.4.5
foo.dnscontrol-azure.com. 300 IN A 8.8.8.8
bar.cname.dnscontrol-azure.com. 300 IN AZURE_ALIAS CNAME "/subscriptions/02efc9e4-732d-4a8d-8b82-5b37e10eb89d/resourceGroups/dnscontroltest/providers/Microsoft.Network/dnszones/dnscontrol-azure.com/CNAME/quux.cname"
foo.dnscontrol-azure.com. 300 IN A 2.3.4.5
foo.dnscontrol-azure.com. 300 IN A 8.8.8.8
foosc1.dnscontrol-azure.com. 300 IN TXT "semi;colon"
foo511.dnscontrol-azure.com. 300 IN TXT "FFFFFFFFFFFFFFFFFFFFFFFFFFFFFFFFFFFFFFFFFFFFFFFFFFFFFFFFFFFFFFFFFFFFFFFFFFFFFFFFFFFFFFFFFFFFFFFFFFFFFFFFFFFFFFFFFFFFFFFFFFFFFFFFFFFFFFFFFFFFFFFFFFFFFFFFFFFFFFFFFFFFFFFFFFFFFFFFFFFFFFFFFFFFFFFFFFFFFFFFFFFFFFFFFFFFFFFFFFFFFFFFFFFFFFFFFFFFFFFFFFFFFFFFFFFFFFF" "FFFFFFFFFFFFFFFFFFFFFFFFFFFFFFFFFFFFFFFFFFFFFFFFFFFFFFFFFFFFFFFFFFFFFFFFFFFFFFFFFFFFFFFFFFFFFFFFFFFFFFFFFFFFFFFFFFFFFFFFFFFFFFFFFFFFFFFFFFFFFFFFFFFFFFFFFFFFFFFFFFFFFFFFFFFFFFFFFFFFFFFFFFFFFFFFFFFFFFFFFFFFFFFFFFFFFFFFFFFFFFFFFFFFFFFFFFFFFFFFFFFFFFFFFFFFFFF" "F"
xyz.dnscontrol-azure.com. 300 IN NS ns2.foo.com.
mail.dnscontrol-azure.com. 300 IN CNAME ghs.googlehosted.com.
dnscontrol-azure.com. 300 IN NS ns1-06.azure-dns.com.
dnscontrol-azure.com. 300 IN NS ns1.foo.com.
dnscontrol-azure.com. 300 IN NS ns2-06.azure-dns.net.
dnscontrol-azure.com. 300 IN NS ns3-06.azure-dns.org.
dnscontrol-azure.com. 300 IN NS ns4-06.azure-dns.info.
www.dnscontrol-azure.com. 300 IN A 1.1.1.1
www.dnscontrol-azure.com. 300 IN A 2.2.2.2
www.dnscontrol-azure.com. 300 IN A 3.3.3.3
nmx.dnscontrol-azure.com. 300 IN MX 0 .
xn--ndaaa.dnscontrol-azure.com. 300 IN A 2.2.2.2
foo.dnscontrol-azure.com. 300 IN CNAME google.com.
_sip._tcp.dnscontrol-azure.com. 300 IN SRV 15 65 75 foo4.com.
_sip._tcp.dnscontrol-azure.com. 300 IN SRV 52 62 72 foo.com.
_sip._tcp.dnscontrol-azure.com. 300 IN SRV 15 65 75 .
foo.dnscontrol-azure.com. 300 IN A 1.2.3.4
bar.dnscontrol-azure.com. 300 IN MX 5 bar.com.
foo764.dnscontrol-azure.com. 300 IN TXT "GGGGGGGGGGGGGGGGGGGGGGGGGGGGGGGGGGGGGGGGGGGGGGGGGGGGGGGGGGGGGGGGGGGGGGGGGGGGGGGGGGGGGGGGGGGGGGGGGGGGGGGGGGGGGGGGGGGGGGGGGGGGGGGGGGGGGGGGGGGGGGGGGGGGGGGGGGGGGGGGGGGGGGGGGGGGGGGGGGGGGGGGGGGGGGGGGGGGGGGGGGGGGGGGGGGGGGGGGGGGGGGGGGGGGGGGGGGGGGGGGGGGGGGGGGGGGGG" "GGGGGGGGGGGGGGGGGGGGGGGGGGGGGGGGGGGGGGGGGGGGGGGGGGGGGGGGGGGGGGGGGGGGGGGGGGGGGGGGGGGGGGGGGGGGGGGGGGGGGGGGGGGGGGGGGGGGGGGGGGGGGGGGGGGGGGGGGGGGGGGGGGGGGGGGGGGGGGGGGGGGGGGGGGGGGGGGGGGGGGGGGGGGGGGGGGGGGGGGGGGGGGGGGGGGGGGGGGGGGGGGGGGGGGGGGGGGGGGGGGGGGGGGGGGGGGG" "GGGGGGGGGGGGGGGGGGGGGGGGGGGGGGGGGGGGGGGGGGGGGGGGGGGGGGGGGGGGGGGGGGGGGGGGGGGGGGGGGGGGGGGGGGGGGGGGGGGGGGGGGGGGGGGGGGGGGGGGGGGGGGGGGGGGGGGGGGGGGGGGGGGGGGGGGGGGGGGGGGGGGGGGGGGGGGGGGGGGGGGGGGGGGGGGGGGGGGGGGGGGGGGGGGGGGGGGGGGGGGGGGGGGGGGGGGGGGGGGGGGGGGGGGGGGGG"
dnscontrol-azure.com. 300 IN CAA 0 issuewild "example.com"
testa.dnscontrol-azure.com. 333 IN A 1.1.1.1
foodqs.dnscontrol-azure.com. 300 IN TXT "right\""
fooosbs1.dnscontrol-azure.com. 300 IN TXT "1back\\slash"
dnscontrol-azure.com. 300 IN TXT "asimple"
zzz.dnscontrol-azure.com. 300 IN AAAA 2003:dd:d7ff::fe71:cccc
bar.a.dnscontrol-azure.com. 300 IN AZURE_ALIAS A "/subscriptions/02efc9e4-732d-4a8d-8b82-5b37e10eb89d/resourceGroups/dnscontroltest/providers/Microsoft.Network/dnszones/dnscontrol-azure.com/A/quux.a"
final.dnscontrol-azure.com. 300 IN TXT "TestDNSProviders was successful!"
_sip._tcp.dnscontrol-azure.com. 300 IN SRV 5 6 7 foo.com.
_sip._tcp.dnscontrol-azure.com. 300 IN SRV 15 65 75 foo3.com.
bar.a.dnscontrol-azure.com. 300 IN AZURE_ALIAS A "/subscriptions/02efc9e4-732d-4a8d-8b82-5b37e10eb89d/resourceGroups/dnscontroltest/providers/Microsoft.Network/dnszones/dnscontrol-azure.com/A/foo.a"
_sip._tcp.dnscontrol-azure.com. 300 IN SRV 15 65 75 foo4.com.
_sip._tcp.dnscontrol-azure.com. 300 IN SRV 52 62 7 foo.com.
foo.dnscontrol-azure.com. 300 IN TXT "v=spf1 ip4:99.99.99.99 -all"
dnscontrol-azure.com. 300 IN NS ns1-06.azure-dns.com.
dnscontrol-azure.com. 300 IN NS ns1.foo.com.
dnscontrol-azure.com. 300 IN NS ns2-06.azure-dns.net.
dnscontrol-azure.com. 300 IN NS ns2.foo.com.
dnscontrol-azure.com. 300 IN NS ns3-06.azure-dns.org.
dnscontrol-azure.com. 300 IN NS ns4-06.azure-dns.info.
foo765.dnscontrol-azure.com. 300 IN TXT "HHHHHHHHHHHHHHHHHHHHHHHHHHHHHHHHHHHHHHHHHHHHHHHHHHHHHHHHHHHHHHHHHHHHHHHHHHHHHHHHHHHHHHHHHHHHHHHHHHHHHHHHHHHHHHHHHHHHHHHHHHHHHHHHHHHHHHHHHHHHHHHHHHHHHHHHHHHHHHHHHHHHHHHHHHHHHHHHHHHHHHHHHHHHHHHHHHHHHHHHHHHHHHHHHHHHHHHHHHHHHHHHHHHHHHHHHHHHHHHHHHHHHHHHHHHHHHH" "HHHHHHHHHHHHHHHHHHHHHHHHHHHHHHHHHHHHHHHHHHHHHHHHHHHHHHHHHHHHHHHHHHHHHHHHHHHHHHHHHHHHHHHHHHHHHHHHHHHHHHHHHHHHHHHHHHHHHHHHHHHHHHHHHHHHHHHHHHHHHHHHHHHHHHHHHHHHHHHHHHHHHHHHHHHHHHHHHHHHHHHHHHHHHHHHHHHHHHHHHHHHHHHHHHHHHHHHHHHHHHHHHHHHHHHHHHHHHHHHHHHHHHHHHHHHHHH" "HHHHHHHHHHHHHHHHHHHHHHHHHHHHHHHHHHHHHHHHHHHHHHHHHHHHHHHHHHHHHHHHHHHHHHHHHHHHHHHHHHHHHHHHHHHHHHHHHHHHHHHHHHHHHHHHHHHHHHHHHHHHHHHHHHHHHHHHHHHHHHHHHHHHHHHHHHHHHHHHHHHHHHHHHHHHHHHHHHHHHHHHHHHHHHHHHHHHHHHHHHHHHHHHHHHHHHHHHHHHHHHHHHHHHHHHHHHHHHHHHHHHHHHHHHHHHHH"
foo509.dnscontrol-azure.com. 300 IN TXT "DDDDDDDDDDDDDDDDDDDDDDDDDDDDDDDDDDDDDDDDDDDDDDDDDDDDDDDDDDDDDDDDDDDDDDDDDDDDDDDDDDDDDDDDDDDDDDDDDDDDDDDDDDDDDDDDDDDDDDDDDDDDDDDDDDDDDDDDDDDDDDDDDDDDDDDDDDDDDDDDDDDDDDDDDDDDDDDDDDDDDDDDDDDDDDDDDDDDDDDDDDDDDDDDDDDDDDDDDDDDDDDDDDDDDDDDDDDDDDDDDDDDDDDDDDDDDDD" "DDDDDDDDDDDDDDDDDDDDDDDDDDDDDDDDDDDDDDDDDDDDDDDDDDDDDDDDDDDDDDDDDDDDDDDDDDDDDDDDDDDDDDDDDDDDDDDDDDDDDDDDDDDDDDDDDDDDDDDDDDDDDDDDDDDDDDDDDDDDDDDDDDDDDDDDDDDDDDDDDDDDDDDDDDDDDDDDDDDDDDDDDDDDDDDDDDDDDDDDDDDDDDDDDDDDDDDDDDDDDDDDDDDDDDDDDDDDDDDDDDDDDDDDDDDDDD"
dnscontrol-azure.com. 300 IN MX 5 bar.com.
foo.dnscontrol-azure.com. 300 IN A 1.2.3.4
foo.dnscontrol-azure.com. 300 IN TXT "simple"
dnscontrol-azure.com. 300 IN A 2.2.2.2
foo.cname.dnscontrol-azure.com. 300 IN CNAME google.com.
_sip._tcp.dnscontrol-azure.com. 4400 IN SRV 5 6 7 foo.com.
dyndns-city2.dnscontrol-azure.com. 300 IN A 91.42.1.2
zzz.dnscontrol-azure.com. 300 IN A 3.3.3.3
zzz.dnscontrol-azure.com. 300 IN A 4.4.4.4
dnscontrol-azure.com. 300 IN A 1.2.3.4
dnscontrol-azure.com. 300 IN A 1.2.3.4
bar.dnscontrol-azure.com. 300 IN A 5.5.5.5
foo.dnscontrol-azure.com. 300 IN A 1.2.3.4
foo.dnscontrol-azure.com. 300 IN A 2.3.4.5
xn--o-0gab.dnscontrol-azure.com. 300 IN CNAME xn--ndaaa.xn--vhquv.
dnscontrol-azure.com. 300 IN MX 2 dnscontrol-azure.com.
dnscontrol-azure.com. 300 IN MX 8 www.dnscontrol-azure.com.
dnscontrol-azure.com. 300 IN A 1.2.3.4
testmx.dnscontrol-azure.com. 300 IN MX 5 foo.com.
testmx.dnscontrol-azure.com. 300 IN MX 100 bar.com.
testmx.dnscontrol-azure.com. 300 IN MX 5 foo.com.
testmx.dnscontrol-azure.com. 300 IN MX 100 bar.com.
foo510.dnscontrol-azure.com. 300 IN TXT "EEEEEEEEEEEEEEEEEEEEEEEEEEEEEEEEEEEEEEEEEEEEEEEEEEEEEEEEEEEEEEEEEEEEEEEEEEEEEEEEEEEEEEEEEEEEEEEEEEEEEEEEEEEEEEEEEEEEEEEEEEEEEEEEEEEEEEEEEEEEEEEEEEEEEEEEEEEEEEEEEEEEEEEEEEEEEEEEEEEEEEEEEEEEEEEEEEEEEEEEEEEEEEEEEEEEEEEEEEEEEEEEEEEEEEEEEEEEEEEEEEEEEEEEEEEEEEE" "EEEEEEEEEEEEEEEEEEEEEEEEEEEEEEEEEEEEEEEEEEEEEEEEEEEEEEEEEEEEEEEEEEEEEEEEEEEEEEEEEEEEEEEEEEEEEEEEEEEEEEEEEEEEEEEEEEEEEEEEEEEEEEEEEEEEEEEEEEEEEEEEEEEEEEEEEEEEEEEEEEEEEEEEEEEEEEEEEEEEEEEEEEEEEEEEEEEEEEEEEEEEEEEEEEEEEEEEEEEEEEEEEEEEEEEEEEEEEEEEEEEEEEEEEEEEEEE"
foo.dnscontrol-azure.com. 300 IN MX 5 mx.google.com.
foo.dnscontrol-azure.com. 300 IN A 1.2.3.4
foo.dnscontrol-azure.com. 300 IN CNAME google2.com.
www.dnscontrol-azure.com. 300 IN A 5.5.5.5
bar.a.dnscontrol-azure.com. 300 IN AZURE_ALIAS A "/subscriptions/02efc9e4-732d-4a8d-8b82-5b37e10eb89d/resourceGroups/dnscontroltest/providers/Microsoft.Network/dnszones/dnscontrol-azure.com/A/foo.a"
dnscontrol-azure.com. 300 IN A 2.2.2.2
final.dnscontrol-azure.com. 300 IN TXT "TestDNSProviders was successful!"
foo.dnscontrol-azure.com. 300 IN A 1.2.3.4
foodqs.dnscontrol-azure.com. 300 IN TXT "\"left"
www.dnscontrol-azure.com. 300 IN A 1.1.1.1
www.dnscontrol-azure.com. 300 IN A 2.2.2.2
www.dnscontrol-azure.com. 300 IN A 3.3.3.3
dnscontrol-azure.com. 300 IN CAA 0 issue "letsencrypt.org; validationmethods=dns-01; accounturi=https://acme-v02.api.letsencrypt.org/acme/acct/1234"
bar.bat.dnscontrol-azure.com. 300 IN A 5.5.5.5
foo.dnscontrol-azure.com. 300 IN NS dnscontrol-azure.com.
foo.dnscontrol-azure.com. 300 IN A 1.1.1.1
foo.dnscontrol-azure.com. 300 IN A 12.12.12.12
_sip._tcp.dnscontrol-azure.com. 300 IN SRV 5 6 7 foo.com.
_sip._tcp.dnscontrol-azure.com. 300 IN SRV 15 65 75 foo4.com.
foodqs.dnscontrol-azure.com. 300 IN TXT "in\"ter\"ior"
www.dnscontrol-azure.com. 300 IN A 1.1.1.1
dnscontrol-azure.com. 300 IN A 1.2.3.2
foo.dnscontrol-azure.com. 300 IN A 1.2.3.4
foo.dnscontrol-azure.com. 300 IN A 3.4.5.6
foo.dnscontrol-azure.com. 300 IN A 1.1.1.1
foo.dnscontrol-azure.com. 300 IN A 14.14.14.14
fooosbs3.dnscontrol-azure.com. 300 IN TXT "3back\\\\\\slash"
foo766.dnscontrol-azure.com. 300 IN TXT "JJJJJJJJJJJJJJJJJJJJJJJJJJJJJJJJJJJJJJJJJJJJJJJJJJJJJJJJJJJJJJJJJJJJJJJJJJJJJJJJJJJJJJJJJJJJJJJJJJJJJJJJJJJJJJJJJJJJJJJJJJJJJJJJJJJJJJJJJJJJJJJJJJJJJJJJJJJJJJJJJJJJJJJJJJJJJJJJJJJJJJJJJJJJJJJJJJJJJJJJJJJJJJJJJJJJJJJJJJJJJJJJJJJJJJJJJJJJJJJJJJJJJJJJJJJJJJJ" "JJJJJJJJJJJJJJJJJJJJJJJJJJJJJJJJJJJJJJJJJJJJJJJJJJJJJJJJJJJJJJJJJJJJJJJJJJJJJJJJJJJJJJJJJJJJJJJJJJJJJJJJJJJJJJJJJJJJJJJJJJJJJJJJJJJJJJJJJJJJJJJJJJJJJJJJJJJJJJJJJJJJJJJJJJJJJJJJJJJJJJJJJJJJJJJJJJJJJJJJJJJJJJJJJJJJJJJJJJJJJJJJJJJJJJJJJJJJJJJJJJJJJJJJJJJJJJJ" "JJJJJJJJJJJJJJJJJJJJJJJJJJJJJJJJJJJJJJJJJJJJJJJJJJJJJJJJJJJJJJJJJJJJJJJJJJJJJJJJJJJJJJJJJJJJJJJJJJJJJJJJJJJJJJJJJJJJJJJJJJJJJJJJJJJJJJJJJJJJJJJJJJJJJJJJJJJJJJJJJJJJJJJJJJJJJJJJJJJJJJJJJJJJJJJJJJJJJJJJJJJJJJJJJJJJJJJJJJJJJJJJJJJJJJJJJJJJJJJJJJJJJJJJJJJJJJJ" "J"
foo.dnscontrol-azure.com. 300 IN A 1.1.1.1
foo.dnscontrol-azure.com. 300 IN A 11.11.11.11
foodq.dnscontrol-azure.com. 300 IN TXT "in\"side"
decoy.dnscontrol-azure.com. 300 IN A 1.1.1.1
www.dnscontrol-azure.com. 300 IN A 1.1.1.1
foo.dnscontrol-azure.com. 300 IN TXT "simple"
testa.dnscontrol-azure.com. 300 IN A 3.3.3.3
foo.dnscontrol-azure.com. 300 IN CNAME redact1.acm-validations.aws.
4.dnscontrol-azure.com. 300 IN PTR bar.com.
_sip._tcp.dnscontrol-azure.com. 300 IN SRV 5 6 7 foo.com.
foo256.dnscontrol-azure.com. 300 IN TXT "CCCCCCCCCCCCCCCCCCCCCCCCCCCCCCCCCCCCCCCCCCCCCCCCCCCCCCCCCCCCCCCCCCCCCCCCCCCCCCCCCCCCCCCCCCCCCCCCCCCCCCCCCCCCCCCCCCCCCCCCCCCCCCCCCCCCCCCCCCCCCCCCCCCCCCCCCCCCCCCCCCCCCCCCCCCCCCCCCCCCCCCCCCCCCCCCCCCCCCCCCCCCCCCCCCCCCCCCCCCCCCCCCCCCCCCCCCCCCCCCCCCCCCCCCCCCCCC" "C"
dnscontrol-azure.com. 500 IN A 8.8.8.8
foo.dnscontrol-azure.com. 300 IN MX 8 dnscontrol-azure.com.
testmx.dnscontrol-azure.com. 300 IN MX 5 bar.com.
foo254.dnscontrol-azure.com. 300 IN TXT "AAAAAAAAAAAAAAAAAAAAAAAAAAAAAAAAAAAAAAAAAAAAAAAAAAAAAAAAAAAAAAAAAAAAAAAAAAAAAAAAAAAAAAAAAAAAAAAAAAAAAAAAAAAAAAAAAAAAAAAAAAAAAAAAAAAAAAAAAAAAAAAAAAAAAAAAAAAAAAAAAAAAAAAAAAAAAAAAAAAAAAAAAAAAAAAAAAAAAAAAAAAAAAAAAAAAAAAAAAAAAAAAAAAAAAAAAAAAAAAAAAAAAAAAAAAAAA"
bar.cname.dnscontrol-azure.com. 300 IN AZURE_ALIAS CNAME "/subscriptions/02efc9e4-732d-4a8d-8b82-5b37e10eb89d/resourceGroups/dnscontroltest/providers/Microsoft.Network/dnszones/dnscontrol-azure.com/CNAME/foo.cname"
testaaaa.dnscontrol-azure.com. 300 IN AAAA 2607:f8b0:4006:820::2013
testtxt.dnscontrol-azure.com. 300 IN TXT "changed"
bar.cname.dnscontrol-azure.com. 300 IN AZURE_ALIAS CNAME "/subscriptions/02efc9e4-732d-4a8d-8b82-5b37e10eb89d/resourceGroups/dnscontroltest/providers/Microsoft.Network/dnszones/dnscontrol-azure.com/CNAME/foo.cname"
dnscontrol-azure.com. 666 IN A 8.8.8.8
dnscontrol-azure.com. 300 IN MX 5 foo.com.
foo.dnscontrol-azure.com. 300 IN A 2.3.4.5
foo.dnscontrol-azure.com. 300 IN A 3.4.5.6
dnscontrol-azure.com. 300 IN MX 0 .
decoy.dnscontrol-azure.com. 300 IN A 3.3.3.3
dnscontrol-azure.com. 300 IN A 4.4.4.4
foo255.dnscontrol-azure.com. 300 IN TXT "BBBBBBBBBBBBBBBBBBBBBBBBBBBBBBBBBBBBBBBBBBBBBBBBBBBBBBBBBBBBBBBBBBBBBBBBBBBBBBBBBBBBBBBBBBBBBBBBBBBBBBBBBBBBBBBBBBBBBBBBBBBBBBBBBBBBBBBBBBBBBBBBBBBBBBBBBBBBBBBBBBBBBBBBBBBBBBBBBBBBBBBBBBBBBBBBBBBBBBBBBBBBBBBBBBBBBBBBBBBBBBBBBBBBBBBBBBBBBBBBBBBBBBBBBBBBBBB"
testaaaa.dnscontrol-azure.com. 300 IN AAAA 2607:f8b0:4006:820::2006
www.dnscontrol-azure.com. 300 IN A 1.1.1.1
www.dnscontrol-azure.com. 300 IN A 2.2.2.2
www.dnscontrol-azure.com. 700 IN A 1.2.3.4
www.dnscontrol-azure.com. 700 IN A 5.6.7.8
testcname.dnscontrol-azure.com. 300 IN CNAME foo.dnscontrol-azure.com.
foo.dnscontrol-azure.com. 300 IN A 2.3.4.5
testcname.dnscontrol-azure.com. 300 IN CNAME www.yahoo.com.
