testa.dnscontroltest-ndc.com. 300 IN A 1.1.1.1
testa.dnscontroltest-ndc.com. 300 IN A 3.3.3.3
dnscontroltest-ndc.com. 300 IN A 2.2.2.2
dnscontroltest-ndc.com. 300 IN A 4.4.4.4
*.dnscontroltest-ndc.com. 300 IN A 3.3.3.3
www.dnscontroltest-ndc.com. 300 IN A 5.5.5.5
testaaaa.dnscontroltest-ndc.com. 300 IN AAAA 2607:f8b0:4006:820::2006
testaaaa.dnscontroltest-ndc.com. 300 IN AAAA 2607:f8b0:4006:820::2013
testcname.dnscontroltest-ndc.com. 300 IN CNAME www.google.com.
testcname.dnscontroltest-ndc.com. 300 IN CNAME www.yahoo.com.
foo.dnscontroltest-ndc.com. 300 IN A 1.2.3.4
testcname.dnscontroltest-ndc.com. 300 IN CNAME foo.dnscontroltest-ndc.com.
dnscontroltest-ndc.com. 300 IN MX 5 foo.com.
dnscontroltest-ndc.com. 300 IN MX 5 bar.com.
testmx.dnscontroltest-ndc.com. 300 IN MX 5 foo.com.
testmx.dnscontroltest-ndc.com. 300 IN MX 5 bar.com.
testmx.dnscontroltest-ndc.com. 300 IN MX 5 foo.com.
testmx.dnscontroltest-ndc.com. 300 IN MX 100 foo.com.
testtxt.dnscontroltest-ndc.com. 300 IN TXT "simple"
testtxt.dnscontroltest-ndc.com. 300 IN TXT "changed"
www.dnscontroltest-ndc.com. 300 IN A 1.1.1.1
www.dnscontroltest-ndc.com. 300 IN A 2.2.2.2
www.dnscontroltest-ndc.com. 300 IN A 3.3.3.3
www.dnscontroltest-ndc.com. 300 IN A 1.1.1.1
www.dnscontroltest-ndc.com. 300 IN A 2.2.2.2
www.dnscontroltest-ndc.com. 300 IN A 3.3.3.3
testmx.dnscontroltest-ndc.com. 300 IN MX 100 bar.com.
testmx.dnscontroltest-ndc.com. 300 IN MX 5 foo.com.
www.dnscontroltest-ndc.com. 300 IN A 1.1.1.1
www.dnscontroltest-ndc.com. 300 IN A 1.1.1.1
testmx.dnscontroltest-ndc.com. 300 IN MX 5 foo.com.
testmx.dnscontroltest-ndc.com. 300 IN MX 100 bar.com.
testa.dnscontroltest-ndc.com. 333 IN A 1.1.1.1
testa.dnscontroltest-ndc.com. 999 IN A 1.1.1.1
dnscontroltest-ndc.com. 666 IN A 8.8.8.8
www.dnscontroltest-ndc.com. 300 IN A 1.2.3.4
www.dnscontroltest-ndc.com. 300 IN A 5.6.7.8
dnscontroltest-ndc.com. 1000 IN A 8.8.8.8
www.dnscontroltest-ndc.com. 300 IN A 2.2.2.2
dnscontroltest-ndc.com. 500 IN A 8.8.8.8
www.dnscontroltest-ndc.com. 400 IN A 2.2.2.2
www.dnscontroltest-ndc.com. 400 IN A 5.6.7.8
www.dnscontroltest-ndc.com. 400 IN A 5.6.7.8
www.dnscontroltest-ndc.com. 700 IN A 5.6.7.8
www.dnscontroltest-ndc.com. 700 IN A 1.2.3.4
foo.dnscontroltest-ndc.com. 300 IN A 1.2.3.4
foo.dnscontroltest-ndc.com. 300 IN MX 5 mx.google.com.
foo.dnscontroltest-ndc.com. 300 IN A 4.5.6.7
foo.dnscontroltest-ndc.com. 300 IN CNAME google.com.
foo.dnscontroltest-ndc.com. 300 IN A 1.2.3.4
foo.dnscontroltest-ndc.com. 300 IN CNAME google2.com.
dnscontroltest-ndc.com. 300 IN A 1.2.3.4
foo.dnscontroltest-ndc.com. 300 IN CNAME dnscontroltest-ndc.com.
dnscontroltest-ndc.com. 300 IN A 1.2.3.4
foo.dnscontroltest-ndc.com. 300 IN MX 8 dnscontroltest-ndc.com.
nmx.dnscontroltest-ndc.com. 300 IN A 1.2.3.3
www.dnscontroltest-ndc.com. 300 IN A 1.2.3.9
nmx.dnscontroltest-ndc.com. 300 IN MX 9 www.dnscontroltest-ndc.com.
nmx.dnscontroltest-ndc.com. 300 IN MX 3 nmx.dnscontroltest-ndc.com.
dnscontroltest-ndc.com. 300 IN A 1.2.3.2
www.dnscontroltest-ndc.com. 300 IN A 1.2.3.8
dnscontroltest-ndc.com. 300 IN MX 8 www.dnscontroltest-ndc.com.
dnscontroltest-ndc.com. 300 IN MX 2 dnscontroltest-ndc.com.
xyz.dnscontroltest-ndc.com. 300 IN NS ns2.foo.com.
xyz.dnscontroltest-ndc.com. 300 IN NS ns1.foo.com.
dnscontroltest-ndc.com. 300 IN A 1.2.3.4
foo.dnscontroltest-ndc.com. 300 IN NS dnscontroltest-ndc.com.
foo254.dnscontroltest-ndc.com. 300 IN TXT "AAAAAAAAAAAAAAAAAAAAAAAAAAAAAAAAAAAAAAAAAAAAAAAAAAAAAAAAAAAAAAAAAAAAAAAAAAAAAAAAAAAAAAAAAAAAAAAAAAAAAAAAAAAAAAAAAAAAAAAAAAAAAAAAAAAAAAAAAAAAAAAAAAAAAAAAAAAAAAAAAAAAAAAAAAAAAAAAAAAAAAAAAAAAAAAAAAAAAAAAAAAAAAAAAAAAAAAAAAAAAAAAAAAAAAAAAAAAAAAAAAAAAAAAAAAAAA"
foo255.dnscontroltest-ndc.com. 300 IN TXT "BBBBBBBBBBBBBBBBBBBBBBBBBBBBBBBBBBBBBBBBBBBBBBBBBBBBBBBBBBBBBBBBBBBBBBBBBBBBBBBBBBBBBBBBBBBBBBBBBBBBBBBBBBBBBBBBBBBBBBBBBBBBBBBBBBBBBBBBBBBBBBBBBBBBBBBBBBBBBBBBBBBBBBBBBBBBBBBBBBBBBBBBBBBBBBBBBBBBBBBBBBBBBBBBBBBBBBBBBBBBBBBBBBBBBBBBBBBBBBBBBBBBBBBBBBBBBBB"
foo256.dnscontroltest-ndc.com. 300 IN TXT "CCCCCCCCCCCCCCCCCCCCCCCCCCCCCCCCCCCCCCCCCCCCCCCCCCCCCCCCCCCCCCCCCCCCCCCCCCCCCCCCCCCCCCCCCCCCCCCCCCCCCCCCCCCCCCCCCCCCCCCCCCCCCCCCCCCCCCCCCCCCCCCCCCCCCCCCCCCCCCCCCCCCCCCCCCCCCCCCCCCCCCCCCCCCCCCCCCCCCCCCCCCCCCCCCCCCCCCCCCCCCCCCCCCCCCCCCCCCCCCCCCCCCCCCCCCCCCC" "C"
foosq.dnscontroltest-ndc.com. 300 IN TXT "quo'te"
foobt.dnscontroltest-ndc.com. 300 IN TXT "blah`blah"
foosc1.dnscontroltest-ndc.com. 300 IN TXT "semi;colon"
foosc2.dnscontroltest-ndc.com. 300 IN TXT "wssemi ; colon"
foosp.dnscontroltest-ndc.com. 300 IN TXT "with spaces"
foo.dnscontroltest-ndc.com. 300 IN TXT "v=spf1 ip4:99.99.99.99 -all"
fooosbs1.dnscontroltest-ndc.com. 300 IN TXT "1back\\slash"
fooosbs2.dnscontroltest-ndc.com. 300 IN TXT "2back\\\\slash"
fooosbs3.dnscontroltest-ndc.com. 300 IN TXT "3back\\\\\\slash"
fooosbs4.dnscontroltest-ndc.com. 300 IN TXT "4back\\\\\\\\slash"
bar.dnscontroltest-ndc.com. 300 IN MX 5 bar.com.
decoy.dnscontroltest-ndc.com. 300 IN A 1.1.1.1
decoy.dnscontroltest-ndc.com. 300 IN A 2.2.2.2
decoy.dnscontroltest-ndc.com. 300 IN A 3.3.3.3
foo.dnscontroltest-ndc.com. 300 IN A 1.2.3.4
foo.dnscontroltest-ndc.com. 300 IN A 2.3.4.5
foo.dnscontroltest-ndc.com. 300 IN A 3.4.5.6
foo.dnscontroltest-ndc.com. 300 IN A 3.4.5.6
bar.dnscontroltest-ndc.com. 300 IN A 1.2.3.4
foo.dnscontroltest-ndc.com. 300 IN A 2.3.4.5
foo.dnscontroltest-ndc.com. 300 IN A 3.4.5.6
foo.dnscontroltest-ndc.com. 300 IN MX 20 bar.dnscontroltest-ndc.com.
foo.dnscontroltest-ndc.com. 300 IN MX 10 foo.dnscontroltest-ndc.com.
foo.dnscontroltest-ndc.com. 300 IN A 8.8.8.8
foo.dnscontroltest-ndc.com. 300 IN A 8.8.8.8
xn--ndaaa.dnscontroltest-ndc.com. 300 IN A 1.2.3.4
xn--ndaaa.dnscontroltest-ndc.com. 300 IN A 2.2.2.2
xn--fiq228c.dnscontroltest-ndc.com. 300 IN A 1.2.3.4
a.dnscontroltest-ndc.com. 300 IN CNAME xn--ndaaa.com.
xn--o-0gab.dnscontroltest-ndc.com. 300 IN CNAME xn--ndaaa.xn--vhquv.
_sip._tcp.dnscontroltest-ndc.com. 300 IN SRV 5 6 7 foo.com.
_sip._tcp.dnscontroltest-ndc.com. 300 IN SRV 5 60 70 foo2.com.
_sip._tcp.dnscontroltest-ndc.com. 300 IN SRV 15 65 75 foo3.com.
_sip._tcp.dnscontroltest-ndc.com. 300 IN SRV 15 65 75 foo4.com.
_sip._tcp.dnscontroltest-ndc.com. 300 IN SRV 52 6 7 foo.com.
_sip._tcp.dnscontroltest-ndc.com. 300 IN SRV 52 62 7 foo.com.
_sip._tcp.dnscontroltest-ndc.com. 300 IN SRV 52 62 72 foo.com.
_sip._tcp.dnscontroltest-ndc.com. 333 IN SRV 5 6 7 foo.com.
_sip._tcp.dnscontroltest-ndc.com. 4400 IN SRV 5 6 7 foo.com.
dnscontroltest-ndc.com. 300 IN ALIAS foo.com.
dnscontroltest-ndc.com. 300 IN ALIAS foo2.com.
foo.dnscontroltest-ndc.com. 300 IN A 1.2.3.4
dnscontroltest-ndc.com. 300 IN ALIAS foo.dnscontroltest-ndc.com.
test.dnscontroltest-ndc.com. 300 IN ALIAS foo.com.
test.dnscontroltest-ndc.com. 300 IN ALIAS foo2.com.
bar.dnscontroltest-ndc.com. 300 IN A 5.5.5.5
foo.dnscontroltest-ndc.com. 300 IN A 1.2.3.4
foo.dnscontroltest-ndc.com. 300 IN A 2.3.4.5
foo.dnscontroltest-ndc.com. 300 IN TXT "simple"
mail.dnscontroltest-ndc.com. 300 IN CNAME ghs.googlehosted.com.
dnscontroltest-ndc.com. 300 IN A 1.2.3.4
dnscontroltest-ndc.com. 300 IN A 2.3.4.5
dnscontroltest-ndc.com. 300 IN TXT "simple"
bar.dnscontroltest-ndc.com. 300 IN A 5.5.5.5
mail.dnscontroltest-ndc.com. 300 IN CNAME ghs.googlehosted.com.
dnscontroltest-ndc.com. 300 IN A 2.2.2.2
dnscontroltest-ndc.com. 300 IN TXT "asimple"
foo.dnscontroltest-ndc.com. 300 IN A 1.2.3.4
foo.dnscontroltest-ndc.com. 300 IN TXT "simple"
bar.bat.dnscontroltest-ndc.com. 300 IN A 5.5.5.5
foo.bat.dnscontroltest-ndc.com. 300 IN A 1.2.3.4
foo.bat.dnscontroltest-ndc.com. 300 IN A 2.3.4.5
foo.bat.dnscontroltest-ndc.com. 300 IN TXT "simple"
mail.bat.dnscontroltest-ndc.com. 300 IN CNAME ghs.googlehosted.com.
foo.dnscontroltest-ndc.com. 300 IN A 1.1.1.1
foo.dnscontroltest-ndc.com. 300 IN A 10.10.10.10
foo.dnscontroltest-ndc.com. 300 IN AAAA 2003:dd:d7ff::fe71:aaaa
foo.dnscontroltest-ndc.com. 300 IN MX 10 aspmx.l.google.com.
foo.dnscontroltest-ndc.com. 300 IN MX 20 alt1.aspmx.l.google.com.
zzz.dnscontroltest-ndc.com. 300 IN A 3.3.3.3
zzz.dnscontroltest-ndc.com. 300 IN A 4.4.4.4
zzz.dnscontroltest-ndc.com. 300 IN AAAA 2003:dd:d7ff::fe71:cccc
foo.dnscontroltest-ndc.com. 300 IN A 11.11.11.11
foo.dnscontroltest-ndc.com. 300 IN A 12.12.12.12
foo.dnscontroltest-ndc.com. 300 IN A 13.13.13.13
foo.dnscontroltest-ndc.com. 300 IN A 14.14.14.14
bar.dnscontroltest-ndc.com. 300 IN CNAME redact2.acm-validations.aws.
foo.dnscontroltest-ndc.com. 300 IN CNAME redact1.acm-validations.aws.
dyndns-city1.dnscontroltest-ndc.com. 300 IN A 91.42.1.1
dyndns-city1.dnscontroltest-ndc.com. 300 IN AAAA 2003:dd:d7ff::fe71:ce77
dyndns-city2.dnscontroltest-ndc.com. 300 IN A 91.42.1.2
dyndns-city2.dnscontroltest-ndc.com. 300 IN AAAA 2003:dd:d7ff::fe71:ce78
testdefined.dnscontroltest-ndc.com. 300 IN A 9.9.9.9
testignore.dnscontroltest-ndc.com. 300 IN A 8.8.8.8
testdefined.dnscontroltest-ndc.com. 300 IN A 2.2.2.2
final.dnscontroltest-ndc.com. 300 IN TXT "TestDNSProviders was successful!"
final.dnscontroltest-ndc.com. 300 IN TXT "TestDNSProviders was successful!"
