foo764.dnscontroltest-cf.org 300 IN TXT "GGGGGGGGGGGGGGGGGGGGGGGGGGGGGGGGGGGGGGGGGGGGGGGGGGGGGGGGGGGGGGGGGGGGGGGGGGGGGGGGGGGGGGGGGGGGGGGGGGGGGGGGGGGGGGGGGGGGGGGGGGGGGGGGGGGGGGGGGGGGGGGGGGGGGGGGGGGGGGGGGGGGGGGGGGGGGGGGGGGGGGGGGGGGGGGGGGGGGGGGGGGGGGGGGGGGGGGGGGGGGGGGGGGGGGGGGGGGGGGGGGGGGGGGGGGGGGG" "GGGGGGGGGGGGGGGGGGGGGGGGGGGGGGGGGGGGGGGGGGGGGGGGGGGGGGGGGGGGGGGGGGGGGGGGGGGGGGGGGGGGGGGGGGGGGGGGGGGGGGGGGGGGGGGGGGGGGGGGGGGGGGGGGGGGGGGGGGGGGGGGGGGGGGGGGGGGGGGGGGGGGGGGGGGGGGGGGGGGGGGGGGGGGGGGGGGGGGGGGGGGGGGGGGGGGGGGGGGGGGGGGGGGGGGGGGGGGGGGGGGGGGGGGGGGGGG" "GGGGGGGGGGGGGGGGGGGGGGGGGGGGGGGGGGGGGGGGGGGGGGGGGGGGGGGGGGGGGGGGGGGGGGGGGGGGGGGGGGGGGGGGGGGGGGGGGGGGGGGGGGGGGGGGGGGGGGGGGGGGGGGGGGGGGGGGGGGGGGGGGGGGGGGGGGGGGGGGGGGGGGGGGGGGGGGGGGGGGGGGGGGGGGGGGGGGGGGGGGGGGGGGGGGGGGGGGGGGGGGGGGGGGGGGGGGGGGGGGGGGGGGGGGGGGG"
testa.dnscontroltest-cf.org 300 IN A 1.1.1.1 ; cloudflare_proxy="off"
testa.dnscontroltest-cf.org 300 IN A 3.3.3.3 ; cloudflare_proxy="off"
dnscontroltest-cf.org 300 IN A 2.2.2.2 ; cloudflare_proxy="off"
dnscontroltest-cf.org 300 IN A 4.4.4.4 ; cloudflare_proxy="off"
*.dnscontroltest-cf.org 300 IN A 3.3.3.3 ; cloudflare_proxy="off"
www.dnscontroltest-cf.org 300 IN A 5.5.5.5 ; cloudflare_proxy="off"
testaaaa.dnscontroltest-cf.org 300 IN AAAA 2607:f8b0:4006:820::2006 ; cloudflare_proxy="off"
testaaaa.dnscontroltest-cf.org 300 IN AAAA 2607:f8b0:4006:820::2013 ; cloudflare_proxy="off"
testcname.dnscontroltest-cf.org 300 IN CNAME www.google.com. ; cloudflare_cname_flatten="off" cloudflare_proxy="off"
testcname.dnscontroltest-cf.org 300 IN CNAME www.yahoo.com. ; cloudflare_cname_flatten="off" cloudflare_proxy="off"
foo.dnscontroltest-cf.org 300 IN A 1.2.3.4 ; cloudflare_proxy="off"
testcname.dnscontroltest-cf.org 300 IN CNAME foo.dnscontroltest-cf.org. ; cloudflare_cname_flatten="off" cloudflare_proxy="off"
dnscontroltest-cf.org 300 IN MX 5 foo.com.
dnscontroltest-cf.org 300 IN MX 5 bar.com.
testmx.dnscontroltest-cf.org 300 IN MX 5 foo.com.
testmx.dnscontroltest-cf.org 300 IN MX 5 bar.com.
testmx.dnscontroltest-cf.org 300 IN MX 5 foo.com.
testmx.dnscontroltest-cf.org 300 IN MX 100 foo.com.
testtxt.dnscontroltest-cf.org 300 IN TXT "simple"
testtxt.dnscontroltest-cf.org 300 IN TXT "changed"
www.dnscontroltest-cf.org 300 IN A 1.1.1.1 ; cloudflare_proxy="off"
www.dnscontroltest-cf.org 300 IN A 2.2.2.2 ; cloudflare_proxy="off"
www.dnscontroltest-cf.org 300 IN A 3.3.3.3 ; cloudflare_proxy="off"
www.dnscontroltest-cf.org 300 IN A 1.1.1.1 ; cloudflare_proxy="off"
www.dnscontroltest-cf.org 300 IN A 2.2.2.2 ; cloudflare_proxy="off"
www.dnscontroltest-cf.org 300 IN A 3.3.3.3 ; cloudflare_proxy="off"
testmx.dnscontroltest-cf.org 300 IN MX 100 bar.com.
testmx.dnscontroltest-cf.org 300 IN MX 5 foo.com.
www.dnscontroltest-cf.org 300 IN A 1.1.1.1 ; cloudflare_proxy="off"
www.dnscontroltest-cf.org 300 IN A 1.1.1.1 ; cloudflare_proxy="off"
testmx.dnscontroltest-cf.org 300 IN MX 5 foo.com.
testmx.dnscontroltest-cf.org 300 IN MX 100 bar.com.
testa.dnscontroltest-cf.org 333 IN A 1.1.1.1 ; cloudflare_proxy="off"
testa.dnscontroltest-cf.org 999 IN A 1.1.1.1 ; cloudflare_proxy="off"
dnscontroltest-cf.org 666 IN A 8.8.8.8 ; cloudflare_proxy="off"
dnscontroltest-cf.org 1000 IN A 8.8.8.8 ; cloudflare_proxy="off"
dnscontroltest-cf.org 500 IN A 8.8.8.8 ; cloudflare_proxy="off"
www.dnscontroltest-cf.org 300 IN A 1.2.3.4 ; cloudflare_proxy="off"
www.dnscontroltest-cf.org 300 IN A 2.2.2.2 ; cloudflare_proxy="off"
www.dnscontroltest-cf.org 400 IN A 2.2.2.2 ; cloudflare_proxy="off"
www.dnscontroltest-cf.org 300 IN A 5.6.7.8 ; cloudflare_proxy="off"
www.dnscontroltest-cf.org 400 IN A 5.6.7.8 ; cloudflare_proxy="off"
www.dnscontroltest-cf.org 400 IN A 5.6.7.8 ; cloudflare_proxy="off"
www.dnscontroltest-cf.org 700 IN A 5.6.7.8 ; cloudflare_proxy="off"
www.dnscontroltest-cf.org 700 IN A 1.2.3.4 ; cloudflare_proxy="off"
foo.dnscontroltest-cf.org 300 IN A 1.2.3.4 ; cloudflare_proxy="off"
foo.dnscontroltest-cf.org 300 IN MX 5 mx.google.com.
foo.dnscontroltest-cf.org 300 IN A 4.5.6.7 ; cloudflare_proxy="off"
foo.dnscontroltest-cf.org 300 IN CNAME google.com. ; cloudflare_cname_flatten="off" cloudflare_proxy="off"
foo.dnscontroltest-cf.org 300 IN A 1.2.3.4 ; cloudflare_proxy="off"
foo.dnscontroltest-cf.org 300 IN CNAME google2.com. ; cloudflare_cname_flatten="off" cloudflare_proxy="off"
dnscontroltest-cf.org 300 IN HTTPS 0 test.com.
dnscontroltest-cf.org 300 IN HTTPS 1 test.com. port="80"
dnscontroltest-cf.org 300 IN HTTPS 1 test.com. port="99"
dnscontroltest-cf.org 300 IN HTTPS 1 test.com. alpn="h2" port="99"
dnscontroltest-cf.org 300 IN HTTPS 3 example.com. alpn="h2,h3" port="999"
dnscontroltest-cf.org 300 IN HTTPS 3 example.com. alpn="h2,h3" port="999"
dnscontroltest-cf.org 300 IN HTTPS 3 example.com. alpn="h2,h3" port="999" ech="some+base64+encoded+value///"
dnscontroltest-cf.org 300 IN HTTPS 3 example.com. alpn="h2" port="80" ech="some+base64+encoded+value///"
dnscontroltest-cf.org 300 IN HTTPS 3 example.com. alpn="h2" port="80" ech="another+base64+encoded+value"
dnscontroltest-cf.org 300 IN HTTPS 3 yetanother.com. alpn="h2" port="80" ech="another+base64+encoded+value"
dnscontroltest-cf.org 300 IN SVCB 0 test.com.
dnscontroltest-cf.org 300 IN SVCB 1 test.com. port="80"
dnscontroltest-cf.org 300 IN SVCB 1 test.com. port="99"
dnscontroltest-cf.org 300 IN SVCB 1 test.com. alpn="h2" port="99"
dnscontroltest-cf.org 300 IN SVCB 3 example.com. alpn="h2,h3" port="999"
dnscontroltest-cf.org 300 IN SVCB 3 example.com. alpn="h2,h3" port="999"
dnscontroltest-cf.org 300 IN SVCB 3 example.com. alpn="h2,h3" port="999" ech="some+base64+encoded+value///"
dnscontroltest-cf.org 300 IN SVCB 3 example.com. alpn="h2" port="80" ech="some+base64+encoded+value///"
dnscontroltest-cf.org 300 IN SVCB 3 example.com. alpn="h2" port="80" ech="another+base64+encoded+value"
dnscontroltest-cf.org 300 IN SVCB 3 yetanother.com. alpn="h2" port="80" ech="another+base64+encoded+value"
dnscontroltest-cf.org 300 IN A 1.2.3.4 ; cloudflare_proxy="off"
foo.dnscontroltest-cf.org 300 IN CNAME dnscontroltest-cf.org. ; cloudflare_cname_flatten="off" cloudflare_proxy="off"
dnscontroltest-cf.org 300 IN A 1.2.3.4 ; cloudflare_proxy="off"
foo.dnscontroltest-cf.org 300 IN MX 8 dnscontroltest-cf.org.
nmx.dnscontroltest-cf.org 300 IN A 1.2.3.3 ; cloudflare_proxy="off"
nmx.dnscontroltest-cf.org 300 IN MX 0 .
nmx.dnscontroltest-cf.org 300 IN MX 3 nmx.dnscontroltest-cf.org.
nmx.dnscontroltest-cf.org 300 IN MX 0 .
www.dnscontroltest-cf.org 300 IN A 1.2.3.9 ; cloudflare_proxy="off"
nmx.dnscontroltest-cf.org 300 IN MX 9 www.dnscontroltest-cf.org.
dnscontroltest-cf.org 300 IN A 1.2.3.2 ; cloudflare_proxy="off"
dnscontroltest-cf.org 300 IN MX 0 .
dnscontroltest-cf.org 300 IN MX 2 dnscontroltest-cf.org.
dnscontroltest-cf.org 300 IN MX 0 .
www.dnscontroltest-cf.org 300 IN A 1.2.3.8 ; cloudflare_proxy="off"
dnscontroltest-cf.org 300 IN MX 8 www.dnscontroltest-cf.org.
xyz.dnscontroltest-cf.org 300 IN NS ns2.foo.com.
xyz.dnscontroltest-cf.org 300 IN NS ns1.foo.com.
foo.dnscontroltest-cf.org 300 IN NS dnscontroltest-cf.org.
dnscontroltest-cf.org 300 IN A 1.2.3.4 ; cloudflare_proxy="off"
dnscontroltest-cf.org 300 IN NS ns1.foo.com.
dnscontroltest-cf.org 300 IN NS ns2.foo.com.
foo254.dnscontroltest-cf.org 300 IN TXT "AAAAAAAAAAAAAAAAAAAAAAAAAAAAAAAAAAAAAAAAAAAAAAAAAAAAAAAAAAAAAAAAAAAAAAAAAAAAAAAAAAAAAAAAAAAAAAAAAAAAAAAAAAAAAAAAAAAAAAAAAAAAAAAAAAAAAAAAAAAAAAAAAAAAAAAAAAAAAAAAAAAAAAAAAAAAAAAAAAAAAAAAAAAAAAAAAAAAAAAAAAAAAAAAAAAAAAAAAAAAAAAAAAAAAAAAAAAAAAAAAAAAAAAAAAAAAA"
foo255.dnscontroltest-cf.org 300 IN TXT "BBBBBBBBBBBBBBBBBBBBBBBBBBBBBBBBBBBBBBBBBBBBBBBBBBBBBBBBBBBBBBBBBBBBBBBBBBBBBBBBBBBBBBBBBBBBBBBBBBBBBBBBBBBBBBBBBBBBBBBBBBBBBBBBBBBBBBBBBBBBBBBBBBBBBBBBBBBBBBBBBBBBBBBBBBBBBBBBBBBBBBBBBBBBBBBBBBBBBBBBBBBBBBBBBBBBBBBBBBBBBBBBBBBBBBBBBBBBBBBBBBBBBBBBBBBBBBB"
foo256.dnscontroltest-cf.org 300 IN TXT "CCCCCCCCCCCCCCCCCCCCCCCCCCCCCCCCCCCCCCCCCCCCCCCCCCCCCCCCCCCCCCCCCCCCCCCCCCCCCCCCCCCCCCCCCCCCCCCCCCCCCCCCCCCCCCCCCCCCCCCCCCCCCCCCCCCCCCCCCCCCCCCCCCCCCCCCCCCCCCCCCCCCCCCCCCCCCCCCCCCCCCCCCCCCCCCCCCCCCCCCCCCCCCCCCCCCCCCCCCCCCCCCCCCCCCCCCCCCCCCCCCCCCCCCCCCCCCC" "C"
foo509.dnscontroltest-cf.org 300 IN TXT "DDDDDDDDDDDDDDDDDDDDDDDDDDDDDDDDDDDDDDDDDDDDDDDDDDDDDDDDDDDDDDDDDDDDDDDDDDDDDDDDDDDDDDDDDDDDDDDDDDDDDDDDDDDDDDDDDDDDDDDDDDDDDDDDDDDDDDDDDDDDDDDDDDDDDDDDDDDDDDDDDDDDDDDDDDDDDDDDDDDDDDDDDDDDDDDDDDDDDDDDDDDDDDDDDDDDDDDDDDDDDDDDDDDDDDDDDDDDDDDDDDDDDDDDDDDDDDD" "DDDDDDDDDDDDDDDDDDDDDDDDDDDDDDDDDDDDDDDDDDDDDDDDDDDDDDDDDDDDDDDDDDDDDDDDDDDDDDDDDDDDDDDDDDDDDDDDDDDDDDDDDDDDDDDDDDDDDDDDDDDDDDDDDDDDDDDDDDDDDDDDDDDDDDDDDDDDDDDDDDDDDDDDDDDDDDDDDDDDDDDDDDDDDDDDDDDDDDDDDDDDDDDDDDDDDDDDDDDDDDDDDDDDDDDDDDDDDDDDDDDDDDDDDDDDDD"
foo510.dnscontroltest-cf.org 300 IN TXT "EEEEEEEEEEEEEEEEEEEEEEEEEEEEEEEEEEEEEEEEEEEEEEEEEEEEEEEEEEEEEEEEEEEEEEEEEEEEEEEEEEEEEEEEEEEEEEEEEEEEEEEEEEEEEEEEEEEEEEEEEEEEEEEEEEEEEEEEEEEEEEEEEEEEEEEEEEEEEEEEEEEEEEEEEEEEEEEEEEEEEEEEEEEEEEEEEEEEEEEEEEEEEEEEEEEEEEEEEEEEEEEEEEEEEEEEEEEEEEEEEEEEEEEEEEEEEEE" "EEEEEEEEEEEEEEEEEEEEEEEEEEEEEEEEEEEEEEEEEEEEEEEEEEEEEEEEEEEEEEEEEEEEEEEEEEEEEEEEEEEEEEEEEEEEEEEEEEEEEEEEEEEEEEEEEEEEEEEEEEEEEEEEEEEEEEEEEEEEEEEEEEEEEEEEEEEEEEEEEEEEEEEEEEEEEEEEEEEEEEEEEEEEEEEEEEEEEEEEEEEEEEEEEEEEEEEEEEEEEEEEEEEEEEEEEEEEEEEEEEEEEEEEEEEEEEE"
foo511.dnscontroltest-cf.org 300 IN TXT "FFFFFFFFFFFFFFFFFFFFFFFFFFFFFFFFFFFFFFFFFFFFFFFFFFFFFFFFFFFFFFFFFFFFFFFFFFFFFFFFFFFFFFFFFFFFFFFFFFFFFFFFFFFFFFFFFFFFFFFFFFFFFFFFFFFFFFFFFFFFFFFFFFFFFFFFFFFFFFFFFFFFFFFFFFFFFFFFFFFFFFFFFFFFFFFFFFFFFFFFFFFFFFFFFFFFFFFFFFFFFFFFFFFFFFFFFFFFFFFFFFFFFFFFFFFFFFF" "FFFFFFFFFFFFFFFFFFFFFFFFFFFFFFFFFFFFFFFFFFFFFFFFFFFFFFFFFFFFFFFFFFFFFFFFFFFFFFFFFFFFFFFFFFFFFFFFFFFFFFFFFFFFFFFFFFFFFFFFFFFFFFFFFFFFFFFFFFFFFFFFFFFFFFFFFFFFFFFFFFFFFFFFFFFFFFFFFFFFFFFFFFFFFFFFFFFFFFFFFFFFFFFFFFFFFFFFFFFFFFFFFFFFFFFFFFFFFFFFFFFFFFFFFFFFFFF" "F"
foo764.dnscontroltest-cf.org 300 IN TXT "GGGGGGGGGGGGGGGGGGGGGGGGGGGGGGGGGGGGGGGGGGGGGGGGGGGGGGGGGGGGGGGGGGGGGGGGGGGGGGGGGGGGGGGGGGGGGGGGGGGGGGGGGGGGGGGGGGGGGGGGGGGGGGGGGGGGGGGGGGGGGGGGGGGGGGGGGGGGGGGGGGGGGGGGGGGGGGGGGGGGGGGGGGGGGGGGGGGGGGGGGGGGGGGGGGGGGGGGGGGGGGGGGGGGGGGGGGGGGGGGGGGGGGGGGGGGGGG" "GGGGGGGGGGGGGGGGGGGGGGGGGGGGGGGGGGGGGGGGGGGGGGGGGGGGGGGGGGGGGGGGGGGGGGGGGGGGGGGGGGGGGGGGGGGGGGGGGGGGGGGGGGGGGGGGGGGGGGGGGGGGGGGGGGGGGGGGGGGGGGGGGGGGGGGGGGGGGGGGGGGGGGGGGGGGGGGGGGGGGGGGGGGGGGGGGGGGGGGGGGGGGGGGGGGGGGGGGGGGGGGGGGGGGGGGGGGGGGGGGGGGGGGGGGGGGGG" "GGGGGGGGGGGGGGGGGGGGGGGGGGGGGGGGGGGGGGGGGGGGGGGGGGGGGGGGGGGGGGGGGGGGGGGGGGGGGGGGGGGGGGGGGGGGGGGGGGGGGGGGGGGGGGGGGGGGGGGGGGGGGGGGGGGGGGGGGGGGGGGGGGGGGGGGGGGGGGGGGGGGGGGGGGGGGGGGGGGGGGGGGGGGGGGGGGGGGGGGGGGGGGGGGGGGGGGGGGGGGGGGGGGGGGGGGGGGGGGGGGGGGGGGGGGGGG"
foo765.dnscontroltest-cf.org 300 IN TXT "HHHHHHHHHHHHHHHHHHHHHHHHHHHHHHHHHHHHHHHHHHHHHHHHHHHHHHHHHHHHHHHHHHHHHHHHHHHHHHHHHHHHHHHHHHHHHHHHHHHHHHHHHHHHHHHHHHHHHHHHHHHHHHHHHHHHHHHHHHHHHHHHHHHHHHHHHHHHHHHHHHHHHHHHHHHHHHHHHHHHHHHHHHHHHHHHHHHHHHHHHHHHHHHHHHHHHHHHHHHHHHHHHHHHHHHHHHHHHHHHHHHHHHHHHHHHHHH" "HHHHHHHHHHHHHHHHHHHHHHHHHHHHHHHHHHHHHHHHHHHHHHHHHHHHHHHHHHHHHHHHHHHHHHHHHHHHHHHHHHHHHHHHHHHHHHHHHHHHHHHHHHHHHHHHHHHHHHHHHHHHHHHHHHHHHHHHHHHHHHHHHHHHHHHHHHHHHHHHHHHHHHHHHHHHHHHHHHHHHHHHHHHHHHHHHHHHHHHHHHHHHHHHHHHHHHHHHHHHHHHHHHHHHHHHHHHHHHHHHHHHHHHHHHHHHHH" "HHHHHHHHHHHHHHHHHHHHHHHHHHHHHHHHHHHHHHHHHHHHHHHHHHHHHHHHHHHHHHHHHHHHHHHHHHHHHHHHHHHHHHHHHHHHHHHHHHHHHHHHHHHHHHHHHHHHHHHHHHHHHHHHHHHHHHHHHHHHHHHHHHHHHHHHHHHHHHHHHHHHHHHHHHHHHHHHHHHHHHHHHHHHHHHHHHHHHHHHHHHHHHHHHHHHHHHHHHHHHHHHHHHHHHHHHHHHHHHHHHHHHHHHHHHHHHH"
foo766.dnscontroltest-cf.org 300 IN TXT "JJJJJJJJJJJJJJJJJJJJJJJJJJJJJJJJJJJJJJJJJJJJJJJJJJJJJJJJJJJJJJJJJJJJJJJJJJJJJJJJJJJJJJJJJJJJJJJJJJJJJJJJJJJJJJJJJJJJJJJJJJJJJJJJJJJJJJJJJJJJJJJJJJJJJJJJJJJJJJJJJJJJJJJJJJJJJJJJJJJJJJJJJJJJJJJJJJJJJJJJJJJJJJJJJJJJJJJJJJJJJJJJJJJJJJJJJJJJJJJJJJJJJJJJJJJJJJJ" "JJJJJJJJJJJJJJJJJJJJJJJJJJJJJJJJJJJJJJJJJJJJJJJJJJJJJJJJJJJJJJJJJJJJJJJJJJJJJJJJJJJJJJJJJJJJJJJJJJJJJJJJJJJJJJJJJJJJJJJJJJJJJJJJJJJJJJJJJJJJJJJJJJJJJJJJJJJJJJJJJJJJJJJJJJJJJJJJJJJJJJJJJJJJJJJJJJJJJJJJJJJJJJJJJJJJJJJJJJJJJJJJJJJJJJJJJJJJJJJJJJJJJJJJJJJJJJJ" "JJJJJJJJJJJJJJJJJJJJJJJJJJJJJJJJJJJJJJJJJJJJJJJJJJJJJJJJJJJJJJJJJJJJJJJJJJJJJJJJJJJJJJJJJJJJJJJJJJJJJJJJJJJJJJJJJJJJJJJJJJJJJJJJJJJJJJJJJJJJJJJJJJJJJJJJJJJJJJJJJJJJJJJJJJJJJJJJJJJJJJJJJJJJJJJJJJJJJJJJJJJJJJJJJJJJJJJJJJJJJJJJJJJJJJJJJJJJJJJJJJJJJJJJJJJJJJJ" "J"
foosq.dnscontroltest-cf.org 300 IN TXT "quo'te"
foobt.dnscontroltest-cf.org 300 IN TXT "blah`blah"
foodq.dnscontroltest-cf.org 300 IN TXT "in\"side"
foodqs.dnscontroltest-cf.org 300 IN TXT "in\"ter\"ior"
foodqs.dnscontroltest-cf.org 300 IN TXT "\"left"
foodqs.dnscontroltest-cf.org 300 IN TXT "right\""
foosc1.dnscontroltest-cf.org 300 IN TXT "semi;colon"
foosc2.dnscontroltest-cf.org 300 IN TXT "wssemi ; colon"
foosp.dnscontroltest-cf.org 300 IN TXT "with spaces"
foows1.dnscontroltest-cf.org 300 IN TXT "trailingws "
foo.dnscontroltest-cf.org 300 IN TXT "v=spf1 ip4:99.99.99.99 -all"
fooosbs1.dnscontroltest-cf.org 300 IN TXT "1back\\slash"
fooosbs2.dnscontroltest-cf.org 300 IN TXT "2back\\\\slash"
fooosbs3.dnscontroltest-cf.org 300 IN TXT "3back\\\\\\slash"
fooosbs4.dnscontroltest-cf.org 300 IN TXT "4back\\\\\\\\slash"
bar.dnscontroltest-cf.org 300 IN MX 5 bar.com.
decoy.dnscontroltest-cf.org 300 IN A 1.1.1.1 ; cloudflare_proxy="off"
decoy.dnscontroltest-cf.org 300 IN A 2.2.2.2 ; cloudflare_proxy="off"
decoy.dnscontroltest-cf.org 300 IN A 3.3.3.3 ; cloudflare_proxy="off"
foo.dnscontroltest-cf.org 300 IN A 1.2.3.4 ; cloudflare_proxy="off"
foo.dnscontroltest-cf.org 300 IN A 2.3.4.5 ; cloudflare_proxy="off"
foo.dnscontroltest-cf.org 300 IN A 3.4.5.6 ; cloudflare_proxy="off"
foo.dnscontroltest-cf.org 300 IN A 3.4.5.6 ; cloudflare_proxy="off"
bar.dnscontroltest-cf.org 300 IN A 1.2.3.4 ; cloudflare_proxy="off"
foo.dnscontroltest-cf.org 300 IN A 2.3.4.5 ; cloudflare_proxy="off"
foo.dnscontroltest-cf.org 300 IN A 3.4.5.6 ; cloudflare_proxy="off"
foo.dnscontroltest-cf.org 300 IN A 8.8.8.8 ; cloudflare_proxy="off"
foo.dnscontroltest-cf.org 300 IN MX 20 bar.dnscontroltest-cf.org.
foo.dnscontroltest-cf.org 300 IN MX 10 foo.dnscontroltest-cf.org.
foo.dnscontroltest-cf.org 300 IN A 8.8.8.8 ; cloudflare_proxy="off"
xn--ndaaa.dnscontroltest-cf.org 300 IN A 1.2.3.4 ; cloudflare_proxy="off"
xn--ndaaa.dnscontroltest-cf.org 300 IN A 2.2.2.2 ; cloudflare_proxy="off"
xn--fiq228c.dnscontroltest-cf.org 300 IN A 1.2.3.4 ; cloudflare_proxy="off"
a.dnscontroltest-cf.org 300 IN CNAME xn--ndaaa.com. ; cloudflare_cname_flatten="off" cloudflare_proxy="off"
xn--o-0gab.dnscontroltest-cf.org 300 IN CNAME xn--ndaaa.xn--vhquv. ; cloudflare_cname_flatten="off" cloudflare_proxy="off"
dnscontroltest-cf.org 300 IN CAA 0 issue "letsencrypt.org"
dnscontroltest-cf.org 300 IN CAA 0 issuewild "letsencrypt.org"
dnscontroltest-cf.org 300 IN CAA 0 issuewild "example.com"
dnscontroltest-cf.org 300 IN CAA 0 issuewild ";"
dnscontroltest-cf.org 300 IN CAA 0 issue "letsencrypt.org; validationmethods=dns-01; accounturi=https://acme-v02.api.letsencrypt.org/acme/acct/1234"
dnscontroltest-cf.org 300 IN CAA 0 issue "letsencrypt.org"
dnscontroltest-cf.org 300 IN CAA 128 issue "letsencrypt.org"
dnscontroltest-cf.org 300 IN LOC 42 21 54.000 N 71 06 18.000 W -24.05m 30m 0.00m 0.00m
dnscontroltest-cf.org 300 IN LOC 42 21 54.000 N 71 06 18.000 W -24.06m 30m 10m 0.00m
dnscontroltest-cf.org 300 IN LOC 42 21 54.000 N 71 06 18.000 W -24m 30m 0.00m 0.00m
a.dnscontroltest-cf.org 300 IN LOC 42 21 43.950 N 71 05 6.340 W -24.33m 1m 200m 10m
b.dnscontroltest-cf.org 300 IN LOC 52 14 5.000 N 00 08 50.000 E 10.22m 0.00m 0.00m 0.00m
c.dnscontroltest-cf.org 300 IN LOC 32 07 19.000 S 116 02 25.000 E 10m 0.00m 0.00m 0.00m
d.dnscontroltest-cf.org 300 IN LOC 42 21 28.760 N 71 00 51.620 W -44m 2000m 0.00m 0.00m
test.dnscontroltest-cf.org 300 IN NAPTR 100 10 "U" "E2U+sip" "!^.*$!sip:customer-service@example.com!" .
test.dnscontroltest-cf.org 300 IN NAPTR 103 10 "U" "E2U+email" "!^.*$!mailto:information@example.com!" .
test.dnscontroltest-cf.org 300 IN NAPTR 103 20 "U" "E2U+email" "!^.*$!mailto:information@example.com!" .
test.dnscontroltest-cf.org 300 IN NAPTR 103 20 "A" "E2U+email" "!^.*$!mailto:information@example.com!" .
test.dnscontroltest-cf.org 300 IN NAPTR 103 20 "A" "E2U+sip" "!^.*$!mailto:information@example.com!" .
test.dnscontroltest-cf.org 300 IN NAPTR 103 20 "A" "E2U+sip" "!^.*$!sip:customer-service@example.com!" .
test.dnscontroltest-cf.org 300 IN NAPTR 103 20 "A" "E2U+sip" "" example.foo.com.
test.dnscontroltest-cf.org 300 IN NAPTR 103 20 "A" "E2U+sip" "" example2.foo.com.
test.dnscontroltest-cf.org 300 IN NAPTR 102 10 "U" "E2U+email" "!^.*$!mailto:information@example.com!" .
4.dnscontroltest-cf.org 300 IN PTR foo.com.
4.dnscontroltest-cf.org 300 IN PTR bar.com.
_sip._tcp.dnscontroltest-cf.org 300 IN SRV 5 6 7 foo.com.
_sip._tcp.dnscontroltest-cf.org 300 IN SRV 52 6 7 foo.com.
_sip._tcp.dnscontroltest-cf.org 300 IN SRV 52 62 7 foo.com.
_sip._tcp.dnscontroltest-cf.org 300 IN SRV 52 62 72 foo.com.
_sip._tcp.dnscontroltest-cf.org 300 IN SRV 5 60 70 foo2.com.
_sip._tcp.dnscontroltest-cf.org 300 IN SRV 15 65 75 foo3.com.
_sip._tcp.dnscontroltest-cf.org 300 IN SRV 15 65 75 foo4.com.
_sip._tcp.dnscontroltest-cf.org 300 IN SRV 15 65 75 .
_sip._tcp.dnscontroltest-cf.org 333 IN SRV 5 6 7 foo.com.
_sip._tcp.dnscontroltest-cf.org 4400 IN SRV 5 6 7 foo.com.
dnscontroltest-cf.org 300 IN SSHFP 1 1 66C7D5540B7D75A1FB4C84FEBFA178AD99BDD67C
dnscontroltest-cf.org 300 IN SSHFP 2 1 66C7D5540B7D75A1FB4C84FEBFA178AD99BDD67C
dnscontroltest-cf.org 300 IN SSHFP 2 2 745A635BC46A397A5C4F21D437483005BCC40D7511FF15FBFAFE913A081559BC
_443._tcp.dnscontroltest-cf.org 300 IN TLSA 3 1 1 0123456789ABCDEF0123456789ABCDEF0123456789ABCDEF0123456789ABCDEF
_443._tcp.dnscontroltest-cf.org 300 IN TLSA 2 1 1 0123456789ABCDEF0123456789ABCDEF0123456789ABCDEF0123456789ABCDEF
_443._tcp.dnscontroltest-cf.org 300 IN TLSA 2 0 1 0123456789ABCDEF0123456789ABCDEF0123456789ABCDEF0123456789ABCDEF
_443._tcp.dnscontroltest-cf.org 300 IN TLSA 2 0 2 0123456789ABCDEF0123456789ABCDEF0123456789ABCDEF0123456789ABCDEF0123456789ABCDEF0123456789ABCDEF0123456789ABCDEF0123456789ABCDEF
_443._tcp.dnscontroltest-cf.org 300 IN TLSA 2 0 2 FEDCBA9876543210FEDCBA9876543210FEDCBA9876543210FEDCBA9876543210FEDCBA9876543210FEDCBA9876543210FEDCBA9876543210FEDCBA9876543210
child.dnscontroltest-cf.org 300 IN NS ns101.cloudns.net.
child.dnscontroltest-cf.org 300 IN DS 35632 13 1 1E07663FF507A40874B8605463DD41DE482079D6
child.dnscontroltest-cf.org 300 IN DS 2075 13 1 2706D12E256C8FDD9BFB45EFB25FE537E21A82F6
child.dnscontroltest-cf.org 300 IN DS 2075 13 2 3F7A1EAC8C813A0BEBD0C3B8AAB387E31945EA0CD5E1D84A2E8E27674566C156
child.dnscontroltest-cf.org 300 IN DS 2159 1 4 F50BEFEA333EE2901D72D31A08E1A3CD3F7E943FF4B38CF7C8AD92807F5302F76FB0B419182C0F47FFC71CBCB6EF4BD4
child.dnscontroltest-cf.org 300 IN DS 63909 3 4 EEC7FA02E6788DA889B2CE41D43D92F948AB126EDCF83B7037E73CE9531C8E7E45653ABBAA76C2D6E42F98316EDE599B
another-child.dnscontroltest-cf.org 300 IN NS ns101.cloudns.net.
another-child.dnscontroltest-cf.org 300 IN DS 35632 13 4 F5F32ABCA6B01AA7A9963012F90B7C8523A1D946185A3AD70B67F3C9F18E7312FA9DD6AB2F7D8382F789213DB173D429
another-child.dnscontroltest-cf.org 300 IN DS 2159 1 4 F50BEFEA333EE2901D72D31A08E1A3CD3F7E943FF4B38CF7C8AD92807F5302F76FB0B419182C0F47FFC71CBCB6EF4BD4
another-child.dnscontroltest-cf.org 300 IN DS 63909 3 4 EEC7FA02E6788DA889B2CE41D43D92F948AB126EDCF83B7037E73CE9531C8E7E45653ABBAA76C2D6E42F98316EDE599B
dnscontroltest-cf.org 300 IN CNAME foo.com. ; cloudflare_cname_flatten="off" cloudflare_proxy="off"
dnscontroltest-cf.org 300 IN CNAME foo2.com. ; cloudflare_cname_flatten="off" cloudflare_proxy="off"
foo.dnscontroltest-cf.org 300 IN A 1.2.3.4 ; cloudflare_proxy="off"
dnscontroltest-cf.org 300 IN CNAME foo.dnscontroltest-cf.org. ; cloudflare_cname_flatten="off" cloudflare_proxy="off"
test.dnscontroltest-cf.org 300 IN CNAME foo.com. ; cloudflare_cname_flatten="off" cloudflare_proxy="off"
test.dnscontroltest-cf.org 300 IN CNAME foo2.com. ; cloudflare_cname_flatten="off" cloudflare_proxy="off"
prxy.dnscontroltest-cf.org 300 IN A 174.136.107.111 ; cloudflare_proxy="off"
prxy.dnscontroltest-cf.org 1 IN A 174.136.107.111 ; cloudflare_proxy="on"
prxy.dnscontroltest-cf.org 300 IN A 174.136.107.111 ; cloudflare_proxy="off"
prxy.dnscontroltest-cf.org 1 IN A 174.136.107.111 ; cloudflare_proxy="on"
prxy.dnscontroltest-cf.org 1 IN A 174.136.107.111 ; cloudflare_proxy="on"
prxy.dnscontroltest-cf.org 300 IN A 174.136.107.111 ; cloudflare_proxy="off"
cproxy.dnscontroltest-cf.org 300 IN CNAME example.com. ; cloudflare_cname_flatten="off" cloudflare_proxy="off"
cproxy.dnscontroltest-cf.org 1 IN CNAME example.com. ; cloudflare_cname_flatten="off" cloudflare_proxy="on"
cproxy.dnscontroltest-cf.org 300 IN CNAME example.com. ; cloudflare_cname_flatten="off" cloudflare_proxy="off"
cproxy.dnscontroltest-cf.org 1 IN CNAME example.com. ; cloudflare_cname_flatten="off" cloudflare_proxy="on"
cproxy.dnscontroltest-cf.org 1 IN CNAME example.com. ; cloudflare_cname_flatten="off" cloudflare_proxy="on"
cproxy.dnscontroltest-cf.org 300 IN CNAME example.com. ; cloudflare_cname_flatten="off" cloudflare_proxy="off"
cmnt.dnscontroltest-cf.org 300 IN A 174.136.107.111 ; cloudflare_comment="Test comment" cloudflare_proxy="off"
cmnt.dnscontroltest-cf.org 300 IN A 174.136.107.111 ; cloudflare_comment="Changed comment" cloudflare_proxy="off"
cmnt.dnscontroltest-cf.org 300 IN A 174.136.107.111 ; cloudflare_proxy="off"
bar.dnscontroltest-cf.org 300 IN A 5.5.5.5 ; cloudflare_proxy="off"
foo.dnscontroltest-cf.org 300 IN A 1.2.3.4 ; cloudflare_proxy="off"
foo.dnscontroltest-cf.org 300 IN A 2.3.4.5 ; cloudflare_proxy="off"
foo.dnscontroltest-cf.org 300 IN TXT "simple"
mail.dnscontroltest-cf.org 300 IN CNAME ghs.googlehosted.com. ; cloudflare_cname_flatten="off" cloudflare_proxy="off"
dnscontroltest-cf.org 300 IN A 1.2.3.4 ; cloudflare_proxy="off"
dnscontroltest-cf.org 300 IN A 2.3.4.5 ; cloudflare_proxy="off"
dnscontroltest-cf.org 300 IN TXT "simple"
bar.dnscontroltest-cf.org 300 IN A 5.5.5.5 ; cloudflare_proxy="off"
mail.dnscontroltest-cf.org 300 IN CNAME ghs.googlehosted.com. ; cloudflare_cname_flatten="off" cloudflare_proxy="off"
dnscontroltest-cf.org 300 IN A 2.2.2.2 ; cloudflare_proxy="off"
dnscontroltest-cf.org 300 IN TXT "asimple"
foo.dnscontroltest-cf.org 300 IN A 1.2.3.4 ; cloudflare_proxy="off"
foo.dnscontroltest-cf.org 300 IN TXT "simple"
bar.bat.dnscontroltest-cf.org 300 IN A 5.5.5.5 ; cloudflare_proxy="off"
foo.bat.dnscontroltest-cf.org 300 IN A 1.2.3.4 ; cloudflare_proxy="off"
foo.bat.dnscontroltest-cf.org 300 IN A 2.3.4.5 ; cloudflare_proxy="off"
foo.bat.dnscontroltest-cf.org 300 IN TXT "simple"
mail.bat.dnscontroltest-cf.org 300 IN CNAME ghs.googlehosted.com. ; cloudflare_cname_flatten="off" cloudflare_proxy="off"
foo.dnscontroltest-cf.org 300 IN A 1.1.1.1 ; cloudflare_proxy="off"
foo.dnscontroltest-cf.org 300 IN A 10.10.10.10 ; cloudflare_proxy="off"
foo.dnscontroltest-cf.org 300 IN A 11.11.11.11 ; cloudflare_proxy="off"
foo.dnscontroltest-cf.org 300 IN A 12.12.12.12 ; cloudflare_proxy="off"
foo.dnscontroltest-cf.org 300 IN A 13.13.13.13 ; cloudflare_proxy="off"
foo.dnscontroltest-cf.org 300 IN A 14.14.14.14 ; cloudflare_proxy="off"
foo.dnscontroltest-cf.org 300 IN AAAA 2003:dd:d7ff::fe71:aaaa ; cloudflare_proxy="off"
foo.dnscontroltest-cf.org 300 IN MX 10 aspmx.l.google.com.
foo.dnscontroltest-cf.org 300 IN MX 20 alt1.aspmx.l.google.com.
zzz.dnscontroltest-cf.org 300 IN A 3.3.3.3 ; cloudflare_proxy="off"
zzz.dnscontroltest-cf.org 300 IN A 4.4.4.4 ; cloudflare_proxy="off"
zzz.dnscontroltest-cf.org 300 IN AAAA 2003:dd:d7ff::fe71:cccc ; cloudflare_proxy="off"
bar.dnscontroltest-cf.org 300 IN CNAME redact2.acm-validations.aws. ; cloudflare_cname_flatten="off" cloudflare_proxy="off"
foo.dnscontroltest-cf.org 300 IN CNAME redact1.acm-validations.aws. ; cloudflare_cname_flatten="off" cloudflare_proxy="off"
dyndns-city1.dnscontroltest-cf.org 300 IN A 91.42.1.1 ; cloudflare_proxy="off"
dyndns-city1.dnscontroltest-cf.org 300 IN AAAA 2003:dd:d7ff::fe71:ce77 ; cloudflare_proxy="off"
dyndns-city2.dnscontroltest-cf.org 300 IN A 91.42.1.2 ; cloudflare_proxy="off"
dyndns-city2.dnscontroltest-cf.org 300 IN AAAA 2003:dd:d7ff::fe71:ce78 ; cloudflare_proxy="off"
testdefined.dnscontroltest-cf.org 300 IN A 9.9.9.9 ; cloudflare_proxy="off"
testdefined.dnscontroltest-cf.org 300 IN A 2.2.2.2 ; cloudflare_proxy="off"
testignore.dnscontroltest-cf.org 300 IN A 8.8.8.8 ; cloudflare_proxy="off"
final.dnscontroltest-cf.org 300 IN TXT "TestDNSProviders was successful!"
final.dnscontroltest-cf.org 300 IN TXT "TestDNSProviders was successful!"
