[
  {
    "type": "A",
    "name": "@",
    "content": "1.2.3.4",
    "ttl": 3600
  },
  {
    "type": "AAAA",
    "name": "ipv6",
    "content": "2a00:4b40:aaaa:2001::6",
    "ttl": 3600
  },
  {
    "type": "CNAME",
    "name": "www",
    "content": "ghs.example.net",
    "ttl": 3600
  },
  {
    "type": "MX",
    "name": "@",
    "content": "mail.example.com",
    "ttl": 3600,
    "priority": 10
  },
  {
    "type": "SRV",
    "name": "_sip._tcp",
    "content": "sip.example.com",
    "ttl": 3600,
    "priority": 10,
    "port": 5060,
    "weight": 20
  },
  {
    "type": "TXT",
    "name": "@",
    "content": "hello world",
    "ttl": 3600
  }
]
