[
  {
    "name": "*.example.com.",
    "type": "A",
    "content": "3.3.3.3",
    "ttl": 300
  },
  {
    "name": "4.example.com.",
    "type": "PTR",
    "content": "bar.com.",
    "ttl": 300
  },
  {
    "name": "4.example.com.",
    "type": "PTR",
    "content": "foo.com.",
    "ttl": 300
  },
  {
    "name": "6c9b19cb967b563d9d96b341ad4a89a74444c6f18e9530f4623817fe._openpgpkey.example.com.",
    "type": "OPENPGPKEY",
    "content": "mDMEAAAAARYJKwYBBAHaRw8BAQdAQWiJ4gXP6wC2wQ7h7odcLpZU+mQD2rHiqtTgj+1e6ou0JEV4YW1wbGUgMiA8ZXhhbXBsZS0yQGRuc2NvbnRyb2wub3JnPoh+BBMWCgAmFiEE/tuN1tP/jpKko/EvTN4yJT7efAsFAgAAAAECGwECHgUCF4AACgkQTN4yJT7efAuxPQD/aEhrJaCX9FD1IkjA/8UmK0nokjtJNy46It3IWTGT4EQBAJI6goeRQBJqu/UnHmjv0OfqBQQCt87f9zXqZxLjiIQN",
    "ttl": 300
  },
  {
    "name": "6c9b19cb967b563d9d96b341ad4a89a74444c6f18e9530f4623817fe._openpgpkey.example.com.",
    "type": "OPENPGPKEY",
    "content": "mDMEAAAAARYJKwYBBAHaRw8BAQdAxCQnAKBDmA75+73+3lYVXDwrMUbaR61fNZgGeOHwmDq0JEV4YW1wbGUgMiA8ZXhhbXBsZS0yQGRuc2NvbnRyb2wub3JnPoh+BBMWCgAmFiEEYZ3PIZnaOWQrPxj6VX+9VdC3r4wFAgAAAAECGwECHgUCF4AACgkQVX+9VdC3r4xq6wEAl2ujFSqWwc2wQuHedpFrSTN9Gh7cIziKCZ3f8BGSRTgBAIvjKlWLLLBu0FPpCVlcfkpsZMV5YRrg90k+D+O4zZ4M",
    "ttl": 300
  },
  {
    "name": "example.com.",
    "type": "A",
    "content": "8.8.8.8",
    "ttl": 1000
  },
  {
    "name": "example.com.",
    "type": "A",
    "content": "1.2.3.2",
    "ttl": 300
  },
  {
    "name": "example.com.",
    "type": "A",
    "content": "1.2.3.4",
    "ttl": 300
  },
  {
    "name": "example.com.",
    "type": "A",
    "content": "2.2.2.2",
    "ttl": 300
  },
  {
    "name": "example.com.",
    "type": "A",
    "content": "2.3.4.5",
    "ttl": 300
  },
  {
    "name": "example.com.",
    "type": "A",
    "content": "4.4.4.4",
    "ttl": 300
  },
  {
    "name": "example.com.",
    "type": "ALIAS",
    "content": "foo.com.",
    "ttl": 300
  },
  {
    "name": "example.com.",
    "type": "ALIAS",
    "content": "foo.dnscontroltest-luadns.com.",
    "ttl": 300
  },
  {
    "name": "example.com.",
    "type": "ALIAS",
    "content": "foo2.com.",
    "ttl": 300
  },
  {
    "name": "example.com.",
    "type": "CAA",
    "content": "0 issue \"letsencrypt.org\"",
    "ttl": 300
  },
  {
    "name": "example.com.",
    "type": "CAA",
    "content": "0 issue \"letsencrypt.org; validationmethods=dns-01; accounturi=https://acme-v02.api.letsencrypt.org/acme/acct/1234\"",
    "ttl": 300
  },
  {
    "name": "example.com.",
    "type": "CAA",
    "content": "0 issuewild \";\"",
    "ttl": 300
  },
  {
    "name": "example.com.",
    "type": "CAA",
    "content": "0 issuewild \"example.com\"",
    "ttl": 300
  },
  {
    "name": "example.com.",
    "type": "CAA",
    "content": "0 issuewild \"letsencrypt.org\"",
    "ttl": 300
  },
  {
    "name": "example.com.",
    "type": "CAA",
    "content": "128 issue \"letsencrypt.org\"",
    "ttl": 300
  },
  {
    "name": "example.com.",
    "type": "HTTPS",
    "content": "0 test.com.",
    "ttl": 300
  },
  {
    "name": "example.com.",
    "type": "HTTPS",
    "content": "1 test.com. alpn=h2 port=99",
    "ttl": 300
  },
  {
    "name": "example.com.",
    "type": "HTTPS",
    "content": "1 test.com. port=80",
    "ttl": 300
  },
  {
    "name": "example.com.",
    "type": "HTTPS",
    "content": "1 test.com. port=99",
    "ttl": 300
  },
  {
    "name": "example.com.",
    "type": "HTTPS",
    "content": "3 example.com. alpn=h2 port=80 ech=1000",
    "ttl": 300
  },
  {
    "name": "example.com.",
    "type": "HTTPS",
    "content": "3 example.com. alpn=h2 port=80 ech=another+base64+encoded+value",
    "ttl": 300
  },
  {
    "name": "example.com.",
    "type": "HTTPS",
    "content": "3 example.com. alpn=h2 port=80 ech=some+base64+encoded+value///",
    "ttl": 300
  },
  {
    "name": "example.com.",
    "type": "HTTPS",
    "content": "3 example.com. alpn=h2,h3 port=999",
    "ttl": 300
  },
  {
    "name": "example.com.",
    "type": "HTTPS",
    "content": "3 example.com. alpn=h2,h3 port=999 ech=1000",
    "ttl": 300
  },
  {
    "name": "example.com.",
    "type": "HTTPS",
    "content": "3 example.com. alpn=h2,h3 port=999 ech=some+base64+encoded+value///",
    "ttl": 300
  },
  {
    "name": "example.com.",
    "type": "HTTPS",
    "content": "3 yetanother.com. alpn=h2 port=80 ech=another+base64+encoded+value",
    "ttl": 300
  },
  {
    "name": "example.com.",
    "type": "MX",
    "content": "0 .",
    "ttl": 300
  },
  {
    "name": "example.com.",
    "type": "MX",
    "content": "2 dnscontroltest-luadns.com.",
    "ttl": 300
  },
  {
    "name": "example.com.",
    "type": "MX",
    "content": "5 bar.com.",
    "ttl": 300
  },
  {
    "name": "example.com.",
    "type": "MX",
    "content": "5 foo.com.",
    "ttl": 300
  },
  {
    "name": "example.com.",
    "type": "MX",
    "content": "8 www.dnscontroltest-luadns.com.",
    "ttl": 300
  },
  {
    "name": "example.com.",
    "type": "NS",
    "content": "01.rikudns.net.",
    "ttl": 300
  },
  {
    "name": "example.com.",
    "type": "NS",
    "content": "02.rikudns.net.",
    "ttl": 300
  },
  {
    "name": "example.com.",
    "type": "NS",
    "content": "03.rikudns.net.",
    "ttl": 300
  },
  {
    "name": "example.com.",
    "type": "NS",
    "content": "04.rikudns.net.",
    "ttl": 300
  },
  {
    "name": "example.com.",
    "type": "NS",
    "content": "ns1.foo.com.",
    "ttl": 300
  },
  {
    "name": "example.com.",
    "type": "NS",
    "content": "ns2.foo.com.",
    "ttl": 300
  },
  {
    "name": "example.com.",
    "type": "SSHFP",
    "content": "1 1 66C7D5540B7D75A1FB4C84FEBFA178AD99BDD67C",
    "ttl": 300
  },
  {
    "name": "example.com.",
    "type": "SSHFP",
    "content": "2 1 66C7D5540B7D75A1FB4C84FEBFA178AD99BDD67C",
    "ttl": 300
  },
  {
    "name": "example.com.",
    "type": "SSHFP",
    "content": "2 2 745A635BC46A397A5C4F21D437483005BCC40D7511FF15FBFAFE913A081559BC",
    "ttl": 300
  },
  {
    "name": "example.com.",
    "type": "TXT",
    "content": "asimple",
    "ttl": 300
  },
  {
    "name": "example.com.",
    "type": "TXT",
    "content": "simple",
    "ttl": 300
  },
  {
    "name": "example.com.",
    "type": "A",
    "content": "8.8.8.8",
    "ttl": 500
  },
  {
    "name": "example.com.",
    "type": "A",
    "content": "8.8.8.8",
    "ttl": 666
  },
  {
    "name": "_443._tcp.example.com.",
    "type": "TLSA",
    "content": "2 0 1 0123456789ABCDEF0123456789ABCDEF0123456789ABCDEF0123456789ABCDEF",
    "ttl": 300
  },
  {
    "name": "_443._tcp.example.com.",
    "type": "TLSA",
    "content": "2 0 2 0123456789ABCDEF0123456789ABCDEF0123456789ABCDEF0123456789ABCDEF0123456789ABCDEF0123456789ABCDEF0123456789ABCDEF0123456789ABCDEF",
    "ttl": 300
  },
  {
    "name": "_443._tcp.example.com.",
    "type": "TLSA",
    "content": "2 0 2 FEDCBA9876543210FEDCBA9876543210FEDCBA9876543210FEDCBA9876543210FEDCBA9876543210FEDCBA9876543210FEDCBA9876543210FEDCBA9876543210",
    "ttl": 300
  },
  {
    "name": "_443._tcp.example.com.",
    "type": "TLSA",
    "content": "2 1 1 0123456789ABCDEF0123456789ABCDEF0123456789ABCDEF0123456789ABCDEF",
    "ttl": 300
  },
  {
    "name": "_443._tcp.example.com.",
    "type": "TLSA",
    "content": "3 1 1 0123456789ABCDEF0123456789ABCDEF0123456789ABCDEF0123456789ABCDEF",
    "ttl": 300
  },
  {
    "name": "_sip._tcp.example.com.",
    "type": "SRV",
    "content": "15 65 75 .",
    "ttl": 300
  },
  {
    "name": "_sip._tcp.example.com.",
    "type": "SRV",
    "content": "15 65 75 foo3.com.",
    "ttl": 300
  },
  {
    "name": "_sip._tcp.example.com.",
    "type": "SRV",
    "content": "15 65 75 foo4.com.",
    "ttl": 300
  },
  {
    "name": "_sip._tcp.example.com.",
    "type": "SRV",
    "content": "5 6 7 foo.com.",
    "ttl": 300
  },
  {
    "name": "_sip._tcp.example.com.",
    "type": "SRV",
    "content": "5 60 70 foo2.com.",
    "ttl": 300
  },
  {
    "name": "_sip._tcp.example.com.",
    "type": "SRV",
    "content": "52 6 7 foo.com.",
    "ttl": 300
  },
  {
    "name": "_sip._tcp.example.com.",
    "type": "SRV",
    "content": "52 62 7 foo.com.",
    "ttl": 300
  },
  {
    "name": "_sip._tcp.example.com.",
    "type": "SRV",
    "content": "52 62 72 foo.com.",
    "ttl": 300
  },
  {
    "name": "_sip._tcp.example.com.",
    "type": "SRV",
    "content": "5 6 7 foo.com.",
    "ttl": 333
  },
  {
    "name": "_sip._tcp.example.com.",
    "type": "SRV",
    "content": "5 6 7 foo.com.",
    "ttl": 4400
  },
  {
    "name": "a.example.com.",
    "type": "CNAME",
    "content": "xn--ndaaa.com.",
    "ttl": 300
  },
  {
    "name": "bar.example.com.",
    "type": "A",
    "content": "1.2.3.4",
    "ttl": 300
  },
  {
    "name": "bar.example.com.",
    "type": "A",
    "content": "5.5.5.5",
    "ttl": 300
  },
  {
    "name": "bar.example.com.",
    "type": "CNAME",
    "content": "redact2.acm-validations.aws.",
    "ttl": 300
  },
  {
    "name": "bar.example.com.",
    "type": "MX",
    "content": "5 bar.com.",
    "ttl": 300
  },
  {
    "name": "bar.bat.example.com.",
    "type": "A",
    "content": "5.5.5.5",
    "ttl": 300
  },
  {
    "name": "bb7d0cf1ee44aca0bcc0f739b77b935f13aec2fd537f5c29dedd883d._openpgpkey.example.com.",
    "type": "OPENPGPKEY",
    "content": "mDMEAAAAARYJKwYBBAHaRw8BAQdAFHHsHVzE1rvYcCmX7Sn5X3p71eF5qo02mO/IuULrCPW0JEV4YW1wbGUgMSA8ZXhhbXBsZS0xQGRuc2NvbnRyb2wub3JnPoh+BBMWCgAmFiEEkwXxX/eDCW05Qn5tBI42Nn4+OuIFAgAAAAECGwECHgUCF4AACgkQBI42Nn4+OuL/qgD/S2rZm2Lafp11mr5q4jIBZ4DCS/Xl+Gm4ADvoPGpzkzwBALZqxlCToP4KQ0RI2ZlqtGQSy+fHDVxat0q7pFZsRo0K",
    "ttl": 300
  },
  {
    "name": "bb7d0cf1ee44aca0bcc0f739b77b935f13aec2fd537f5c29dedd883d._openpgpkey.example.com.",
    "type": "OPENPGPKEY",
    "content": "mDMEAAAAARYJKwYBBAHaRw8BAQdAO2uf8a0MUkNWUHzey8FhYJP2SS+061pF+GFK23egV9K0JEV4YW1wbGUgMSA8ZXhhbXBsZS0xQGRuc2NvbnRyb2wub3JnPoh+BBMWCgAmFiEEwP53wg/jSbhjzamYC/4c89luNM4FAgAAAAECGwECHgUCF4AACgkQC/4c89luNM4/LgEA8ARj4iJ0fVrpRRnhrTtlGwos170TDhTuZfPoGMqweS0A/1GWtg6/ywR4EPtRu+p9WogsQmO1HOk3ag3I5d7iP18C",
    "ttl": 300
  },
  {
    "name": "decoy.example.com.",
    "type": "A",
    "content": "1.1.1.1",
    "ttl": 300
  },
  {
    "name": "decoy.example.com.",
    "type": "A",
    "content": "2.2.2.2",
    "ttl": 300
  },
  {
    "name": "decoy.example.com.",
    "type": "A",
    "content": "3.3.3.3",
    "ttl": 300
  },
  {
    "name": "dyndns-city1.example.com.",
    "type": "A",
    "content": "91.42.1.1",
    "ttl": 300
  },
  {
    "name": "dyndns-city1.example.com.",
    "type": "AAAA",
    "content": "2003:dd:d7ff::fe71:ce77",
    "ttl": 300
  },
  {
    "name": "dyndns-city2.example.com.",
    "type": "A",
    "content": "91.42.1.2",
    "ttl": 300
  },
  {
    "name": "dyndns-city2.example.com.",
    "type": "AAAA",
    "content": "2003:dd:d7ff::fe71:ce78",
    "ttl": 300
  },
  {
    "name": "final.example.com.",
    "type": "TXT",
    "content": "TestDNSProviders was successful!",
    "ttl": 300
  },
  {
    "name": "foo.example.com.",
    "type": "A",
    "content": "1.1.1.1",
    "ttl": 300
  },
  {
    "name": "foo.example.com.",
    "type": "A",
    "content": "1.2.3.4",
    "ttl": 300
  },
  {
    "name": "foo.example.com.",
    "type": "A",
    "content": "10.10.10.10",
    "ttl": 300
  },
  {
    "name": "foo.example.com.",
    "type": "A",
    "content": "11.11.11.11",
    "ttl": 300
  },
  {
    "name": "foo.example.com.",
    "type": "A",
    "content": "12.12.12.12",
    "ttl": 300
  },
  {
    "name": "foo.example.com.",
    "type": "A",
    "content": "13.13.13.13",
    "ttl": 300
  },
  {
    "name": "foo.example.com.",
    "type": "A",
    "content": "14.14.14.14",
    "ttl": 300
  },
  {
    "name": "foo.example.com.",
    "type": "A",
    "content": "2.3.4.5",
    "ttl": 300
  },
  {
    "name": "foo.example.com.",
    "type": "A",
    "content": "3.4.5.6",
    "ttl": 300
  },
  {
    "name": "foo.example.com.",
    "type": "A",
    "content": "4.5.6.7",
    "ttl": 300
  },
  {
    "name": "foo.example.com.",
    "type": "A",
    "content": "8.8.8.8",
    "ttl": 300
  },
  {
    "name": "foo.example.com.",
    "type": "AAAA",
    "content": "2003:dd:d7ff::fe71:aaaa",
    "ttl": 300
  },
  {
    "name": "foo.example.com.",
    "type": "CNAME",
    "content": "dnscontroltest-luadns.com.",
    "ttl": 300
  },
  {
    "name": "foo.example.com.",
    "type": "CNAME",
    "content": "google.com.",
    "ttl": 300
  },
  {
    "name": "foo.example.com.",
    "type": "CNAME",
    "content": "google2.com.",
    "ttl": 300
  },
  {
    "name": "foo.example.com.",
    "type": "CNAME",
    "content": "redact1.acm-validations.aws.",
    "ttl": 300
  },
  {
    "name": "foo.example.com.",
    "type": "MX",
    "content": "10 aspmx.l.google.com.",
    "ttl": 300
  },
  {
    "name": "foo.example.com.",
    "type": "MX",
    "content": "10 foo.dnscontroltest-luadns.com.",
    "ttl": 300
  },
  {
    "name": "foo.example.com.",
    "type": "MX",
    "content": "20 alt1.aspmx.l.google.com.",
    "ttl": 300
  },
  {
    "name": "foo.example.com.",
    "type": "MX",
    "content": "20 bar.dnscontroltest-luadns.com.",
    "ttl": 300
  },
  {
    "name": "foo.example.com.",
    "type": "MX",
    "content": "5 mx.google.com.",
    "ttl": 300
  },
  {
    "name": "foo.example.com.",
    "type": "MX",
    "content": "8 dnscontroltest-luadns.com.",
    "ttl": 300
  },
  {
    "name": "foo.example.com.",
    "type": "NS",
    "content": "dnscontroltest-luadns.com.",
    "ttl": 300
  },
  {
    "name": "foo.example.com.",
    "type": "TXT",
    "content": "simple",
    "ttl": 300
  },
  {
    "name": "foo.example.com.",
    "type": "TXT",
    "content": "v=spf1 ip4:99.99.99.99 -all",
    "ttl": 300
  },
  {
    "name": "foo.bat.example.com.",
    "type": "A",
    "content": "1.2.3.4",
    "ttl": 300
  },
  {
    "name": "foo.bat.example.com.",
    "type": "A",
    "content": "2.3.4.5",
    "ttl": 300
  },
  {
    "name": "foo.bat.example.com.",
    "type": "TXT",
    "content": "simple",
    "ttl": 300
  },
  {
    "name": "foo254.example.com.",
    "type": "TXT",
    "content": "AAAAAAAAAAAAAAAAAAAAAAAAAAAAAAAAAAAAAAAAAAAAAAAAAAAAAAAAAAAAAAAAAAAAAAAAAAAAAAAAAAAAAAAAAAAAAAAAAAAAAAAAAAAAAAAAAAAAAAAAAAAAAAAAAAAAAAAAAAAAAAAAAAAAAAAAAAAAAAAAAAAAAAAAAAAAAAAAAAAAAAAAAAAAAAAAAAAAAAAAAAAAAAAAAAAAAAAAAAAAAAAAAAAAAAAAAAAAAAAAAAAAAAAAAAAAAA",
    "ttl": 300
  },
  {
    "name": "foo255.example.com.",
    "type": "TXT",
    "content": "BBBBBBBBBBBBBBBBBBBBBBBBBBBBBBBBBBBBBBBBBBBBBBBBBBBBBBBBBBBBBBBBBBBBBBBBBBBBBBBBBBBBBBBBBBBBBBBBBBBBBBBBBBBBBBBBBBBBBBBBBBBBBBBBBBBBBBBBBBBBBBBBBBBBBBBBBBBBBBBBBBBBBBBBBBBBBBBBBBBBBBBBBBBBBBBBBBBBBBBBBBBBBBBBBBBBBBBBBBBBBBBBBBBBBBBBBBBBBBBBBBBBBBBBBBBBBBB",
    "ttl": 300
  },
  {
    "name": "foo256.example.com.",
    "type": "TXT",
    "content": "CCCCCCCCCCCCCCCCCCCCCCCCCCCCCCCCCCCCCCCCCCCCCCCCCCCCCCCCCCCCCCCCCCCCCCCCCCCCCCCCCCCCCCCCCCCCCCCCCCCCCCCCCCCCCCCCCCCCCCCCCCCCCCCCCCCCCCCCCCCCCCCCCCCCCCCCCCCCCCCCCCCCCCCCCCCCCCCCCCCCCCCCCCCCCCCCCCCCCCCCCCCCCCCCCCCCCCCCCCCCCCCCCCCCCCCCCCCCCCCCCCCCCCCCCCCCCCCC",
    "ttl": 300
  },
  {
    "name": "foo509.example.com.",
    "type": "TXT",
    "content": "DDDDDDDDDDDDDDDDDDDDDDDDDDDDDDDDDDDDDDDDDDDDDDDDDDDDDDDDDDDDDDDDDDDDDDDDDDDDDDDDDDDDDDDDDDDDDDDDDDDDDDDDDDDDDDDDDDDDDDDDDDDDDDDDDDDDDDDDDDDDDDDDDDDDDDDDDDDDDDDDDDDDDDDDDDDDDDDDDDDDDDDDDDDDDDDDDDDDDDDDDDDDDDDDDDDDDDDDDDDDDDDDDDDDDDDDDDDDDDDDDDDDDDDDDDDDDDDDDDDDDDDDDDDDDDDDDDDDDDDDDDDDDDDDDDDDDDDDDDDDDDDDDDDDDDDDDDDDDDDDDDDDDDDDDDDDDDDDDDDDDDDDDDDDDDDDDDDDDDDDDDDDDDDDDDDDDDDDDDDDDDDDDDDDDDDDDDDDDDDDDDDDDDDDDDDDDDDDDDDDDDDDDDDDDDDDDDDDDDDDDDDDDDDDDDDDDDDDDDDDDDDDDDDDDDDDDDDDDDDDDDDDDDDDDDDDDDDDDDDDDDDDDDDDD",
    "ttl": 300
  },
  {
    "name": "foo510.example.com.",
    "type": "TXT",
    "content": "EEEEEEEEEEEEEEEEEEEEEEEEEEEEEEEEEEEEEEEEEEEEEEEEEEEEEEEEEEEEEEEEEEEEEEEEEEEEEEEEEEEEEEEEEEEEEEEEEEEEEEEEEEEEEEEEEEEEEEEEEEEEEEEEEEEEEEEEEEEEEEEEEEEEEEEEEEEEEEEEEEEEEEEEEEEEEEEEEEEEEEEEEEEEEEEEEEEEEEEEEEEEEEEEEEEEEEEEEEEEEEEEEEEEEEEEEEEEEEEEEEEEEEEEEEEEEEEEEEEEEEEEEEEEEEEEEEEEEEEEEEEEEEEEEEEEEEEEEEEEEEEEEEEEEEEEEEEEEEEEEEEEEEEEEEEEEEEEEEEEEEEEEEEEEEEEEEEEEEEEEEEEEEEEEEEEEEEEEEEEEEEEEEEEEEEEEEEEEEEEEEEEEEEEEEEEEEEEEEEEEEEEEEEEEEEEEEEEEEEEEEEEEEEEEEEEEEEEEEEEEEEEEEEEEEEEEEEEEEEEEEEEEEEEEEEEEEEEEEEEEEEEEEEEEE",
    "ttl": 300
  },
  {
    "name": "foo511.example.com.",
    "type": "TXT",
    "content": "FFFFFFFFFFFFFFFFFFFFFFFFFFFFFFFFFFFFFFFFFFFFFFFFFFFFFFFFFFFFFFFFFFFFFFFFFFFFFFFFFFFFFFFFFFFFFFFFFFFFFFFFFFFFFFFFFFFFFFFFFFFFFFFFFFFFFFFFFFFFFFFFFFFFFFFFFFFFFFFFFFFFFFFFFFFFFFFFFFFFFFFFFFFFFFFFFFFFFFFFFFFFFFFFFFFFFFFFFFFFFFFFFFFFFFFFFFFFFFFFFFFFFFFFFFFFFFFFFFFFFFFFFFFFFFFFFFFFFFFFFFFFFFFFFFFFFFFFFFFFFFFFFFFFFFFFFFFFFFFFFFFFFFFFFFFFFFFFFFFFFFFFFFFFFFFFFFFFFFFFFFFFFFFFFFFFFFFFFFFFFFFFFFFFFFFFFFFFFFFFFFFFFFFFFFFFFFFFFFFFFFFFFFFFFFFFFFFFFFFFFFFFFFFFFFFFFFFFFFFFFFFFFFFFFFFFFFFFFFFFFFFFFFFFFFFFFFFFFFFFFFFFFFFFFFF",
    "ttl": 300
  },
  {
    "name": "foo764.example.com.",
    "type": "TXT",
    "content": "GGGGGGGGGGGGGGGGGGGGGGGGGGGGGGGGGGGGGGGGGGGGGGGGGGGGGGGGGGGGGGGGGGGGGGGGGGGGGGGGGGGGGGGGGGGGGGGGGGGGGGGGGGGGGGGGGGGGGGGGGGGGGGGGGGGGGGGGGGGGGGGGGGGGGGGGGGGGGGGGGGGGGGGGGGGGGGGGGGGGGGGGGGGGGGGGGGGGGGGGGGGGGGGGGGGGGGGGGGGGGGGGGGGGGGGGGGGGGGGGGGGGGGGGGGGGGGGGGGGGGGGGGGGGGGGGGGGGGGGGGGGGGGGGGGGGGGGGGGGGGGGGGGGGGGGGGGGGGGGGGGGGGGGGGGGGGGGGGGGGGGGGGGGGGGGGGGGGGGGGGGGGGGGGGGGGGGGGGGGGGGGGGGGGGGGGGGGGGGGGGGGGGGGGGGGGGGGGGGGGGGGGGGGGGGGGGGGGGGGGGGGGGGGGGGGGGGGGGGGGGGGGGGGGGGGGGGGGGGGGGGGGGGGGGGGGGGGGGGGGGGGGGGGGGGGGGGGGGGGGGGGGGGGGGGGGGGGGGGGGGGGGGGGGGGGGGGGGGGGGGGGGGGGGGGGGGGGGGGGGGGGGGGGGGGGGGGGGGGGGGGGGGGGGGGGGGGGGGGGGGGGGGGGGGGGGGGGGGGGGGGGGGGGGGGGGGGGGGGGGGGGGGGGGGGGGGGGGGGGGGGGGGGGGGGGGGGGGGGGGGGGGGGGGGGGGGGGGGGGGGGGGGGGGGGGGGGGGGGGGGGGGGGGGGGGGGGGGGGGGGGGG",
    "ttl": 300
  },
  {
    "name": "foo765.example.com.",
    "type": "TXT",
    "content": "HHHHHHHHHHHHHHHHHHHHHHHHHHHHHHHHHHHHHHHHHHHHHHHHHHHHHHHHHHHHHHHHHHHHHHHHHHHHHHHHHHHHHHHHHHHHHHHHHHHHHHHHHHHHHHHHHHHHHHHHHHHHHHHHHHHHHHHHHHHHHHHHHHHHHHHHHHHHHHHHHHHHHHHHHHHHHHHHHHHHHHHHHHHHHHHHHHHHHHHHHHHHHHHHHHHHHHHHHHHHHHHHHHHHHHHHHHHHHHHHHHHHHHHHHHHHHHHHHHHHHHHHHHHHHHHHHHHHHHHHHHHHHHHHHHHHHHHHHHHHHHHHHHHHHHHHHHHHHHHHHHHHHHHHHHHHHHHHHHHHHHHHHHHHHHHHHHHHHHHHHHHHHHHHHHHHHHHHHHHHHHHHHHHHHHHHHHHHHHHHHHHHHHHHHHHHHHHHHHHHHHHHHHHHHHHHHHHHHHHHHHHHHHHHHHHHHHHHHHHHHHHHHHHHHHHHHHHHHHHHHHHHHHHHHHHHHHHHHHHHHHHHHHHHHHHHHHHHHHHHHHHHHHHHHHHHHHHHHHHHHHHHHHHHHHHHHHHHHHHHHHHHHHHHHHHHHHHHHHHHHHHHHHHHHHHHHHHHHHHHHHHHHHHHHHHHHHHHHHHHHHHHHHHHHHHHHHHHHHHHHHHHHHHHHHHHHHHHHHHHHHHHHHHHHHHHHHHHHHHHHHHHHHHHHHHHHHHHHHHHHHHHHHHHHHHHHHHHHHHHHHHHHHHHHHHHHHHHHHHHHHHHHHHHHHHHHHHHHHHHHHHHH",
    "ttl": 300
  },
  {
    "name": "foo766.example.com.",
    "type": "TXT",
    "content": "JJJJJJJJJJJJJJJJJJJJJJJJJJJJJJJJJJJJJJJJJJJJJJJJJJJJJJJJJJJJJJJJJJJJJJJJJJJJJJJJJJJJJJJJJJJJJJJJJJJJJJJJJJJJJJJJJJJJJJJJJJJJJJJJJJJJJJJJJJJJJJJJJJJJJJJJJJJJJJJJJJJJJJJJJJJJJJJJJJJJJJJJJJJJJJJJJJJJJJJJJJJJJJJJJJJJJJJJJJJJJJJJJJJJJJJJJJJJJJJJJJJJJJJJJJJJJJJJJJJJJJJJJJJJJJJJJJJJJJJJJJJJJJJJJJJJJJJJJJJJJJJJJJJJJJJJJJJJJJJJJJJJJJJJJJJJJJJJJJJJJJJJJJJJJJJJJJJJJJJJJJJJJJJJJJJJJJJJJJJJJJJJJJJJJJJJJJJJJJJJJJJJJJJJJJJJJJJJJJJJJJJJJJJJJJJJJJJJJJJJJJJJJJJJJJJJJJJJJJJJJJJJJJJJJJJJJJJJJJJJJJJJJJJJJJJJJJJJJJJJJJJJJJJJJJJJJJJJJJJJJJJJJJJJJJJJJJJJJJJJJJJJJJJJJJJJJJJJJJJJJJJJJJJJJJJJJJJJJJJJJJJJJJJJJJJJJJJJJJJJJJJJJJJJJJJJJJJJJJJJJJJJJJJJJJJJJJJJJJJJJJJJJJJJJJJJJJJJJJJJJJJJJJJJJJJJJJJJJJJJJJJJJJJJJJJJJJJJJJJJJJJJJJJJJJJJJJJJJJJJJJJJJJJJJJJJJJJJJJJJJJJJJJJJJJJJJJJJJJJJJJJJJJ",
    "ttl": 300
  },
  {
    "name": "foobt.example.com.",
    "type": "TXT",
    "content": "blah`blah",
    "ttl": 300
  },
  {
    "name": "foodq.example.com.",
    "type": "TXT",
    "content": "in\"side",
    "ttl": 300
  },
  {
    "name": "foodqs.example.com.",
    "type": "TXT",
    "content": "\"left",
    "ttl": 300
  },
  {
    "name": "foodqs.example.com.",
    "type": "TXT",
    "content": "in\"ter\"ior",
    "ttl": 300
  },
  {
    "name": "foodqs.example.com.",
    "type": "TXT",
    "content": "right\"",
    "ttl": 300
  },
  {
    "name": "fooosbs1.example.com.",
    "type": "TXT",
    "content": "1back\\slash",
    "ttl": 300
  },
  {
    "name": "fooosbs2.example.com.",
    "type": "TXT",
    "content": "2back\\\\slash",
    "ttl": 300
  },
  {
    "name": "fooosbs3.example.com.",
    "type": "TXT",
    "content": "3back\\\\\\slash",
    "ttl": 300
  },
  {
    "name": "fooosbs4.example.com.",
    "type": "TXT",
    "content": "4back\\\\\\\\slash",
    "ttl": 300
  },
  {
    "name": "foosc1.example.com.",
    "type": "TXT",
    "content": "semi;colon",
    "ttl": 300
  },
  {
    "name": "foosc2.example.com.",
    "type": "TXT",
    "content": "wssemi ; colon",
    "ttl": 300
  },
  {
    "name": "foosp.example.com.",
    "type": "TXT",
    "content": "with spaces",
    "ttl": 300
  },
  {
    "name": "foosq.example.com.",
    "type": "TXT",
    "content": "quo'te",
    "ttl": 300
  },
  {
    "name": "foows1.example.com.",
    "type": "TXT",
    "content": "trailingws ",
    "ttl": 300
  },
  {
    "name": "mail.example.com.",
    "type": "CNAME",
    "content": "ghs.googlehosted.com.",
    "ttl": 300
  },
  {
    "name": "mail.bat.example.com.",
    "type": "CNAME",
    "content": "ghs.googlehosted.com.",
    "ttl": 300
  },
  {
    "name": "nmx.example.com.",
    "type": "A",
    "content": "1.2.3.3",
    "ttl": 300
  },
  {
    "name": "nmx.example.com.",
    "type": "MX",
    "content": "0 .",
    "ttl": 300
  },
  {
    "name": "nmx.example.com.",
    "type": "MX",
    "content": "3 nmx.dnscontroltest-luadns.com.",
    "ttl": 300
  },
  {
    "name": "nmx.example.com.",
    "type": "MX",
    "content": "9 www.dnscontroltest-luadns.com.",
    "ttl": 300
  },
  {
    "name": "pager101-rec0000.example.com.",
    "type": "A",
    "content": "1.2.3.4",
    "ttl": 300
  },
  {
    "name": "pager101-rec0001.example.com.",
    "type": "A",
    "content": "1.2.3.4",
    "ttl": 300
  },
  {
    "name": "pager101-rec0002.example.com.",
    "type": "A",
    "content": "1.2.3.4",
    "ttl": 300
  },
  {
    "name": "pager101-rec0003.example.com.",
    "type": "A",
    "content": "1.2.3.4",
    "ttl": 300
  },
  {
    "name": "pager101-rec0004.example.com.",
    "type": "A",
    "content": "1.2.3.4",
    "ttl": 300
  },
  {
    "name": "pager101-rec0005.example.com.",
    "type": "A",
    "content": "1.2.3.4",
    "ttl": 300
  },
  {
    "name": "pager101-rec0006.example.com.",
    "type": "A",
    "content": "1.2.3.4",
    "ttl": 300
  },
  {
    "name": "pager101-rec0007.example.com.",
    "type": "A",
    "content": "1.2.3.4",
    "ttl": 300
  },
  {
    "name": "pager101-rec0008.example.com.",
    "type": "A",
    "content": "1.2.3.4",
    "ttl": 300
  },
  {
    "name": "pager101-rec0009.example.com.",
    "type": "A",
    "content": "1.2.3.4",
    "ttl": 300
  },
  {
    "name": "pager101-rec0010.example.com.",
    "type": "A",
    "content": "1.2.3.4",
    "ttl": 300
  },
  {
    "name": "pager101-rec0011.example.com.",
    "type": "A",
    "content": "1.2.3.4",
    "ttl": 300
  },
  {
    "name": "pager101-rec0012.example.com.",
    "type": "A",
    "content": "1.2.3.4",
    "ttl": 300
  },
  {
    "name": "pager101-rec0013.example.com.",
    "type": "A",
    "content": "1.2.3.4",
    "ttl": 300
  },
  {
    "name": "pager101-rec0014.example.com.",
    "type": "A",
    "content": "1.2.3.4",
    "ttl": 300
  },
  {
    "name": "pager101-rec0015.example.com.",
    "type": "A",
    "content": "1.2.3.4",
    "ttl": 300
  },
  {
    "name": "pager101-rec0016.example.com.",
    "type": "A",
    "content": "1.2.3.4",
    "ttl": 300
  },
  {
    "name": "pager101-rec0017.example.com.",
    "type": "A",
    "content": "1.2.3.4",
    "ttl": 300
  },
  {
    "name": "pager101-rec0018.example.com.",
    "type": "A",
    "content": "1.2.3.4",
    "ttl": 300
  },
  {
    "name": "pager101-rec0019.example.com.",
    "type": "A",
    "content": "1.2.3.4",
    "ttl": 300
  },
  {
    "name": "pager101-rec0020.example.com.",
    "type": "A",
    "content": "1.2.3.4",
    "ttl": 300
  },
  {
    "name": "pager101-rec0021.example.com.",
    "type": "A",
    "content": "1.2.3.4",
    "ttl": 300
  },
  {
    "name": "pager101-rec0022.example.com.",
    "type": "A",
    "content": "1.2.3.4",
    "ttl": 300
  },
  {
    "name": "pager101-rec0023.example.com.",
    "type": "A",
    "content": "1.2.3.4",
    "ttl": 300
  },
  {
    "name": "pager101-rec0024.example.com.",
    "type": "A",
    "content": "1.2.3.4",
    "ttl": 300
  },
  {
    "name": "pager101-rec0025.example.com.",
    "type": "A",
    "content": "1.2.3.4",
    "ttl": 300
  },
  {
    "name": "pager101-rec0026.example.com.",
    "type": "A",
    "content": "1.2.3.4",
    "ttl": 300
  },
  {
    "name": "pager101-rec0027.example.com.",
    "type": "A",
    "content": "1.2.3.4",
    "ttl": 300
  },
  {
    "name": "pager101-rec0028.example.com.",
    "type": "A",
    "content": "1.2.3.4",
    "ttl": 300
  },
  {
    "name": "pager101-rec0029.example.com.",
    "type": "A",
    "content": "1.2.3.4",
    "ttl": 300
  },
  {
    "name": "pager101-rec0030.example.com.",
    "type": "A",
    "content": "1.2.3.4",
    "ttl": 300
  },
  {
    "name": "pager101-rec0031.example.com.",
    "type": "A",
    "content": "1.2.3.4",
    "ttl": 300
  },
  {
    "name": "pager101-rec0032.example.com.",
    "type": "A",
    "content": "1.2.3.4",
    "ttl": 300
  },
  {
    "name": "pager101-rec0033.example.com.",
    "type": "A",
    "content": "1.2.3.4",
    "ttl": 300
  },
  {
    "name": "pager101-rec0034.example.com.",
    "type": "A",
    "content": "1.2.3.4",
    "ttl": 300
  },
  {
    "name": "pager101-rec0035.example.com.",
    "type": "A",
    "content": "1.2.3.4",
    "ttl": 300
  },
  {
    "name": "pager101-rec0036.example.com.",
    "type": "A",
    "content": "1.2.3.4",
    "ttl": 300
  },
  {
    "name": "pager101-rec0037.example.com.",
    "type": "A",
    "content": "1.2.3.4",
    "ttl": 300
  },
  {
    "name": "pager101-rec0038.example.com.",
    "type": "A",
    "content": "1.2.3.4",
    "ttl": 300
  },
  {
    "name": "pager101-rec0039.example.com.",
    "type": "A",
    "content": "1.2.3.4",
    "ttl": 300
  },
  {
    "name": "pager101-rec0040.example.com.",
    "type": "A",
    "content": "1.2.3.4",
    "ttl": 300
  },
  {
    "name": "pager101-rec0041.example.com.",
    "type": "A",
    "content": "1.2.3.4",
    "ttl": 300
  },
  {
    "name": "pager101-rec0042.example.com.",
    "type": "A",
    "content": "1.2.3.4",
    "ttl": 300
  },
  {
    "name": "pager101-rec0043.example.com.",
    "type": "A",
    "content": "1.2.3.4",
    "ttl": 300
  },
  {
    "name": "pager101-rec0044.example.com.",
    "type": "A",
    "content": "1.2.3.4",
    "ttl": 300
  },
  {
    "name": "pager101-rec0045.example.com.",
    "type": "A",
    "content": "1.2.3.4",
    "ttl": 300
  },
  {
    "name": "pager101-rec0046.example.com.",
    "type": "A",
    "content": "1.2.3.4",
    "ttl": 300
  },
  {
    "name": "pager101-rec0047.example.com.",
    "type": "A",
    "content": "1.2.3.4",
    "ttl": 300
  },
  {
    "name": "pager101-rec0048.example.com.",
    "type": "A",
    "content": "1.2.3.4",
    "ttl": 300
  },
  {
    "name": "pager101-rec0049.example.com.",
    "type": "A",
    "content": "1.2.3.4",
    "ttl": 300
  },
  {
    "name": "pager101-rec0050.example.com.",
    "type": "A",
    "content": "1.2.3.4",
    "ttl": 300
  },
  {
    "name": "pager101-rec0051.example.com.",
    "type": "A",
    "content": "1.2.3.4",
    "ttl": 300
  },
  {
    "name": "pager101-rec0052.example.com.",
    "type": "A",
    "content": "1.2.3.4",
    "ttl": 300
  },
  {
    "name": "pager101-rec0053.example.com.",
    "type": "A",
    "content": "1.2.3.4",
    "ttl": 300
  },
  {
    "name": "pager101-rec0054.example.com.",
    "type": "A",
    "content": "1.2.3.4",
    "ttl": 300
  },
  {
    "name": "pager101-rec0055.example.com.",
    "type": "A",
    "content": "1.2.3.4",
    "ttl": 300
  },
  {
    "name": "pager101-rec0056.example.com.",
    "type": "A",
    "content": "1.2.3.4",
    "ttl": 300
  },
  {
    "name": "pager101-rec0057.example.com.",
    "type": "A",
    "content": "1.2.3.4",
    "ttl": 300
  },
  {
    "name": "pager101-rec0058.example.com.",
    "type": "A",
    "content": "1.2.3.4",
    "ttl": 300
  },
  {
    "name": "pager101-rec0059.example.com.",
    "type": "A",
    "content": "1.2.3.4",
    "ttl": 300
  },
  {
    "name": "pager101-rec0060.example.com.",
    "type": "A",
    "content": "1.2.3.4",
    "ttl": 300
  },
  {
    "name": "pager101-rec0061.example.com.",
    "type": "A",
    "content": "1.2.3.4",
    "ttl": 300
  },
  {
    "name": "pager101-rec0062.example.com.",
    "type": "A",
    "content": "1.2.3.4",
    "ttl": 300
  },
  {
    "name": "pager101-rec0063.example.com.",
    "type": "A",
    "content": "1.2.3.4",
    "ttl": 300
  },
  {
    "name": "pager101-rec0064.example.com.",
    "type": "A",
    "content": "1.2.3.4",
    "ttl": 300
  },
  {
    "name": "pager101-rec0065.example.com.",
    "type": "A",
    "content": "1.2.3.4",
    "ttl": 300
  },
  {
    "name": "pager101-rec0066.example.com.",
    "type": "A",
    "content": "1.2.3.4",
    "ttl": 300
  },
  {
    "name": "pager101-rec0067.example.com.",
    "type": "A",
    "content": "1.2.3.4",
    "ttl": 300
  },
  {
    "name": "pager101-rec0068.example.com.",
    "type": "A",
    "content": "1.2.3.4",
    "ttl": 300
  },
  {
    "name": "pager101-rec0069.example.com.",
    "type": "A",
    "content": "1.2.3.4",
    "ttl": 300
  },
  {
    "name": "pager101-rec0070.example.com.",
    "type": "A",
    "content": "1.2.3.4",
    "ttl": 300
  },
  {
    "name": "pager101-rec0071.example.com.",
    "type": "A",
    "content": "1.2.3.4",
    "ttl": 300
  },
  {
    "name": "pager101-rec0072.example.com.",
    "type": "A",
    "content": "1.2.3.4",
    "ttl": 300
  },
  {
    "name": "pager101-rec0073.example.com.",
    "type": "A",
    "content": "1.2.3.4",
    "ttl": 300
  },
  {
    "name": "pager101-rec0074.example.com.",
    "type": "A",
    "content": "1.2.3.4",
    "ttl": 300
  },
  {
    "name": "pager101-rec0075.example.com.",
    "type": "A",
    "content": "1.2.3.4",
    "ttl": 300
  },
  {
    "name": "pager101-rec0076.example.com.",
    "type": "A",
    "content": "1.2.3.4",
    "ttl": 300
  },
  {
    "name": "pager101-rec0077.example.com.",
    "type": "A",
    "content": "1.2.3.4",
    "ttl": 300
  },
  {
    "name": "pager101-rec0078.example.com.",
    "type": "A",
    "content": "1.2.3.4",
    "ttl": 300
  },
  {
    "name": "pager101-rec0079.example.com.",
    "type": "A",
    "content": "1.2.3.4",
    "ttl": 300
  },
  {
    "name": "pager101-rec0080.example.com.",
    "type": "A",
    "content": "1.2.3.4",
    "ttl": 300
  },
  {
    "name": "pager101-rec0081.example.com.",
    "type": "A",
    "content": "1.2.3.4",
    "ttl": 300
  },
  {
    "name": "pager101-rec0082.example.com.",
    "type": "A",
    "content": "1.2.3.4",
    "ttl": 300
  },
  {
    "name": "pager101-rec0083.example.com.",
    "type": "A",
    "content": "1.2.3.4",
    "ttl": 300
  },
  {
    "name": "pager101-rec0084.example.com.",
    "type": "A",
    "content": "1.2.3.4",
    "ttl": 300
  },
  {
    "name": "pager101-rec0085.example.com.",
    "type": "A",
    "content": "1.2.3.4",
    "ttl": 300
  },
  {
    "name": "pager101-rec0086.example.com.",
    "type": "A",
    "content": "1.2.3.4",
    "ttl": 300
  },
  {
    "name": "pager101-rec0087.example.com.",
    "type": "A",
    "content": "1.2.3.4",
    "ttl": 300
  },
  {
    "name": "pager101-rec0088.example.com.",
    "type": "A",
    "content": "1.2.3.4",
    "ttl": 300
  },
  {
    "name": "pager101-rec0089.example.com.",
    "type": "A",
    "content": "1.2.3.4",
    "ttl": 300
  },
  {
    "name": "pager101-rec0090.example.com.",
    "type": "A",
    "content": "1.2.3.4",
    "ttl": 300
  },
  {
    "name": "pager101-rec0091.example.com.",
    "type": "A",
    "content": "1.2.3.4",
    "ttl": 300
  },
  {
    "name": "pager101-rec0092.example.com.",
    "type": "A",
    "content": "1.2.3.4",
    "ttl": 300
  },
  {
    "name": "pager101-rec0093.example.com.",
    "type": "A",
    "content": "1.2.3.4",
    "ttl": 300
  },
  {
    "name": "pager101-rec0094.example.com.",
    "type": "A",
    "content": "1.2.3.4",
    "ttl": 300
  },
  {
    "name": "pager101-rec0095.example.com.",
    "type": "A",
    "content": "1.2.3.4",
    "ttl": 300
  },
  {
    "name": "pager101-rec0096.example.com.",
    "type": "A",
    "content": "1.2.3.4",
    "ttl": 300
  },
  {
    "name": "pager101-rec0097.example.com.",
    "type": "A",
    "content": "1.2.3.4",
    "ttl": 300
  },
  {
    "name": "pager101-rec0098.example.com.",
    "type": "A",
    "content": "1.2.3.4",
    "ttl": 300
  },
  {
    "name": "pager101-rec0099.example.com.",
    "type": "A",
    "content": "1.2.3.4",
    "ttl": 300
  },
  {
    "name": "pager101-rec0100.example.com.",
    "type": "A",
    "content": "1.2.3.4",
    "ttl": 300
  },
  {
    "name": "test.example.com.",
    "type": "ALIAS",
    "content": "foo.com.",
    "ttl": 300
  },
  {
    "name": "test.example.com.",
    "type": "ALIAS",
    "content": "foo2.com.",
    "ttl": 300
  },
  {
    "name": "testa.example.com.",
    "type": "A",
    "content": "1.1.1.1",
    "ttl": 300
  },
  {
    "name": "testa.example.com.",
    "type": "A",
    "content": "3.3.3.3",
    "ttl": 300
  },
  {
    "name": "testa.example.com.",
    "type": "A",
    "content": "1.1.1.1",
    "ttl": 333
  },
  {
    "name": "testa.example.com.",
    "type": "A",
    "content": "1.1.1.1",
    "ttl": 999
  },
  {
    "name": "testaaaa.example.com.",
    "type": "AAAA",
    "content": "2607:f8b0:4006:820::2006",
    "ttl": 300
  },
  {
    "name": "testaaaa.example.com.",
    "type": "AAAA",
    "content": "2607:f8b0:4006:820::2013",
    "ttl": 300
  },
  {
    "name": "testcname.example.com.",
    "type": "CNAME",
    "content": "foo.dnscontroltest-luadns.com.",
    "ttl": 300
  },
  {
    "name": "testcname.example.com.",
    "type": "CNAME",
    "content": "www.google.com.",
    "ttl": 300
  },
  {
    "name": "testcname.example.com.",
    "type": "CNAME",
    "content": "www.yahoo.com.",
    "ttl": 300
  },
  {
    "name": "testdefined.example.com.",
    "type": "A",
    "content": "2.2.2.2",
    "ttl": 300
  },
  {
    "name": "testdefined.example.com.",
    "type": "A",
    "content": "9.9.9.9",
    "ttl": 300
  },
  {
    "name": "testignore.example.com.",
    "type": "A",
    "content": "8.8.8.8",
    "ttl": 300
  },
  {
    "name": "testmx.example.com.",
    "type": "MX",
    "content": "100 bar.com.",
    "ttl": 300
  },
  {
    "name": "testmx.example.com.",
    "type": "MX",
    "content": "100 foo.com.",
    "ttl": 300
  },
  {
    "name": "testmx.example.com.",
    "type": "MX",
    "content": "5 bar.com.",
    "ttl": 300
  },
  {
    "name": "testmx.example.com.",
    "type": "MX",
    "content": "5 foo.com.",
    "ttl": 300
  },
  {
    "name": "testtxt.example.com.",
    "type": "TXT",
    "content": "changed",
    "ttl": 300
  },
  {
    "name": "testtxt.example.com.",
    "type": "TXT",
    "content": "simple",
    "ttl": 300
  },
  {
    "name": "www.example.com.",
    "type": "A",
    "content": "1.1.1.1",
    "ttl": 300
  },
  {
    "name": "www.example.com.",
    "type": "A",
    "content": "1.2.3.4",
    "ttl": 300
  },
  {
    "name": "www.example.com.",
    "type": "A",
    "content": "1.2.3.8",
    "ttl": 300
  },
  {
    "name": "www.example.com.",
    "type": "A",
    "content": "1.2.3.9",
    "ttl": 300
  },
  {
    "name": "www.example.com.",
    "type": "A",
    "content": "2.2.2.2",
    "ttl": 300
  },
  {
    "name": "www.example.com.",
    "type": "A",
    "content": "3.3.3.3",
    "ttl": 300
  },
  {
    "name": "www.example.com.",
    "type": "A",
    "content": "5.5.5.5",
    "ttl": 300
  },
  {
    "name": "www.example.com.",
    "type": "A",
    "content": "5.6.7.8",
    "ttl": 300
  },
  {
    "name": "www.example.com.",
    "type": "A",
    "content": "2.2.2.2",
    "ttl": 400
  },
  {
    "name": "www.example.com.",
    "type": "A",
    "content": "5.6.7.8",
    "ttl": 400
  },
  {
    "name": "www.example.com.",
    "type": "A",
    "content": "1.2.3.4",
    "ttl": 700
  },
  {
    "name": "www.example.com.",
    "type": "A",
    "content": "5.6.7.8",
    "ttl": 700
  },
  {
    "name": "xn--fiq228c.example.com.",
    "type": "A",
    "content": "1.2.3.4",
    "ttl": 300
  },
  {
    "name": "xn--ndaaa.example.com.",
    "type": "A",
    "content": "1.2.3.4",
    "ttl": 300
  },
  {
    "name": "xn--ndaaa.example.com.",
    "type": "A",
    "content": "2.2.2.2",
    "ttl": 300
  },
  {
    "name": "xn--o-0gab.example.com.",
    "type": "CNAME",
    "content": "xn--ndaaa.xn--vhquv.",
    "ttl": 300
  },
  {
    "name": "xyz.example.com.",
    "type": "NS",
    "content": "ns1.foo.com.",
    "ttl": 300
  },
  {
    "name": "xyz.example.com.",
    "type": "NS",
    "content": "ns2.foo.com.",
    "ttl": 300
  },
  {
    "name": "zzz.example.com.",
    "type": "A",
    "content": "3.3.3.3",
    "ttl": 300
  },
  {
    "name": "zzz.example.com.",
    "type": "A",
    "content": "4.4.4.4",
    "ttl": 300
  },
  {
    "name": "zzz.example.com.",
    "type": "AAAA",
    "content": "2003:dd:d7ff::fe71:cccc",
    "ttl": 300
  }
]
